Component: ARM Compiler 5.06 update 4 (build 422) Tool: armlink [4d35d2]

==============================================================================

Section Cross References

    main.o(.text) refers to misc.o(.text) for NVIC_PriorityGroupConfig
    main.o(.text) refers to usart.o(.text) for uart1_init
    main.o(.text) refers to can.o(.text) for CAN1_Mode_Init
    main.o(.text) refers to noretval__2printf.o(.text) for __2printf
    can.o(.text) refers to stm32f4xx_rcc.o(.text) for RCC_AHB1PeriphClockCmd
    can.o(.text) refers to stm32f4xx_gpio.o(.text) for GPIO_PinAFConfig
    can.o(.text) refers to misc.o(.text) for NVIC_Init
    can.o(.text) refers to stm32f4xx_can.o(.text) for CAN_DeInit
    can.o(.text) refers to can.o(.bss) for CAN2_receive_buf
    usart.o(.text) refers to stm32f4xx_rcc.o(.text) for RCC_AHB1PeriphClockCmd
    usart.o(.text) refers to stm32f4xx_gpio.o(.text) for GPIO_PinAFConfig
    usart.o(.text) refers to stm32f4xx_usart.o(.text) for USART_DeInit
    usart.o(.text) refers to misc.o(.text) for NVIC_Init
    usart.o(.text) refers to stm32f4xx_dma.o(.text) for DMA_DeInit
    usart.o(.text) refers to usart.o(.bss) for _USART1_DMA_RX_BUF
    usart.o(.text) refers to usart.o(.data) for this_time_rx_len
    led.o(.text) refers to stm32f4xx_rcc.o(.text) for RCC_AHB1PeriphClockCmd
    led.o(.text) refers to stm32f4xx_gpio.o(.text) for GPIO_Init
    startup_stm32f40_41xxx.o(STACK) refers (Special) to heapauxi.o(.text) for __use_two_region_memory
    startup_stm32f40_41xxx.o(HEAP) refers (Special) to heapauxi.o(.text) for __use_two_region_memory
    startup_stm32f40_41xxx.o(RESET) refers (Special) to heapauxi.o(.text) for __use_two_region_memory
    startup_stm32f40_41xxx.o(RESET) refers to startup_stm32f40_41xxx.o(STACK) for __initial_sp
    startup_stm32f40_41xxx.o(RESET) refers to startup_stm32f40_41xxx.o(.text) for Reset_Handler
    startup_stm32f40_41xxx.o(RESET) refers to stm32f4xx_it.o(.text) for NMI_Handler
    startup_stm32f40_41xxx.o(RESET) refers to usart.o(.text) for DMA1_Stream4_IRQHandler
    startup_stm32f40_41xxx.o(RESET) refers to can.o(.text) for CAN1_TX_IRQHandler
    startup_stm32f40_41xxx.o(.text) refers (Special) to heapauxi.o(.text) for __use_two_region_memory
    startup_stm32f40_41xxx.o(.text) refers to system_stm32f4xx.o(.text) for SystemInit
    startup_stm32f40_41xxx.o(.text) refers to __main.o(!!!main) for __main
    startup_stm32f40_41xxx.o(.text) refers to startup_stm32f40_41xxx.o(HEAP) for Heap_Mem
    startup_stm32f40_41xxx.o(.text) refers to startup_stm32f40_41xxx.o(STACK) for Stack_Mem
    stm32f4xx_adc.o(.text) refers to stm32f4xx_rcc.o(.text) for RCC_APB2PeriphResetCmd
    stm32f4xx_can.o(.text) refers to stm32f4xx_rcc.o(.text) for RCC_APB1PeriphResetCmd
    stm32f4xx_cryp.o(.text) refers to stm32f4xx_rcc.o(.text) for RCC_AHB2PeriphResetCmd
    stm32f4xx_cryp_aes.o(.text) refers to stm32f4xx_cryp.o(.text) for CRYP_KeyStructInit
    stm32f4xx_cryp_des.o(.text) refers to stm32f4xx_cryp.o(.text) for CRYP_KeyStructInit
    stm32f4xx_cryp_tdes.o(.text) refers to stm32f4xx_cryp.o(.text) for CRYP_KeyStructInit
    stm32f4xx_dac.o(.text) refers to stm32f4xx_rcc.o(.text) for RCC_APB1PeriphResetCmd
    stm32f4xx_gpio.o(.text) refers to stm32f4xx_rcc.o(.text) for RCC_AHB1PeriphResetCmd
    stm32f4xx_hash.o(.text) refers to stm32f4xx_rcc.o(.text) for RCC_AHB2PeriphResetCmd
    stm32f4xx_hash_md5.o(.text) refers to stm32f4xx_hash.o(.text) for HASH_DeInit
    stm32f4xx_hash_sha1.o(.text) refers to stm32f4xx_hash.o(.text) for HASH_DeInit
    stm32f4xx_i2c.o(.text) refers to stm32f4xx_rcc.o(.text) for RCC_APB1PeriphResetCmd
    stm32f4xx_pwr.o(.text) refers to stm32f4xx_rcc.o(.text) for RCC_APB1PeriphResetCmd
    stm32f4xx_rcc.o(.text) refers to stm32f4xx_rcc.o(.data) for APBAHBPrescTable
    stm32f4xx_rng.o(.text) refers to stm32f4xx_rcc.o(.text) for RCC_AHB2PeriphResetCmd
    stm32f4xx_sdio.o(.text) refers to stm32f4xx_rcc.o(.text) for RCC_APB2PeriphResetCmd
    stm32f4xx_spi.o(.text) refers to stm32f4xx_rcc.o(.text) for RCC_APB2PeriphResetCmd
    stm32f4xx_syscfg.o(.text) refers to stm32f4xx_rcc.o(.text) for RCC_APB2PeriphResetCmd
    stm32f4xx_tim.o(.text) refers to stm32f4xx_rcc.o(.text) for RCC_APB2PeriphResetCmd
    stm32f4xx_usart.o(.text) refers to stm32f4xx_rcc.o(.text) for RCC_APB2PeriphResetCmd
    stm32f4xx_wwdg.o(.text) refers to stm32f4xx_rcc.o(.text) for RCC_APB1PeriphResetCmd
    system_stm32f4xx.o(.text) refers to system_stm32f4xx.o(.data) for SystemCoreClock
    __2printf.o(.text) refers to _printf_char_file.o(.text) for _printf_char_file
    __2printf.o(.text) refers to stdio_streams.o(.bss) for __stdout
    noretval__2printf.o(.text) refers to _printf_char_file.o(.text) for _printf_char_file
    noretval__2printf.o(.text) refers to stdio_streams.o(.bss) for __stdout
    __main.o(!!!main) refers to __rtentry.o(.ARM.Collect$$rtentry$$00000000) for __rt_entry
[...]
    ../clib/assert.c                         0x00000000   Number         0  assert_stdio.o ABSOLUTE
    ../clib/heap1.c                          0x00000000   Number         0  h1_alloc_mt.o ABSOLUTE
    ../clib/heap1.c                          0x00000000   Number         0  h1_free_mt.o ABSOLUTE
    ../clib/heap1.c                          0x00000000   Number         0  h1_alloc.o ABSOLUTE
    ../clib/heap1.c                          0x00000000   Number         0  h1_final_mt.o ABSOLUTE
    ../clib/heap1.c                          0x00000000   Number         0  h1_extend_mt.o ABSOLUTE
    ../clib/heap1.c                          0x00000000   Number         0  h1_init_mt.o ABSOLUTE
    ../clib/heap1.c                          0x00000000   Number         0  h1_free.o ABSOLUTE
    ../clib/heap1.c                          0x00000000   Number         0  h1_init.o ABSOLUTE
    ../clib/heap1.c                          0x00000000   Number         0  h1_extend.o ABSOLUTE
    ../clib/heap1.c                          0x00000000   Number         0  h1_final.o ABSOLUTE
    ../clib/heap2.c                          0x00000000   Number         0  fdtree.o ABSOLUTE
    ../clib/heap2.c                          0x00000000   Number         0  heap2mt.o ABSOLUTE
    ../clib/heap2.c                          0x00000000   Number         0  heap2.o ABSOLUTE
    ../clib/heapalloc.c                      0x00000000   Number         0  maybetermalloc2.o ABSOLUTE
    ../clib/heapalloc.c                      0x00000000   Number         0  maybetermalloc2.o ABSOLUTE
    ../clib/heapalloc.c                      0x00000000   Number         0  maybetermalloc1.o ABSOLUTE
    ../clib/heapalloc.c                      0x00000000   Number         0  free.o ABSOLUTE
    ../clib/heapalloc.c                      0x00000000   Number         0  hrguard.o ABSOLUTE
    ../clib/heapalloc.c                      0x00000000   Number         0  init_alloc.o ABSOLUTE
    ../clib/heapalloc.c                      0x00000000   Number         0  hguard.o ABSOLUTE
    ../clib/heapalloc.c                      0x00000000   Number         0  heapstubs.o ABSOLUTE
    ../clib/heapalloc.c                      0x00000000   Number         0  term_alloc.o ABSOLUTE
    ../clib/heapalloc.c                      0x00000000   Number         0  maybetermalloc1.o ABSOLUTE
    ../clib/heapalloc.c                      0x00000000   Number         0  malloc.o ABSOLUTE
    ../clib/heapaux.c                        0x00000000   Number         0  heapauxi.o ABSOLUTE
    ../clib/heapaux.c                        0x00000000   Number         0  heapauxa.o ABSOLUTE
    ../clib/libinit.s                        0x00000000   Number         0  libshutdown2.o ABSOLUTE
    ../clib/libinit.s                        0x00000000   Number         0  libinit2.o ABSOLUTE
    ../clib/libinit.s                        0x00000000   Number         0  libinit.o ABSOLUTE
    ../clib/libinit.s                        0x00000000   Number         0  libshutdown.o ABSOLUTE
    ../clib/memcpset.s                       0x00000000   Number         0  rt_memcpy_w.o ABSOLUTE
    ../clib/memcpset.s                       0x00000000   Number         0  rt_memclr_w.o ABSOLUTE
    ../clib/memcpset.s                       0x00000000   Number         0  rt_memcpy_v6.o ABSOLUTE
    ../clib/printf.c                         0x00000000   Number         0  _printf_char_common.o ABSOLUTE
    ../clib/printf.c                         0x00000000   Number         0  _printf_char_file.o ABSOLUTE
    ../clib/printf.c                         0x00000000   Number         0  noretval__2printf.o ABSOLUTE
    ../clib/printf.c                         0x00000000   Number         0  _printf_char_file_locked.o ABSOLUTE
    ../clib/printf.c                         0x00000000   Number         0  __2printf.o ABSOLUTE
    ../clib/printf.c                         0x00000000   Number         0  __printf_nopercent.o ABSOLUTE
    ../clib/signal.c                         0x00000000   Number         0  defsig_rtmem_formal.o ABSOLUTE
    ../clib/signal.c                         0x00000000   Number         0  defsig_rtmem_outer.o ABSOLUTE
    ../clib/signal.c                         0x00000000   Number         0  __raise.o ABSOLUTE
    ../clib/signal.c                         0x00000000   Number         0  defsig_rtred_formal.o ABSOLUTE
    ../clib/signal.c                         0x00000000   Number         0  defsig_rtred_outer.o ABSOLUTE
    ../clib/signal.c                         0x00000000   Number         0  defsig_general.o ABSOLUTE
    ../clib/signal.c                         0x00000000   Number         0  defsig_rtred_inner.o ABSOLUTE
    ../clib/signal.c                         0x00000000   Number         0  defsig_abrt_inner.o ABSOLUTE
    ../clib/signal.c                         0x00000000   Number         0  defsig_rtmem_inner.o ABSOLUTE
    ../clib/signal.c                         0x00000000   Number         0  defsig_stak_inner.o ABSOLUTE
    ../clib/signal.c                         0x00000000   Number         0  defsig_pvfn_inner.o ABSOLUTE
    ../clib/signal.c                         0x00000000   Number         0  defsig_cppl_inner.o ABSOLUTE
    ../clib/signal.c                         0x00000000   Number         0  defsig_segv_inner.o ABSOLUTE
    ../clib/signal.c                         0x00000000   Number         0  defsig_other.o ABSOLUTE
    ../clib/signal.c                         0x00000000   Number         0  defsig_exit.o ABSOLUTE
    ../clib/signal.c                         0x00000000   Number         0  defsig_fpe_inner.o ABSOLUTE
    ../clib/signal.s                         0x00000000   Number         0  defsig.o ABSOLUTE
    ../clib/stdio.c                          0x00000000   Number         0  initio_locked.o ABSOLUTE
    ../clib/stdio.c                          0x00000000   Number         0  fopen_locked.o ABSOLUTE
    ../clib/stdio.c                          0x00000000   Number         0  setvbuf_locked.o ABSOLUTE
    ../clib/stdio.c                          0x00000000   Number         0  fopen.o ABSOLUTE
    ../clib/stdio.c                          0x00000000   Number         0  flsbuf.o ABSOLUTE
    ../clib/stdio.c                          0x00000000   Number         0  streamlock.o ABSOLUTE
    ../clib/stdio.c                          0x00000000   Number         0  fputs_locked.o ABSOLUTE
    ../clib/stdio.c                          0x00000000   Number         0  ftell.o ABSOLUTE
    ../clib/stdio.c                          0x00000000   Number         0  fputs.o ABSOLUTE
    ../clib/stdio.c                          0x00000000   Number         0  fflush.o ABSOLUTE
    ../clib/stdio.c                          0x00000000   Number         0  stdio_streams.o ABSOLUTE
    ../clib/stdio.c                          0x00000000   Number         0  fwritefast_locked.o ABSOLUTE
    ../clib/stdio.c                          0x00000000   Number         0  setvbuf.o ABSOLUTE
    ../clib/stdio.c                          0x00000000   Number         0  fclose.o ABSOLUTE
    ../clib/stdio.c                          0x00000000   Number         0  fwritefast.o ABSOLUTE
    ../clib/stdio.c                          0x00000000   Number         0  stdio.o ABSOLUTE
    ../clib/stdio.c                          0x00000000   Number         0  fflush_locked.o ABSOLUTE
    ../clib/stdio.c                          0x00000000   Number         0  fseek.o ABSOLUTE
    ../clib/stdio.c                          0x00000000   Number         0  ferror.o ABSOLUTE
    ../clib/stdio.c                          0x00000000   Number         0  fputc.o ABSOLUTE
    ../clib/stdio.c                          0x00000000   Number         0  initio.o ABSOLUTE
    ../clib/stdio.c                          0x00000000   Number         0  fputc_locked.o ABSOLUTE
    ../clib/stdio.c                          0x00000000   Number         0  ferror_locked.o ABSOLUTE
    ../clib/stdlib.c                         0x00000000   Number         0  exit.o ABSOLUTE
    ../clib/string.c                         0x00000000   Number         0  strlen.o ABSOLUTE
    ../clib/wchar.c                          0x00000000   Number         0  flsbuf_fwide.o ABSOLUTE
    ../fplib/fpinit.s                        0x00000000   Number         0  fpinit.o ABSOLUTE
    ..\CORE\startup_stm32f40_41xxx.s         0x00000000   Number         0  startup_stm32f40_41xxx.o ABSOLUTE
    ..\HARDWARE\CAN\can.c                    0x00000000   Number         0  can.o ABSOLUTE
    ..\HARDWARE\LED\led.c                    0x00000000   Number         0  led.o ABSOLUTE
    ..\HARDWARE\usart\Scr\usart.c            0x00000000   Number         0  usart.o ABSOLUTE
    ..\STLibraries\Scr\misc.c                0x00000000   Number         0  misc.o ABSOLUTE
    ..\STLibraries\Scr\stm32f4xx_adc.c       0x00000000   Number         0  stm32f4xx_adc.o ABSOLUTE
    ..\STLibraries\Scr\stm32f4xx_can.c       0x00000000   Number         0  stm32f4xx_can.o ABSOLUTE
    ..\STLibraries\Scr\stm32f4xx_crc.c       0x00000000   Number         0  stm32f4xx_crc.o ABSOLUTE
    ..\STLibraries\Scr\stm32f4xx_cryp.c      0x00000000   Number         0  stm32f4xx_cryp.o ABSOLUTE
    ..\STLibraries\Scr\stm32f4xx_cryp_aes.c  0x00000000   Number         0  stm32f4xx_cryp_aes.o ABSOLUTE
    ..\STLibraries\Scr\stm32f4xx_cryp_des.c  0x00000000   Number         0  stm32f4xx_cryp_des.o ABSOLUTE
    ..\STLibraries\Scr\stm32f4xx_cryp_tdes.c 0x00000000   Number         0  stm32f4xx_cryp_tdes.o ABSOLUTE
    ..\STLibraries\Scr\stm32f4xx_dac.c       0x00000000   Number         0  stm32f4xx_dac.o ABSOLUTE
    ..\STLibraries\Scr\stm32f4xx_dbgmcu.c    0x00000000   Number         0  stm32f4xx_dbgmcu.o ABSOLUTE
    ..\STLibraries\Scr\stm32f4xx_dcmi.c      0x00000000   Number         0  stm32f4xx_dcmi.o ABSOLUTE
    ..\STLibraries\Scr\stm32f4xx_dma.c       0x00000000   Number         0  stm32f4xx_dma.o ABSOLUTE
    ..\STLibraries\Scr\stm32f4xx_exti.c      0x00000000   Number         0  stm32f4xx_exti.o ABSOLUTE
    ..\STLibraries\Scr\stm32f4xx_flash.c     0x00000000   Number         0  stm32f4xx_flash.o ABSOLUTE
    ..\STLibraries\Scr\stm32f4xx_fsmc.c      0x00000000   Number         0  stm32f4xx_fsmc.o ABSOLUTE
    ..\STLibraries\Scr\stm32f4xx_gpio.c      0x00000000   Number         0  stm32f4xx_gpio.o ABSOLUTE
    ..\STLibraries\Scr\stm32f4xx_hash.c      0x00000000   Number         0  stm32f4xx_hash.o ABSOLUTE
    ..\STLibraries\Scr\stm32f4xx_hash_md5.c  0x00000000   Number         0  stm32f4xx_hash_md5.o ABSOLUTE
    ..\STLibraries\Scr\stm32f4xx_hash_sha1.c 0x00000000   Number         0  stm32f4xx_hash_sha1.o ABSOLUTE
    ..\STLibraries\Scr\stm32f4xx_i2c.c       0x00000000   Number         0  stm32f4xx_i2c.o ABSOLUTE
    ..\STLibraries\Scr\stm32f4xx_iwdg.c      0x00000000   Number         0  stm32f4xx_iwdg.o ABSOLUTE
    ..\STLibraries\Scr\stm32f4xx_pwr.c       0x00000000   Number         0  stm32f4xx_pwr.o ABSOLUTE
    ..\STLibraries\Scr\stm32f4xx_rcc.c       0x00000000   Number         0  stm32f4xx_rcc.o ABSOLUTE
    ..\STLibraries\Scr\stm32f4xx_rng.c       0x00000000   Number         0  stm32f4xx_rng.o ABSOLUTE
    ..\STLibraries\Scr\stm32f4xx_rtc.c       0x00000000   Number         0  stm32f4xx_rtc.o ABSOLUTE
    ..\STLibraries\Scr\stm32f4xx_sdio.c      0x00000000   Number         0  stm32f4xx_sdio.o ABSOLUTE
    ..\STLibraries\Scr\stm32f4xx_spi.c       0x00000000   Number         0  stm32f4xx_spi.o ABSOLUTE
    ..\STLibraries\Scr\stm32f4xx_syscfg.c    0x00000000   Number         0  stm32f4xx_syscfg.o ABSOLUTE
    ..\STLibraries\Scr\stm32f4xx_tim.c       0x00000000   Number         0  stm32f4xx_tim.o ABSOLUTE
    ..\STLibraries\Scr\stm32f4xx_usart.c     0x00000000   Number         0  stm32f4xx_usart.o ABSOLUTE
    ..\STLibraries\Scr\stm32f4xx_wwdg.c      0x00000000   Number         0  stm32f4xx_wwdg.o ABSOLUTE
    ..\STLibraries\Scr\system_stm32f4xx.c    0x00000000   Number         0  system_stm32f4xx.o ABSOLUTE
    ..\\HARDWARE\\CAN\\can.c                 0x00000000   Number         0  can.o ABSOLUTE
    ..\\HARDWARE\\LED\\led.c                 0x00000000   Number         0  led.o ABSOLUTE
    ..\\HARDWARE\\usart\\Scr\\usart.c        0x00000000   Number         0  usart.o ABSOLUTE
    ..\\STLibraries\\Scr\\misc.c             0x00000000   Number         0  misc.o ABSOLUTE
    ..\\STLibraries\\Scr\\stm32f4xx_adc.c    0x00000000   Number         0  stm32f4xx_adc.o ABSOLUTE
    ..\\STLibraries\\Scr\\stm32f4xx_can.c    0x00000000   Number         0  stm32f4xx_can.o ABSOLUTE
    ..\\STLibraries\\Scr\\stm32f4xx_crc.c    0x00000000   Number         0  stm32f4xx_crc.o ABSOLUTE
    ..\\STLibraries\\Scr\\stm32f4xx_cryp.c   0x00000000   Number         0  stm32f4xx_cryp.o ABSOLUTE
    ..\\STLibraries\\Scr\\stm32f4xx_cryp_aes.c 0x00000000   Number         0  stm32f4xx_cryp_aes.o ABSOLUTE
    ..\\STLibraries\\Scr\\stm32f4xx_cryp_des.c 0x00000000   Number         0  stm32f4xx_cryp_des.o ABSOLUTE
    ..\\STLibraries\\Scr\\stm32f4xx_cryp_tdes.c 0x00000000   Number         0  stm32f4xx_cryp_tdes.o ABSOLUTE
    ..\\STLibraries\\Scr\\stm32f4xx_dac.c    0x00000000   Number         0  stm32f4xx_dac.o ABSOLUTE
    ..\\STLibraries\\Scr\\stm32f4xx_dbgmcu.c 0x00000000   Number         0  stm32f4xx_dbgmcu.o ABSOLUTE
    ..\\STLibraries\\Scr\\stm32f4xx_dcmi.c   0x00000000   Number         0  stm32f4xx_dcmi.o ABSOLUTE
    ..\\STLibraries\\Scr\\stm32f4xx_dma.c    0x00000000   Number         0  stm32f4xx_dma.o ABSOLUTE
    ..\\STLibraries\\Scr\\stm32f4xx_exti.c   0x00000000   Number         0  stm32f4xx_exti.o ABSOLUTE
    ..\\STLibraries\\Scr\\stm32f4xx_flash.c  0x00000000   Number         0  stm32f4xx_flash.o ABSOLUTE
    ..\\STLibraries\\Scr\\stm32f4xx_fsmc.c   0x00000000   Number         0  stm32f4xx_fsmc.o ABSOLUTE
    ..\\STLibraries\\Scr\\stm32f4xx_gpio.c   0x00000000   Number         0  stm32f4xx_gpio.o ABSOLUTE
    ..\\STLibraries\\Scr\\stm32f4xx_hash.c   0x00000000   Number         0  stm32f4xx_hash.o ABSOLUTE
    ..\\STLibraries\\Scr\\stm32f4xx_hash_md5.c 0x00000000   Number         0  stm32f4xx_hash_md5.o ABSOLUTE
    ..\\STLibraries\\Scr\\stm32f4xx_hash_sha1.c 0x00000000   Number         0  stm32f4xx_hash_sha1.o ABSOLUTE
    ..\\STLibraries\\Scr\\stm32f4xx_i2c.c    0x00000000   Number         0  stm32f4xx_i2c.o ABSOLUTE
    ..\\STLibraries\\Scr\\stm32f4xx_iwdg.c   0x00000000   Number         0  stm32f4xx_iwdg.o ABSOLUTE
    ..\\STLibraries\\Scr\\stm32f4xx_pwr.c    0x00000000   Number         0  stm32f4xx_pwr.o ABSOLUTE
    ..\\STLibraries\\Scr\\stm32f4xx_rcc.c    0x00000000   Number         0  stm32f4xx_rcc.o ABSOLUTE
    ..\\STLibraries\\Scr\\stm32f4xx_rng.c    0x00000000   Number         0  stm32f4xx_rng.o ABSOLUTE
    ..\\STLibraries\\Scr\\stm32f4xx_rtc.c    0x00000000   Number         0  stm32f4xx_rtc.o ABSOLUTE
    ..\\STLibraries\\Scr\\stm32f4xx_sdio.c   0x00000000   Number         0  stm32f4xx_sdio.o ABSOLUTE
    ..\\STLibraries\\Scr\\stm32f4xx_spi.c    0x00000000   Number         0  stm32f4xx_spi.o ABSOLUTE
    ..\\STLibraries\\Scr\\stm32f4xx_syscfg.c 0x00000000   Number         0  stm32f4xx_syscfg.o ABSOLUTE
    ..\\STLibraries\\Scr\\stm32f4xx_tim.c    0x00000000   Number         0  stm32f4xx_tim.o ABSOLUTE
    ..\\STLibraries\\Scr\\stm32f4xx_usart.c  0x00000000   Number         0  stm32f4xx_usart.o ABSOLUTE
    ..\\STLibraries\\Scr\\stm32f4xx_wwdg.c   0x00000000   Number         0  stm32f4xx_wwdg.o ABSOLUTE
    ..\\STLibraries\\Scr\\system_stm32f4xx.c 0x00000000   Number         0  system_stm32f4xx.o ABSOLUTE
    dc.s                                     0x00000000   Number         0  dc.o ABSOLUTE
    main.c                                   0x00000000   Number         0  main.o ABSOLUTE
    main.c                                   0x00000000   Number         0  main.o ABSOLUTE
    stm32f4xx_it.c                           0x00000000   Number         0  stm32f4xx_it.o ABSOLUTE
    stm32f4xx_it.c                           0x00000000   Number         0  stm32f4xx_it.o ABSOLUTE
    RESET                                    0x08000000   Section      392  startup_stm32f40_41xxx.o(RESET)
    !!!main                                  0x08000188   Section        8  __main.o(!!!main)
    !!!scatter                               0x08000190   Section       52  __scatter.o(!!!scatter)
    !!handler_copy                           0x080001c4   Section       26  __scatter_copy.o(!!handler_copy)
    !!handler_zi                             0x080001e0   Section       28  __scatter_zi.o(!!handler_zi)
    .ARM.Collect$$libinit$$00000000          0x080001fc   Section        2  libinit.o(.ARM.Collect$$libinit$$00000000)
    .ARM.Collect$$libinit$$00000001          0x080001fe   Section        4  libinit2.o(.ARM.Collect$$libinit$$00000001)
    .ARM.Collect$$libinit$$00000004          0x08000202   Section        0  libinit2.o(.ARM.Collect$$libinit$$00000004)
    .ARM.Collect$$libinit$$00000005          0x08000202   Section        8  libinit2.o(.ARM.Collect$$libinit$$00000005)
    .ARM.Collect$$libinit$$0000000A          0x0800020a   Section        0  libinit2.o(.ARM.Collect$$libinit$$0000000A)
    .ARM.Collect$$libinit$$0000000C          0x0800020a   Section        0  libinit2.o(.ARM.Collect$$libinit$$0000000C)
    .ARM.Collect$$libinit$$0000000E          0x0800020a   Section        0  libinit2.o(.ARM.Collect$$libinit$$0000000E)
    .ARM.Collect$$libinit$$00000011          0x0800020a   Section        0  libinit2.o(.ARM.Collect$$libinit$$00000011)
    .ARM.Collect$$libinit$$00000013          0x0800020a   Section        0  libinit2.o(.ARM.Collect$$libinit$$00000013)
    .ARM.Collect$$libinit$$00000015          0x0800020a   Section        0  libinit2.o(.ARM.Collect$$libinit$$00000015)
    .ARM.Collect$$libinit$$00000017          0x0800020a   Section        0  libinit2.o(.ARM.Collect$$libinit$$00000017)
    .ARM.Collect$$libinit$$00000019          0x0800020a   Section        0  libinit2.o(.ARM.Collect$$libinit$$00000019)
    .ARM.Collect$$libinit$$0000001B          0x0800020a   Section        0  libinit2.o(.ARM.Collect$$libinit$$0000001B)
    .ARM.Collect$$libinit$$0000001D          0x0800020a   Section        0  libinit2.o(.ARM.Collect$$libinit$$0000001D)
    .ARM.Collect$$libinit$$0000001F          0x0800020a   Section        0  libinit2.o(.ARM.Collect$$libinit$$0000001F)
    .ARM.Collect$$libinit$$00000021          0x0800020a   Section        0  libinit2.o(.ARM.Collect$$libinit$$00000021)
    .ARM.Collect$$libinit$$00000023          0x0800020a   Section        0  libinit2.o(.ARM.Collect$$libinit$$00000023)
    .ARM.Collect$$libinit$$00000024          0x0800020a   Section        4  libinit2.o(.ARM.Collect$$libinit$$00000024)
    .ARM.Collect$$libinit$$00000025          0x0800020e   Section        0  libinit2.o(.ARM.Collect$$libinit$$00000025)
    .ARM.Collect$$libinit$$0000002C          0x0800020e   Section        0  libinit2.o(.ARM.Collect$$libinit$$0000002C)
    .ARM.Collect$$libinit$$0000002E          0x0800020e   Section        0  libinit2.o(.ARM.Collect$$libinit$$0000002E)
    .ARM.Collect$$libinit$$00000030          0x0800020e   Section        0  libinit2.o(.ARM.Collect$$libinit$$00000030)
    .ARM.Collect$$libinit$$00000032          0x0800020e   Section        0  libinit2.o(.ARM.Collect$$libinit$$00000032)
    .ARM.Collect$$libinit$$00000033          0x0800020e   Section        2  libinit2.o(.ARM.Collect$$libinit$$00000033)
    .ARM.Collect$$libshutdown$$00000000      0x08000210   Section        2  libshutdown.o(.ARM.Collect$$libshutdown$$00000000)
    .ARM.Collect$$libshutdown$$00000002      0x08000212   Section        0  libshutdown2.o(.ARM.Collect$$libshutdown$$00000002)
    .ARM.Collect$$libshutdown$$00000003      0x08000212   Section        4  libshutdown2.o(.ARM.Collect$$libshutdown$$00000003)
    .ARM.Collect$$libshutdown$$00000004      0x08000216   Section        0  libshutdown2.o(.ARM.Collect$$libshutdown$$00000004)
    .ARM.Collect$$libshutdown$$00000007      0x08000216   Section        0  libshutdown2.o(.ARM.Collect$$libshutdown$$00000007)
    .ARM.Collect$$libshutdown$$0000000A      0x08000216   Section        0  libshutdown2.o(.ARM.Collect$$libshutdown$$0000000A)
    .ARM.Collect$$libshutdown$$0000000C      0x08000216   Section        0  libshutdown2.o(.ARM.Collect$$libshutdown$$0000000C)
    .ARM.Collect$$libshutdown$$0000000F      0x08000216   Section        0  libshutdown2.o(.ARM.Collect$$libshutdown$$0000000F)
    .ARM.Collect$$libshutdown$$00000010      0x08000216   Section        2  libshutdown2.o(.ARM.Collect$$libshutdown$$00000010)
    .ARM.Collect$$rtentry$$00000000          0x08000218   Section        0  __rtentry.o(.ARM.Collect$$rtentry$$00000000)
    .ARM.Collect$$rtentry$$00000002          0x08000218   Section        0  __rtentry2.o(.ARM.Collect$$rtentry$$00000002)
    .ARM.Collect$$rtentry$$00000004          0x08000218   Section        6  __rtentry4.o(.ARM.Collect$$rtentry$$00000004)
    .ARM.Collect$$rtentry$$00000009          0x0800021e   Section        0  __rtentry2.o(.ARM.Collect$$rtentry$$00000009)
    .ARM.Collect$$rtentry$$0000000A          0x0800021e   Section        4  __rtentry2.o(.ARM.Collect$$rtentry$$0000000A)
    .ARM.Collect$$rtentry$$0000000C          0x08000222   Section        0  __rtentry2.o(.ARM.Collect$$rtentry$$0000000C)
    .ARM.Collect$$rtentry$$0000000D          0x08000222   Section        8  __rtentry2.o(.ARM.Collect$$rtentry$$0000000D)
    .ARM.Collect$$rtexit$$00000000           0x0800022a   Section        2  rtexit.o(.ARM.Collect$$rtexit$$00000000)
    .ARM.Collect$$rtexit$$00000002           0x0800022c   Section        0  rtexit2.o(.ARM.Collect$$rtexit$$00000002)
    .ARM.Collect$$rtexit$$00000003           0x0800022c   Section        4  rtexit2.o(.ARM.Collect$$rtexit$$00000003)
    .ARM.Collect$$rtexit$$00000004           0x08000230   Section        6  rtexit2.o(.ARM.Collect$$rtexit$$00000004)
    .emb_text                                0x08000238   Section        0  maybetermalloc1.o(.emb_text)
    .text                                    0x08000238   Section        0  main.o(.text)
    .text                                    0x080002b4   Section        0  stm32f4xx_it.o(.text)
    .text                                    0x080002d0   Section        0  can.o(.text)
    .text                                    0x08000720   Section        0  usart.o(.text)
    .text                                    0x080016e8   Section       64  startup_stm32f40_41xxx.o(.text)
    $v0                                      0x080016e8   Number         0  startup_stm32f40_41xxx.o(.text)
    .text                                    0x08001728   Section        0  misc.o(.text)
    .text                                    0x08001808   Section        0  stm32f4xx_can.o(.text)
    CheckITStatus                            0x0800200b   Thumb Code    18  stm32f4xx_can.o(.text)
    .text                                    0x080021f8   Section        0  stm32f4xx_dma.o(.text)
    .text                                    0x080025a0   Section        0  stm32f4xx_gpio.o(.text)
    .text                                    0x080027fc   Section        0  stm32f4xx_rcc.o(.text)
    .text                                    0x08002d84   Section        0  stm32f4xx_usart.o(.text)
    .text                                    0x080031a0   Section        0  system_stm32f4xx.o(.text)
    SetSysClock                              0x080031a1   Thumb Code   220  system_stm32f4xx.o(.text)
    .text                                    0x080033b0   Section        0  noretval__2printf.o(.text)
    .text                                    0x080033c8   Section        0  heapauxi.o(.text)
    .text                                    0x080033d0   Section        0  _printf_char_file.o(.text)
    .text                                    0x080033f4   Section        0  _printf_char_common.o(.text)
    _printf_input_char                       0x080033f5   Thumb Code    10  _printf_char_common.o(.text)
    .text                                    0x08003424   Section        0  ferror.o(.text)
    .text                                    0x0800342c   Section        0  initio.o(.text)
    .text                                    0x08003564   Section        0  sys_io.o(.text)
    .text                                    0x080035ca   Section       74  sys_stackheap_outer.o(.text)
    .text                                    0x08003614   Section        0  h1_free.o(.text)
    .text                                    0x08003662   Section        0  __printf_nopercent.o(.text)
    .text                                    0x0800368a   Section        0  flsbuf.o(.text)
    .text                                    0x08003860   Section        0  setvbuf.o(.text)
    .text                                    0x080038a8   Section        0  fopen.o(.text)
    _freopen_locked                          0x080038a9   Thumb Code     0  fopen.o(.text)
    .text                                    0x08003994   Section        0  fclose.o(.text)
    .text                                    0x080039e0   Section        0  exit.o(.text)
    .text                                    0x080039f2   Section        0  defsig_rtred_outer.o(.text)
    .text                                    0x08003a00   Section       78  rt_memclr_w.o(.text)
    .text                                    0x08003a50   Section        8  libspace.o(.text)
    .text                                    0x08003a58   Section        2  use_no_semi.o(.text)
    .text                                    0x08003a5a   Section        0  indicate_semi.o(.text)
    .text                                    0x08003a5c   Section        8  rt_heap_descriptor_intlibspace.o(.text)
    .text                                    0x08003a64   Section        0  hguard.o(.text)
    .text                                    0x08003a68   Section        0  init_alloc.o(.text)
    .text                                    0x08003af2   Section        0  h1_alloc.o(.text)
    .text                                    0x08003b50   Section        0  fseek.o(.text)
    .text                                    0x08003c48   Section        0  stdio.o(.text)
    .text                                    0x08003d38   Section        0  defsig_exit.o(.text)
    .text                                    0x08003d44   Section        0  defsig_rtred_inner.o(.text)
    .text                                    0x08003d78   Section        0  strlen.o(.text)
    .text                                    0x08003db8   Section        0  sys_exit.o(.text)
    .text                                    0x08003dc4   Section        0  h1_init.o(.text)
    .text                                    0x08003dd2   Section        0  h1_extend.o(.text)
    .text                                    0x08003e06   Section        0  ftell.o(.text)
    .text                                    0x08003e48   Section        0  defsig_general.o(.text)
    .text                                    0x08003e7a   Section        0  defsig_rtmem_outer.o(.text)
    .text                                    0x08003e88   Section        0  sys_wrch.o(.text)
    .text                                    0x08003e98   Section        8  rt_errno_addr_intlibspace.o(.text)
    .text                                    0x08003ea0   Section        0  defsig_rtmem_inner.o(.text)
    i.fputc                                  0x08003ef0   Section        0  fputc.o(i.fputc)
    x$fpl$fpinit                             0x08003f0a   Section       10  fpinit.o(x$fpl$fpinit)
    $v0                                      0x08003f0a   Number         0  fpinit.o(x$fpl$fpinit)
    .constdata                               0x08003f14   Section        4  sys_io.o(.constdata)
    .constdata                               0x08003f18   Section        4  sys_io.o(.constdata)
    .constdata                               0x08003f1c   Section        4  sys_io.o(.constdata)
    .data                                    0x20000000   Section       16  usart.o(.data)
    this_time_rx_len                         0x20000004   Data           4  usart.o(.data)
    this_time_rx_len                         0x20000008   Data           4  usart.o(.data)
    this_time_rx_len                         0x2000000c   Data           4  usart.o(.data)
    .data                                    0x20000010   Section       16  stm32f4xx_rcc.o(.data)
    APBAHBPrescTable                         0x20000010   Data          16  stm32f4xx_rcc.o(.data)
    .data                                    0x20000020   Section       20  system_stm32f4xx.o(.data)
    .data                                    0x20000034   Section        4  stdio_streams.o(.data)
    .data                                    0x20000038   Section        4  stdio_streams.o(.data)
    .data                                    0x2000003c   Section        4  stdio_streams.o(.data)
    .bss                                     0x20000040   Section       40  can.o(.bss)
    .bss                                     0x20000068   Section     1800  usart.o(.bss)
    .bss                                     0x20000770   Section       84  stdio_streams.o(.bss)
    .bss                                     0x200007c4   Section       84  stdio_streams.o(.bss)
    .bss                                     0x20000818   Section       84  stdio_streams.o(.bss)
    .bss                                     0x2000086c   Section       96  libspace.o(.bss)
    HEAP                                     0x200008d0   Section      512  startup_stm32f40_41xxx.o(HEAP)
    Heap_Mem                                 0x200008d0   Data         512  startup_stm32f40_41xxx.o(HEAP)
    STACK                                    0x20000ad0   Section     1024  startup_stm32f40_41xxx.o(STACK)
    Stack_Mem                                0x20000ad0   Data        1024  startup_stm32f40_41xxx.o(STACK)
    __initial_sp                             0x20000ed0   Data           0  startup_stm32f40_41xxx.o(STACK)

    Global Symbols

    Symbol Name                              Value     Ov Type        Size  Object(Section)

    BuildAttributes$$THM_ISAv4$E$P$D$K$B$S$7EM$VFPi3$EXTD16$VFPS$VFMA$PE$A:L22UL41UL21$X:L11$S22US41US21$IEEE1$IW$USESV6$~STKCKD$USESV7$~SHL$OTIME$ROPI$EBA8$UX$STANDARDLIB$REQ8$PRES8$EABIv2 0x00000000   Number         0  anon$$obj.o ABSOLUTE
    __ARM_use_no_argv                        0x00000000   Number         0  main.o ABSOLUTE
    __ARM_exceptions_init                     - Undefined Weak Reference
    __alloca_initialize                       - Undefined Weak Reference
    __arm_preinit_                            - Undefined Weak Reference
    __cpp_initialize__aeabi_                  - Undefined Weak Reference
    __cxa_finalize                            - Undefined Weak Reference
    __rt_locale                               - Undefined Weak Reference
    __sigvec_lookup                           - Undefined Weak Reference
    __user_heap_extent                        - Undefined Weak Reference
    _atexit_init                              - Undefined Weak Reference
    _call_atexit_fns                          - Undefined Weak Reference
    _clock_init                               - Undefined Weak Reference
    _fp_trap_init                             - Undefined Weak Reference
    _fp_trap_shutdown                         - Undefined Weak Reference
    _get_lc_collate                           - Undefined Weak Reference
    _get_lc_ctype                             - Undefined Weak Reference
    _get_lc_monetary                          - Undefined Weak Reference
    _get_lc_numeric                           - Undefined Weak Reference
    _get_lc_time                              - Undefined Weak Reference
    _getenv_init                              - Undefined Weak Reference
    _handle_redirection                       - Undefined Weak Reference
    _mutex_acquire                            - Undefined Weak Reference
    _mutex_free                               - Undefined Weak Reference
    _mutex_release                            - Undefined Weak Reference
    _rand_init                                - Undefined Weak Reference
    _signal_finish                            - Undefined Weak Reference
    _signal_init                              - Undefined Weak Reference
    __Vectors_Size                           0x00000188   Number         0  startup_stm32f40_41xxx.o ABSOLUTE
    __Vectors                                0x08000000   Data           4  startup_stm32f40_41xxx.o(RESET)
    __Vectors_End                            0x08000188   Data           0  startup_stm32f40_41xxx.o(RESET)
    __main                                   0x08000189   Thumb Code     8  __main.o(!!!main)
    __scatterload                            0x08000191   Thumb Code     0  __scatter.o(!!!scatter)
    __scatterload_rt2                        0x08000191   Thumb Code    44  __scatter.o(!!!scatter)
    __scatterload_rt2_thumb_only             0x08000191   Thumb Code     0  __scatter.o(!!!scatter)
    __scatterload_null                       0x0800019f   Thumb Code     0  __scatter.o(!!!scatter)
    __scatterload_copy                       0x080001c5   Thumb Code    26  __scatter_copy.o(!!handler_copy)
    __scatterload_zeroinit                   0x080001e1   Thumb Code    28  __scatter_zi.o(!!handler_zi)
    __rt_lib_init                            0x080001fd   Thumb Code     0  libinit.o(.ARM.Collect$$libinit$$00000000)
    __rt_lib_init_fp_1                       0x080001ff   Thumb Code     0  libinit2.o(.ARM.Collect$$libinit$$00000001)
    __rt_lib_init_heap_2                     0x08000203   Thumb Code     0  libinit2.o(.ARM.Collect$$libinit$$00000005)
    __rt_lib_init_preinit_1                  0x08000203   Thumb Code     0  libinit2.o(.ARM.Collect$$libinit$$00000004)
    __rt_lib_init_atexit_1                   0x0800020b   Thumb Code     0  libinit2.o(.ARM.Collect$$libinit$$0000001B)
    __rt_lib_init_clock_1                    0x0800020b   Thumb Code     0  libinit2.o(.ARM.Collect$$libinit$$00000021)
    __rt_lib_init_fp_trap_1                  0x0800020b   Thumb Code     0  libinit2.o(.ARM.Collect$$libinit$$0000001F)
    __rt_lib_init_getenv_1                   0x0800020b   Thumb Code     0  libinit2.o(.ARM.Collect$$libinit$$00000023)
    __rt_lib_init_heap_1                     0x0800020b   Thumb Code     0  libinit2.o(.ARM.Collect$$libinit$$0000000A)
    __rt_lib_init_lc_collate_1               0x0800020b   Thumb Code     0  libinit2.o(.ARM.Collect$$libinit$$00000011)
    __rt_lib_init_lc_ctype_1                 0x0800020b   Thumb Code     0  libinit2.o(.ARM.Collect$$libinit$$00000013)
    __rt_lib_init_lc_monetary_1              0x0800020b   Thumb Code     0  libinit2.o(.ARM.Collect$$libinit$$00000015)
    __rt_lib_init_lc_numeric_1               0x0800020b   Thumb Code     0  libinit2.o(.ARM.Collect$$libinit$$00000017)
    __rt_lib_init_lc_time_1                  0x0800020b   Thumb Code     0  libinit2.o(.ARM.Collect$$libinit$$00000019)
    __rt_lib_init_rand_1                     0x0800020b   Thumb Code     0  libinit2.o(.ARM.Collect$$libinit$$0000000E)
    __rt_lib_init_signal_1                   0x0800020b   Thumb Code     0  libinit2.o(.ARM.Collect$$libinit$$0000001D)
    __rt_lib_init_stdio_2                    0x0800020b   Thumb Code     0  libinit2.o(.ARM.Collect$$libinit$$00000024)
    __rt_lib_init_user_alloc_1               0x0800020b   Thumb Code     0  libinit2.o(.ARM.Collect$$libinit$$0000000C)
    __rt_lib_init_alloca_1                   0x0800020f   Thumb Code     0  libinit2.o(.ARM.Collect$$libinit$$0000002E)
    __rt_lib_init_argv_1                     0x0800020f   Thumb Code     0  libinit2.o(.ARM.Collect$$libinit$$0000002C)
    __rt_lib_init_cpp_1                      0x0800020f   Thumb Code     0  libinit2.o(.ARM.Collect$$libinit$$00000032)
    __rt_lib_init_exceptions_1               0x0800020f   Thumb Code     0  libinit2.o(.ARM.Collect$$libinit$$00000030)
    __rt_lib_init_return                     0x0800020f   Thumb Code     0  libinit2.o(.ARM.Collect$$libinit$$00000033)
    __rt_lib_init_stdio_1                    0x0800020f   Thumb Code     0  libinit2.o(.ARM.Collect$$libinit$$00000025)
    __rt_lib_shutdown                        0x08000211   Thumb Code     0  libshutdown.o(.ARM.Collect$$libshutdown$$00000000)
    __rt_lib_shutdown_cpp_1                  0x08000213   Thumb Code     0  libshutdown2.o(.ARM.Collect$$libshutdown$$00000002)
    __rt_lib_shutdown_stdio_2                0x08000213   Thumb Code     0  libshutdown2.o(.ARM.Collect$$libshutdown$$00000003)
    __rt_lib_shutdown_fp_trap_1              0x08000217   Thumb Code     0  libshutdown2.o(.ARM.Collect$$libshutdown$$00000007)
    __rt_lib_shutdown_heap_1                 0x08000217   Thumb Code     0  libshutdown2.o(.ARM.Collect$$libshutdown$$0000000F)
    __rt_lib_shutdown_return                 0x08000217   Thumb Code     0  libshutdown2.o(.ARM.Collect$$libshutdown$$00000010)
    __rt_lib_shutdown_signal_1               0x08000217   Thumb Code     0  libshutdown2.o(.ARM.Collect$$libshutdown$$0000000A)
    __rt_lib_shutdown_stdio_1                0x08000217   Thumb Code     0  libshutdown2.o(.ARM.Collect$$libshutdown$$00000004)
    __rt_lib_shutdown_user_alloc_1           0x08000217   Thumb Code     0  libshutdown2.o(.ARM.Collect$$libshutdown$$0000000C)
    __rt_entry                               0x08000219   Thumb Code     0  __rtentry.o(.ARM.Collect$$rtentry$$00000000)
    __rt_entry_presh_1                       0x08000219   Thumb Code     0  __rtentry2.o(.ARM.Collect$$rtentry$$00000002)
    __rt_entry_sh                            0x08000219   Thumb Code     0  __rtentry4.o(.ARM.Collect$$rtentry$$00000004)
    __rt_entry_li                            0x0800021f   Thumb Code     0  __rtentry2.o(.ARM.Collect$$rtentry$$0000000A)
    __rt_entry_postsh_1                      0x0800021f   Thumb Code     0  __rtentry2.o(.ARM.Collect$$rtentry$$00000009)
    __rt_entry_main                          0x08000223   Thumb Code     0  __rtentry2.o(.ARM.Collect$$rtentry$$0000000D)
    __rt_entry_postli_1                      0x08000223   Thumb Code     0  __rtentry2.o(.ARM.Collect$$rtentry$$0000000C)
    __rt_exit                                0x0800022b   Thumb Code     0  rtexit.o(.ARM.Collect$$rtexit$$00000000)
    __rt_exit_ls                             0x0800022d   Thumb Code     0  rtexit2.o(.ARM.Collect$$rtexit$$00000003)
    __rt_exit_prels_1                        0x0800022d   Thumb Code     0  rtexit2.o(.ARM.Collect$$rtexit$$00000002)
    __rt_exit_exit                           0x08000231   Thumb Code     0  rtexit2.o(.ARM.Collect$$rtexit$$00000004)
    _maybe_terminate_alloc                   0x08000239   Thumb Code     0  maybetermalloc1.o(.emb_text)
    main                                     0x08000239   Thumb Code   110  main.o(.text)
    NMI_Handler                              0x080002b5   Thumb Code     2  stm32f4xx_it.o(.text)
    HardFault_Handler                        0x080002b7   Thumb Code     4  stm32f4xx_it.o(.text)
    MemManage_Handler                        0x080002bb   Thumb Code     4  stm32f4xx_it.o(.text)
    BusFault_Handler                         0x080002bf   Thumb Code     4  stm32f4xx_it.o(.text)
    UsageFault_Handler                       0x080002c3   Thumb Code     4  stm32f4xx_it.o(.text)
    SVC_Handler                              0x080002c7   Thumb Code     2  stm32f4xx_it.o(.text)
    DebugMon_Handler                         0x080002c9   Thumb Code     2  stm32f4xx_it.o(.text)
    PendSV_Handler                           0x080002cb   Thumb Code     2  stm32f4xx_it.o(.text)
    SysTick_Handler                          0x080002cd   Thumb Code     2  stm32f4xx_it.o(.text)
    CAN1_Mode_Init                           0x080002d1   Thumb Code   260  can.o(.text)
    CAN2_Mode_Init                           0x080003d5   Thumb Code   280  can.o(.text)
    CAN1_TX_IRQHandler                       0x080004ed   Thumb Code    22  can.o(.text)
    CAN2_TX_IRQHandler                       0x08000503   Thumb Code    22  can.o(.text)
    CAN2_Receive_Msg                         0x08000519   Thumb Code    76  can.o(.text)
    CAN2_RX0_IRQHandler                      0x08000565   Thumb Code    66  can.o(.text)
    CAN1_RX0_IRQHandler                      0x080005a7   Thumb Code    12  can.o(.text)
    CAN1_Send_Msg                            0x080005b3   Thumb Code   108  can.o(.text)
    CAN1_Receive_Msg                         0x0800061f   Thumb Code    60  can.o(.text)
    set_M3508_info                           0x0800065b   Thumb Code    84  can.o(.text)
    Set_Gimbal_Current1                      0x080006af   Thumb Code   114  can.o(.text)
    uart1_init                               0x08000721   Thumb Code   300  usart.o(.text)
    USART1_IRQHandler                        0x0800084d   Thumb Code   154  usart.o(.text)
    uart2_init                               0x080008e7   Thumb Code   456  usart.o(.text)
    USART2_IRQHandler                        0x08000aaf   Thumb Code    76  usart.o(.text)
    UART2_MYDMA_Enable                       0x08000afb   Thumb Code    94  usart.o(.text)
    DMA1_Stream6_IRQHandler                  0x08000b59   Thumb Code    30  usart.o(.text)
    uart3_init                               0x08000b77   Thumb Code   458  usart.o(.text)
    USART3_IRQHandler                        0x08000d41   Thumb Code    86  usart.o(.text)
    UART3_MYDMA_Enable                       0x08000d97   Thumb Code    62  usart.o(.text)
    uart4_init                               0x08000dd5   Thumb Code   510  usart.o(.text)
    UART4_IRQHandler                         0x08000fd3   Thumb Code    76  usart.o(.text)
    UART4_MYDMA_Enable                       0x0800101f   Thumb Code    40  usart.o(.text)
    DMA1_Stream4_IRQHandler                  0x08001047   Thumb Code    36  usart.o(.text)
    uart5_init                               0x0800106b   Thumb Code   498  usart.o(.text)
    UART5_MYDMA_Enable                       0x0800125d   Thumb Code    62  usart.o(.text)
    UART5_IRQHandler                         0x0800129b   Thumb Code   322  usart.o(.text)
    uart6_init                               0x080013dd   Thumb Code   450  usart.o(.text)
    UART6_MYDMA_Enable                       0x0800159f   Thumb Code    62  usart.o(.text)
    UART6_IRQHandler                         0x080015dd   Thumb Code   234  usart.o(.text)
    Reset_Handler                            0x080016e9   Thumb Code     8  startup_stm32f40_41xxx.o(.text)
    ADC_IRQHandler                           0x08001703   Thumb Code     0  startup_stm32f40_41xxx.o(.text)
    CAN1_RX1_IRQHandler                      0x08001703   Thumb Code     0  startup_stm32f40_41xxx.o(.text)
    CAN1_SCE_IRQHandler                      0x08001703   Thumb Code     0  startup_stm32f40_41xxx.o(.text)
    CAN2_RX1_IRQHandler                      0x08001703   Thumb Code     0  startup_stm32f40_41xxx.o(.text)
    CAN2_SCE_IRQHandler                      0x08001703   Thumb Code     0  startup_stm32f40_41xxx.o(.text)
    CRYP_IRQHandler                          0x08001703   Thumb Code     0  startup_stm32f40_41xxx.o(.text)
    DCMI_IRQHandler                          0x08001703   Thumb Code     0  startup_stm32f40_41xxx.o(.text)
    DMA1_Stream0_IRQHandler                  0x08001703   Thumb Code     0  startup_stm32f40_41xxx.o(.text)
    DMA1_Stream1_IRQHandler                  0x08001703   Thumb Code     0  startup_stm32f40_41xxx.o(.text)
    DMA1_Stream2_IRQHandler                  0x08001703   Thumb Code     0  startup_stm32f40_41xxx.o(.text)
    DMA1_Stream3_IRQHandler                  0x08001703   Thumb Code     0  startup_stm32f40_41xxx.o(.text)
    DMA1_Stream5_IRQHandler                  0x08001703   Thumb Code     0  startup_stm32f40_41xxx.o(.text)
    DMA1_Stream7_IRQHandler                  0x08001703   Thumb Code     0  startup_stm32f40_41xxx.o(.text)
    DMA2_Stream0_IRQHandler                  0x08001703   Thumb Code     0  startup_stm32f40_41xxx.o(.text)
    DMA2_Stream1_IRQHandler                  0x08001703   Thumb Code     0  startup_stm32f40_41xxx.o(.text)
    DMA2_Stream2_IRQHandler                  0x08001703   Thumb Code     0  startup_stm32f40_41xxx.o(.text)
    DMA2_Stream3_IRQHandler                  0x08001703   Thumb Code     0  startup_stm32f40_41xxx.o(.text)
    DMA2_Stream4_IRQHandler                  0x08001703   Thumb Code     0  startup_stm32f40_41xxx.o(.text)
    DMA2_Stream5_IRQHandler                  0x08001703   Thumb Code     0  startup_stm32f40_41xxx.o(.text)
    DMA2_Stream6_IRQHandler                  0x08001703   Thumb Code     0  startup_stm32f40_41xxx.o(.text)
    DMA2_Stream7_IRQHandler                  0x08001703   Thumb Code     0  startup_stm32f40_41xxx.o(.text)
    ETH_IRQHandler                           0x08001703   Thumb Code     0  startup_stm32f40_41xxx.o(.text)
    ETH_WKUP_IRQHandler                      0x08001703   Thumb Code     0  startup_stm32f40_41xxx.o(.text)
    EXTI0_IRQHandler                         0x08001703   Thumb Code     0  startup_stm32f40_41xxx.o(.text)
    EXTI15_10_IRQHandler                     0x08001703   Thumb Code     0  startup_stm32f40_41xxx.o(.text)
    EXTI1_IRQHandler                         0x08001703   Thumb Code     0  startup_stm32f40_41xxx.o(.text)
    EXTI2_IRQHandler                         0x08001703   Thumb Code     0  startup_stm32f40_41xxx.o(.text)
    EXTI3_IRQHandler                         0x08001703   Thumb Code     0  startup_stm32f40_41xxx.o(.text)
    EXTI4_IRQHandler                         0x08001703   Thumb Code     0  startup_stm32f40_41xxx.o(.text)
    EXTI9_5_IRQHandler                       0x08001703   Thumb Code     0  startup_stm32f40_41xxx.o(.text)
    FLASH_IRQHandler                         0x08001703   Thumb Code     0  startup_stm32f40_41xxx.o(.text)
    FPU_IRQHandler                           0x08001703   Thumb Code     0  startup_stm32f40_41xxx.o(.text)
    FSMC_IRQHandler                          0x08001703   Thumb Code     0  startup_stm32f40_41xxx.o(.text)
    HASH_RNG_IRQHandler                      0x08001703   Thumb Code     0  startup_stm32f40_41xxx.o(.text)
    I2C1_ER_IRQHandler                       0x08001703   Thumb Code     0  startup_stm32f40_41xxx.o(.text)
    I2C1_EV_IRQHandler                       0x08001703   Thumb Code     0  startup_stm32f40_41xxx.o(.text)
    I2C2_ER_IRQHandler                       0x08001703   Thumb Code     0  startup_stm32f40_41xxx.o(.text)
    I2C2_EV_IRQHandler                       0x08001703   Thumb Code     0  startup_stm32f40_41xxx.o(.text)
    I2C3_ER_IRQHandler                       0x08001703   Thumb Code     0  startup_stm32f40_41xxx.o(.text)
    I2C3_EV_IRQHandler                       0x08001703   Thumb Code     0  startup_stm32f40_41xxx.o(.text)
    OTG_FS_IRQHandler                        0x08001703   Thumb Code     0  startup_stm32f40_41xxx.o(.text)
    OTG_FS_WKUP_IRQHandler                   0x08001703   Thumb Code     0  startup_stm32f40_41xxx.o(.text)
    OTG_HS_EP1_IN_IRQHandler                 0x08001703   Thumb Code     0  startup_stm32f40_41xxx.o(.text)
    OTG_HS_EP1_OUT_IRQHandler                0x08001703   Thumb Code     0  startup_stm32f40_41xxx.o(.text)
    OTG_HS_IRQHandler                        0x08001703   Thumb Code     0  startup_stm32f40_41xxx.o(.text)
    OTG_HS_WKUP_IRQHandler                   0x08001703   Thumb Code     0  startup_stm32f40_41xxx.o(.text)
    PVD_IRQHandler                           0x08001703   Thumb Code     0  startup_stm32f40_41xxx.o(.text)
    RCC_IRQHandler                           0x08001703   Thumb Code     0  startup_stm32f40_41xxx.o(.text)
    RTC_Alarm_IRQHandler                     0x08001703   Thumb Code     0  startup_stm32f40_41xxx.o(.text)
    RTC_WKUP_IRQHandler                      0x08001703   Thumb Code     0  startup_stm32f40_41xxx.o(.text)
    SDIO_IRQHandler                          0x08001703   Thumb Code     0  startup_stm32f40_41xxx.o(.text)
    SPI1_IRQHandler                          0x08001703   Thumb Code     0  startup_stm32f40_41xxx.o(.text)
    SPI2_IRQHandler                          0x08001703   Thumb Code     0  startup_stm32f40_41xxx.o(.text)
    SPI3_IRQHandler                          0x08001703   Thumb Code     0  startup_stm32f40_41xxx.o(.text)
    TAMP_STAMP_IRQHandler                    0x08001703   Thumb Code     0  startup_stm32f40_41xxx.o(.text)
    TIM1_BRK_TIM9_IRQHandler                 0x08001703   Thumb Code     0  startup_stm32f40_41xxx.o(.text)
    TIM1_CC_IRQHandler                       0x08001703   Thumb Code     0  startup_stm32f40_41xxx.o(.text)
    TIM1_TRG_COM_TIM11_IRQHandler            0x08001703   Thumb Code     0  startup_stm32f40_41xxx.o(.text)
    TIM1_UP_TIM10_IRQHandler                 0x08001703   Thumb Code     0  startup_stm32f40_41xxx.o(.text)
    TIM2_IRQHandler                          0x08001703   Thumb Code     0  startup_stm32f40_41xxx.o(.text)
    TIM3_IRQHandler                          0x08001703   Thumb Code     0  startup_stm32f40_41xxx.o(.text)
    TIM4_IRQHandler                          0x08001703   Thumb Code     0  startup_stm32f40_41xxx.o(.text)
    TIM5_IRQHandler                          0x08001703   Thumb Code     0  startup_stm32f40_41xxx.o(.text)
    TIM6_DAC_IRQHandler                      0x08001703   Thumb Code     0  startup_stm32f40_41xxx.o(.text)
    TIM7_IRQHandler                          0x08001703   Thumb Code     0  startup_stm32f40_41xxx.o(.text)
    TIM8_BRK_TIM12_IRQHandler                0x08001703   Thumb Code     0  startup_stm32f40_41xxx.o(.text)
    TIM8_CC_IRQHandler                       0x08001703   Thumb Code     0  startup_stm32f40_41xxx.o(.text)
    TIM8_TRG_COM_TIM14_IRQHandler            0x08001703   Thumb Code     0  startup_stm32f40_41xxx.o(.text)
    TIM8_UP_TIM13_IRQHandler                 0x08001703   Thumb Code     0  startup_stm32f40_41xxx.o(.text)
    USART6_IRQHandler                        0x08001703   Thumb Code     0  startup_stm32f40_41xxx.o(.text)
    WWDG_IRQHandler                          0x08001703   Thumb Code     0  startup_stm32f40_41xxx.o(.text)
    __user_initial_stackheap                 0x08001705   Thumb Code     0  startup_stm32f40_41xxx.o(.text)
    NVIC_PriorityGroupConfig                 0x08001729   Thumb Code    10  misc.o(.text)
    NVIC_Init                                0x08001733   Thumb Code   106  misc.o(.text)
    NVIC_SetVectorTable                      0x0800179d   Thumb Code    14  misc.o(.text)
    NVIC_SystemLPConfig                      0x080017ab   Thumb Code    34  misc.o(.text)
    SysTick_CLKSourceConfig                  0x080017cd   Thumb Code    40  misc.o(.text)
    CAN_DeInit                               0x08001809   Thumb Code    50  stm32f4xx_can.o(.text)
    CAN_Init                                 0x0800183b   Thumb Code   276  stm32f4xx_can.o(.text)
    CAN_FilterInit                           0x0800194f   Thumb Code   258  stm32f4xx_can.o(.text)
    CAN_StructInit                           0x08001a51   Thumb Code    32  stm32f4xx_can.o(.text)
    CAN_SlaveStartBank                       0x08001a71   Thumb Code    48  stm32f4xx_can.o(.text)
    CAN_DBGFreeze                            0x08001aa1   Thumb Code    22  stm32f4xx_can.o(.text)
    CAN_TTComModeCmd                         0x08001ab7   Thumb Code   118  stm32f4xx_can.o(.text)
    CAN_Transmit                             0x08001b2d   Thumb Code   304  stm32f4xx_can.o(.text)
    CAN_TransmitStatus                       0x08001c5d   Thumb Code   138  stm32f4xx_can.o(.text)
    CAN_CancelTransmit                       0x08001ce7   Thumb Code    48  stm32f4xx_can.o(.text)
    CAN_Receive                              0x08001d17   Thumb Code   240  stm32f4xx_can.o(.text)
    CAN_FIFORelease                          0x08001e07   Thumb Code    22  stm32f4xx_can.o(.text)
    CAN_MessagePending                       0x08001e1d   Thumb Code    30  stm32f4xx_can.o(.text)
    CAN_OperatingModeRequest                 0x08001e3b   Thumb Code   162  stm32f4xx_can.o(.text)
    CAN_Sleep                                0x08001edd   Thumb Code    30  stm32f4xx_can.o(.text)
    CAN_WakeUp                               0x08001efb   Thumb Code    48  stm32f4xx_can.o(.text)
    CAN_GetLastErrorCode                     0x08001f2b   Thumb Code    12  stm32f4xx_can.o(.text)
    CAN_GetReceiveErrorCounter               0x08001f37   Thumb Code    10  stm32f4xx_can.o(.text)
    CAN_GetLSBTransmitErrorCounter           0x08001f41   Thumb Code    12  stm32f4xx_can.o(.text)
    CAN_ITConfig                             0x08001f4d   Thumb Code    18  stm32f4xx_can.o(.text)
    CAN_GetFlagStatus                        0x08001f5f   Thumb Code   120  stm32f4xx_can.o(.text)
    CAN_ClearFlag                            0x08001fd7   Thumb Code    52  stm32f4xx_can.o(.text)
    CAN_GetITStatus                          0x0800201d   Thumb Code   310  stm32f4xx_can.o(.text)
    CAN_ClearITPendingBit                    0x08002153   Thumb Code   162  stm32f4xx_can.o(.text)
    DMA_DeInit                               0x080021f9   Thumb Code   324  stm32f4xx_dma.o(.text)
    DMA_Init                                 0x0800233d   Thumb Code    82  stm32f4xx_dma.o(.text)
    DMA_StructInit                           0x0800238f   Thumb Code    34  stm32f4xx_dma.o(.text)
    DMA_Cmd                                  0x080023b1   Thumb Code    22  stm32f4xx_dma.o(.text)
    DMA_PeriphIncOffsetSizeConfig            0x080023c7   Thumb Code    22  stm32f4xx_dma.o(.text)
    DMA_FlowControllerConfig                 0x080023dd   Thumb Code    22  stm32f4xx_dma.o(.text)
    DMA_SetCurrDataCounter                   0x080023f3   Thumb Code     4  stm32f4xx_dma.o(.text)
    DMA_GetCurrDataCounter                   0x080023f7   Thumb Code     8  stm32f4xx_dma.o(.text)
    DMA_DoubleBufferModeConfig               0x080023ff   Thumb Code    24  stm32f4xx_dma.o(.text)
    DMA_DoubleBufferModeCmd                  0x08002417   Thumb Code    22  stm32f4xx_dma.o(.text)
    DMA_MemoryTargetConfig                   0x0800242d   Thumb Code    10  stm32f4xx_dma.o(.text)
    DMA_GetCurrentMemoryTarget               0x08002437   Thumb Code    20  stm32f4xx_dma.o(.text)
    DMA_GetCmdStatus                         0x0800244b   Thumb Code    20  stm32f4xx_dma.o(.text)
    DMA_GetFIFOStatus                        0x0800245f   Thumb Code    12  stm32f4xx_dma.o(.text)
    DMA_GetFlagStatus                        0x0800246b   Thumb Code    56  stm32f4xx_dma.o(.text)
    DMA_ClearFlag                            0x080024a3   Thumb Code    40  stm32f4xx_dma.o(.text)
    DMA_ITConfig                             0x080024cb   Thumb Code    58  stm32f4xx_dma.o(.text)
    DMA_GetITStatus                          0x08002505   Thumb Code    84  stm32f4xx_dma.o(.text)
    DMA_ClearITPendingBit                    0x08002559   Thumb Code    40  stm32f4xx_dma.o(.text)
    GPIO_DeInit                              0x080025a1   Thumb Code   220  stm32f4xx_gpio.o(.text)
    GPIO_Init                                0x0800267d   Thumb Code   144  stm32f4xx_gpio.o(.text)
    GPIO_StructInit                          0x0800270d   Thumb Code    18  stm32f4xx_gpio.o(.text)
    GPIO_PinLockConfig                       0x0800271f   Thumb Code    34  stm32f4xx_gpio.o(.text)
    GPIO_ReadInputDataBit                    0x08002741   Thumb Code    18  stm32f4xx_gpio.o(.text)
    GPIO_ReadInputData                       0x08002753   Thumb Code     8  stm32f4xx_gpio.o(.text)
    GPIO_ReadOutputDataBit                   0x0800275b   Thumb Code    18  stm32f4xx_gpio.o(.text)
    GPIO_ReadOutputData                      0x0800276d   Thumb Code     8  stm32f4xx_gpio.o(.text)
    GPIO_SetBits                             0x08002775   Thumb Code     4  stm32f4xx_gpio.o(.text)
    GPIO_ResetBits                           0x08002779   Thumb Code     4  stm32f4xx_gpio.o(.text)
    GPIO_WriteBit                            0x0800277d   Thumb Code    10  stm32f4xx_gpio.o(.text)
    GPIO_Write                               0x08002787   Thumb Code     4  stm32f4xx_gpio.o(.text)
    GPIO_ToggleBits                          0x0800278b   Thumb Code     8  stm32f4xx_gpio.o(.text)
    GPIO_PinAFConfig                         0x08002793   Thumb Code    70  stm32f4xx_gpio.o(.text)
    RCC_DeInit                               0x080027fd   Thumb Code    60  stm32f4xx_rcc.o(.text)
    RCC_HSEConfig                            0x08002839   Thumb Code    14  stm32f4xx_rcc.o(.text)
    RCC_GetFlagStatus                        0x08002847   Thumb Code    60  stm32f4xx_rcc.o(.text)
    RCC_WaitForHSEStartUp                    0x08002883   Thumb Code    56  stm32f4xx_rcc.o(.text)
    RCC_AdjustHSICalibrationValue            0x080028bb   Thumb Code    20  stm32f4xx_rcc.o(.text)
    RCC_HSICmd                               0x080028cf   Thumb Code     6  stm32f4xx_rcc.o(.text)
    RCC_LSEConfig                            0x080028d5   Thumb Code    46  stm32f4xx_rcc.o(.text)
    RCC_LSICmd                               0x08002903   Thumb Code     6  stm32f4xx_rcc.o(.text)
    RCC_PLLConfig                            0x08002909   Thumb Code    32  stm32f4xx_rcc.o(.text)
    RCC_PLLCmd                               0x08002929   Thumb Code     6  stm32f4xx_rcc.o(.text)
    RCC_PLLI2SConfig                         0x0800292f   Thumb Code    14  stm32f4xx_rcc.o(.text)
    RCC_PLLI2SCmd                            0x0800293d   Thumb Code     6  stm32f4xx_rcc.o(.text)
    RCC_ClockSecuritySystemCmd               0x08002943   Thumb Code     6  stm32f4xx_rcc.o(.text)
    RCC_MCO1Config                           0x08002949   Thumb Code    28  stm32f4xx_rcc.o(.text)
    RCC_MCO2Config                           0x08002965   Thumb Code    28  stm32f4xx_rcc.o(.text)
    RCC_SYSCLKConfig                         0x08002981   Thumb Code    20  stm32f4xx_rcc.o(.text)
    RCC_GetSYSCLKSource                      0x08002995   Thumb Code    12  stm32f4xx_rcc.o(.text)
    RCC_HCLKConfig                           0x080029a1   Thumb Code    20  stm32f4xx_rcc.o(.text)
    RCC_PCLK1Config                          0x080029b5   Thumb Code    20  stm32f4xx_rcc.o(.text)
    RCC_PCLK2Config                          0x080029c9   Thumb Code    22  stm32f4xx_rcc.o(.text)
    RCC_GetClocksFreq                        0x080029df   Thumb Code   222  stm32f4xx_rcc.o(.text)
    RCC_RTCCLKConfig                         0x08002abd   Thumb Code    54  stm32f4xx_rcc.o(.text)
    RCC_RTCCLKCmd                            0x08002af3   Thumb Code     8  stm32f4xx_rcc.o(.text)
    RCC_BackupResetCmd                       0x08002afb   Thumb Code     8  stm32f4xx_rcc.o(.text)
    RCC_I2SCLKConfig                         0x08002b03   Thumb Code     6  stm32f4xx_rcc.o(.text)
    RCC_AHB1PeriphClockCmd                   0x08002b09   Thumb Code    34  stm32f4xx_rcc.o(.text)
    RCC_AHB2PeriphClockCmd                   0x08002b2b   Thumb Code    34  stm32f4xx_rcc.o(.text)
    RCC_AHB3PeriphClockCmd                   0x08002b4d   Thumb Code    34  stm32f4xx_rcc.o(.text)
    RCC_APB1PeriphClockCmd                   0x08002b6f   Thumb Code    34  stm32f4xx_rcc.o(.text)
    RCC_APB2PeriphClockCmd                   0x08002b91   Thumb Code    34  stm32f4xx_rcc.o(.text)
    RCC_AHB1PeriphResetCmd                   0x08002bb3   Thumb Code    34  stm32f4xx_rcc.o(.text)
    RCC_AHB2PeriphResetCmd                   0x08002bd5   Thumb Code    72  stm32f4xx_rcc.o(.text)
    RCC_AHB3PeriphResetCmd                   0x08002c1d   Thumb Code    34  stm32f4xx_rcc.o(.text)
    RCC_APB1PeriphResetCmd                   0x08002c3f   Thumb Code    34  stm32f4xx_rcc.o(.text)
    RCC_APB2PeriphResetCmd                   0x08002c61   Thumb Code    34  stm32f4xx_rcc.o(.text)
    RCC_AHB1PeriphClockLPModeCmd             0x08002c83   Thumb Code    34  stm32f4xx_rcc.o(.text)
    RCC_AHB2PeriphClockLPModeCmd             0x08002ca5   Thumb Code    34  stm32f4xx_rcc.o(.text)
    RCC_AHB3PeriphClockLPModeCmd             0x08002cc7   Thumb Code    34  stm32f4xx_rcc.o(.text)
    RCC_APB1PeriphClockLPModeCmd             0x08002ce9   Thumb Code    34  stm32f4xx_rcc.o(.text)
    RCC_APB2PeriphClockLPModeCmd             0x08002d0b   Thumb Code    34  stm32f4xx_rcc.o(.text)
    RCC_ITConfig                             0x08002d2d   Thumb Code    34  stm32f4xx_rcc.o(.text)
    RCC_ClearFlag                            0x08002d4f   Thumb Code    18  stm32f4xx_rcc.o(.text)
    RCC_GetITStatus                          0x08002d61   Thumb Code    22  stm32f4xx_rcc.o(.text)
    RCC_ClearITPendingBit                    0x08002d77   Thumb Code     8  stm32f4xx_rcc.o(.text)
    USART_DeInit                             0x08002d85   Thumb Code   156  stm32f4xx_usart.o(.text)
    USART_Init                               0x08002e21   Thumb Code   204  stm32f4xx_usart.o(.text)
    USART_StructInit                         0x08002eed   Thumb Code    24  stm32f4xx_usart.o(.text)
    USART_ClockInit                          0x08002f05   Thumb Code    32  stm32f4xx_usart.o(.text)
    USART_ClockStructInit                    0x08002f25   Thumb Code    12  stm32f4xx_usart.o(.text)
    USART_Cmd                                0x08002f31   Thumb Code    24  stm32f4xx_usart.o(.text)
    USART_SetPrescaler                       0x08002f49   Thumb Code    16  stm32f4xx_usart.o(.text)
    USART_OverSampling8Cmd                   0x08002f59   Thumb Code    22  stm32f4xx_usart.o(.text)
    USART_OneBitMethodCmd                    0x08002f6f   Thumb Code    24  stm32f4xx_usart.o(.text)
    USART_SendData                           0x08002f87   Thumb Code     8  stm32f4xx_usart.o(.text)
    USART_ReceiveData                        0x08002f8f   Thumb Code    10  stm32f4xx_usart.o(.text)
    USART_SetAddress                         0x08002f99   Thumb Code    18  stm32f4xx_usart.o(.text)
    USART_ReceiverWakeUpCmd                  0x08002fab   Thumb Code    24  stm32f4xx_usart.o(.text)
    USART_WakeUpConfig                       0x08002fc3   Thumb Code    18  stm32f4xx_usart.o(.text)
    USART_LINBreakDetectLengthConfig         0x08002fd5   Thumb Code    18  stm32f4xx_usart.o(.text)
    USART_LINCmd                             0x08002fe7   Thumb Code    24  stm32f4xx_usart.o(.text)
    USART_SendBreak                          0x08002fff   Thumb Code    10  stm32f4xx_usart.o(.text)
    USART_HalfDuplexCmd                      0x08003009   Thumb Code    24  stm32f4xx_usart.o(.text)
    USART_SetGuardTime                       0x08003021   Thumb Code    16  stm32f4xx_usart.o(.text)
    USART_SmartCardCmd                       0x08003031   Thumb Code    24  stm32f4xx_usart.o(.text)
    USART_SmartCardNACKCmd                   0x08003049   Thumb Code    24  stm32f4xx_usart.o(.text)
    USART_IrDAConfig                         0x08003061   Thumb Code    18  stm32f4xx_usart.o(.text)
    USART_IrDACmd                            0x08003073   Thumb Code    24  stm32f4xx_usart.o(.text)
    USART_DMACmd                             0x0800308b   Thumb Code    18  stm32f4xx_usart.o(.text)
    USART_ITConfig                           0x0800309d   Thumb Code    74  stm32f4xx_usart.o(.text)
    USART_GetFlagStatus                      0x080030e7   Thumb Code    26  stm32f4xx_usart.o(.text)
    USART_ClearFlag                          0x08003101   Thumb Code    18  stm32f4xx_usart.o(.text)
    USART_GetITStatus                        0x08003113   Thumb Code   110  stm32f4xx_usart.o(.text)
    USART_ClearITPendingBit                  0x08003181   Thumb Code    30  stm32f4xx_usart.o(.text)
    SystemInit                               0x0800327d   Thumb Code    88  system_stm32f4xx.o(.text)
    SystemCoreClockUpdate                    0x080032d5   Thumb Code   174  system_stm32f4xx.o(.text)
    __2printf                                0x080033b1   Thumb Code    20  noretval__2printf.o(.text)
    __use_two_region_memory                  0x080033c9   Thumb Code     2  heapauxi.o(.text)
    __rt_heap_escrow                         0x080033cb   Thumb Code     2  heapauxi.o(.text)
    __rt_heap_expand                         0x080033cd   Thumb Code     2  heapauxi.o(.text)
    _printf_char_file                        0x080033d1   Thumb Code    32  _printf_char_file.o(.text)
    _printf_char_common                      0x080033ff   Thumb Code    32  _printf_char_common.o(.text)
    ferror                                   0x08003425   Thumb Code     8  ferror.o(.text)
    _initio                                  0x0800342d   Thumb Code   210  initio.o(.text)
    _terminateio                             0x080034ff   Thumb Code    56  initio.o(.text)
    _sys_open                                0x08003565   Thumb Code    20  sys_io.o(.text)
    _sys_close                               0x08003579   Thumb Code    12  sys_io.o(.text)
    _sys_write                               0x08003585   Thumb Code    16  sys_io.o(.text)
    _sys_read                                0x08003595   Thumb Code    14  sys_io.o(.text)
    _sys_istty                               0x080035a3   Thumb Code    12  sys_io.o(.text)
    _sys_seek                                0x080035af   Thumb Code    14  sys_io.o(.text)
    _sys_ensure                              0x080035bd   Thumb Code     2  sys_io.o(.text)
    _sys_flen                                0x080035bf   Thumb Code    12  sys_io.o(.text)
    __user_setup_stackheap                   0x080035cb   Thumb Code    74  sys_stackheap_outer.o(.text)
    free                                     0x08003615   Thumb Code    78  h1_free.o(.text)
    __printf                                 0x08003663   Thumb Code    40  __printf_nopercent.o(.text)
    __flsbuf                                 0x0800368b   Thumb Code   470  flsbuf.o(.text)
    __flsbuf_byte                            0x0800368b   Thumb Code     0  flsbuf.o(.text)
    __flsbuf_wide                            0x0800368b   Thumb Code     0  flsbuf.o(.text)
    setvbuf                                  0x08003861   Thumb Code    70  setvbuf.o(.text)
    freopen                                  0x080038a9   Thumb Code   158  fopen.o(.text)
    fopen                                    0x08003947   Thumb Code    74  fopen.o(.text)
    _fclose_internal                         0x08003995   Thumb Code    76  fclose.o(.text)
    fclose                                   0x08003995   Thumb Code     0  fclose.o(.text)
    exit                                     0x080039e1   Thumb Code    18  exit.o(.text)
    __rt_SIGRTRED                            0x080039f3   Thumb Code    14  defsig_rtred_outer.o(.text)
    __aeabi_memclr4                          0x08003a01   Thumb Code     0  rt_memclr_w.o(.text)
    __aeabi_memclr8                          0x08003a01   Thumb Code     0  rt_memclr_w.o(.text)
    __rt_memclr_w                            0x08003a01   Thumb Code    78  rt_memclr_w.o(.text)
    _memset_w                                0x08003a05   Thumb Code     0  rt_memclr_w.o(.text)
    __user_libspace                          0x08003a51   Thumb Code     8  libspace.o(.text)
    __user_perproc_libspace                  0x08003a51   Thumb Code     0  libspace.o(.text)
    __user_perthread_libspace                0x08003a51   Thumb Code     0  libspace.o(.text)
    __I$use$semihosting                      0x08003a59   Thumb Code     0  use_no_semi.o(.text)
    __use_no_semihosting_swi                 0x08003a59   Thumb Code     2  use_no_semi.o(.text)
    __semihosting_library_function           0x08003a5b   Thumb Code     0  indicate_semi.o(.text)
    __rt_heap_descriptor                     0x08003a5d   Thumb Code     8  rt_heap_descriptor_intlibspace.o(.text)
    __use_no_heap                            0x08003a65   Thumb Code     2  hguard.o(.text)
    __heap$guard                             0x08003a67   Thumb Code     2  hguard.o(.text)
    _terminate_user_alloc                    0x08003a69   Thumb Code     2  init_alloc.o(.text)
    _init_user_alloc                         0x08003a6b   Thumb Code     2  init_alloc.o(.text)
    __Heap_Full                              0x08003a6d   Thumb Code    34  init_alloc.o(.text)
    __Heap_Broken                            0x08003a8f   Thumb Code     6  init_alloc.o(.text)
    _init_alloc                              0x08003a95   Thumb Code    94  init_alloc.o(.text)
    malloc                                   0x08003af3   Thumb Code    94  h1_alloc.o(.text)
    _fseek                                   0x08003b51   Thumb Code   242  fseek.o(.text)
    fseek                                    0x08003b51   Thumb Code     0  fseek.o(.text)
    _seterr                                  0x08003c49   Thumb Code    20  stdio.o(.text)
    _writebuf                                0x08003c5d   Thumb Code    84  stdio.o(.text)
    _fflush                                  0x08003cb1   Thumb Code    70  stdio.o(.text)
    _deferredlazyseek                        0x08003cf7   Thumb Code    60  stdio.o(.text)
    __sig_exit                               0x08003d39   Thumb Code    10  defsig_exit.o(.text)
    __rt_SIGRTRED_inner                      0x08003d45   Thumb Code    14  defsig_rtred_inner.o(.text)
    strlen                                   0x08003d79   Thumb Code    62  strlen.o(.text)
    _sys_exit                                0x08003db9   Thumb Code     8  sys_exit.o(.text)
    __Heap_Initialize                        0x08003dc5   Thumb Code    10  h1_init.o(.text)
    __Heap_DescSize                          0x08003dcf   Thumb Code     4  h1_init.o(.text)
    __Heap_ProvideMemory                     0x08003dd3   Thumb Code    52  h1_extend.o(.text)
    _ftell_internal                          0x08003e07   Thumb Code    66  ftell.o(.text)
    ftell                                    0x08003e07   Thumb Code     0  ftell.o(.text)
    __default_signal_display                 0x08003e49   Thumb Code    50  defsig_general.o(.text)
    __rt_SIGRTMEM                            0x08003e7b   Thumb Code    14  defsig_rtmem_outer.o(.text)
    _ttywrch                                 0x08003e89   Thumb Code    14  sys_wrch.o(.text)
    __aeabi_errno_addr                       0x08003e99   Thumb Code     8  rt_errno_addr_intlibspace.o(.text)
    __errno$intlibspace                      0x08003e99   Thumb Code     0  rt_errno_addr_intlibspace.o(.text)
    __rt_errno_addr$intlibspace              0x08003e99   Thumb Code     0  rt_errno_addr_intlibspace.o(.text)
    __rt_SIGRTMEM_inner                      0x08003ea1   Thumb Code    22  defsig_rtmem_inner.o(.text)
    fputc                                    0x08003ef1   Thumb Code    26  fputc.o(i.fputc)
    _fp_init                                 0x08003f0b   Thumb Code    10  fpinit.o(x$fpl$fpinit)
    __fplib_config_fpu_vfp                   0x08003f13   Thumb Code     0  fpinit.o(x$fpl$fpinit)
    __fplib_config_pureend_doubles           0x08003f13   Thumb Code     0  fpinit.o(x$fpl$fpinit)
    __stdin_name                             0x08003f14   Data           4  sys_io.o(.constdata)
    __stdout_name                            0x08003f18   Data           4  sys_io.o(.constdata)
    __stderr_name                            0x08003f1c   Data           4  sys_io.o(.constdata)
    Region$$Table$$Base                      0x08003f20   Number         0  anon$$obj.o(Region$$Table)
    Region$$Table$$Limit                     0x08003f40   Number         0  anon$$obj.o(Region$$Table)
    leng                                     0x20000000   Data           1  usart.o(.data)
    lengt                                    0x20000001   Data           1  usart.o(.data)
    length                                   0x20000002   Data           1  usart.o(.data)
    SystemCoreClock                          0x20000020   Data           4  system_stm32f4xx.o(.data)
    AHBPrescTable                            0x20000024   Data          16  system_stm32f4xx.o(.data)
    __aeabi_stdin                            0x20000034   Data           4  stdio_streams.o(.data)
    __aeabi_stdout                           0x20000038   Data           4  stdio_streams.o(.data)
    __aeabi_stderr                           0x2000003c   Data           4  stdio_streams.o(.data)
    CAN1_receive_buf                         0x20000040   Data          20  can.o(.bss)
    CAN2_receive_buf                         0x20000054   Data          20  can.o(.bss)
    _UART6_DMA_TX_BUF                        0x20000068   Data         100  usart.o(.bss)
    _UART6_DMA_RX_BUF                        0x200000cc   Data         200  usart.o(.bss)
    _UART5_DMA_TX_BUF                        0x20000194   Data         100  usart.o(.bss)
    _UART5_DMA_RX_BUF                        0x200001f8   Data         200  usart.o(.bss)
    _UART4_DMA_TX_BUF                        0x200002c0   Data         100  usart.o(.bss)
    _UART4_DMA_RX_BUF                        0x20000324   Data         200  usart.o(.bss)
    _USART3_DMA_TX_BUF                       0x200003ec   Data         100  usart.o(.bss)
    _USART3_DMA_RX_BUF                       0x20000450   Data         200  usart.o(.bss)
    _UART2_DMA_TX_BUF                        0x20000518   Data         100  usart.o(.bss)
    _UART2_DMA_RX_BUF                        0x2000057c   Data         200  usart.o(.bss)
    _USART1_DMA_TX_BUF                       0x20000644   Data         100  usart.o(.bss)
    _USART1_DMA_RX_BUF                       0x200006a8   Data         200  usart.o(.bss)
    __stdin                                  0x20000770   Data          84  stdio_streams.o(.bss)
    __stdout                                 0x200007c4   Data          84  stdio_streams.o(.bss)
    __stderr                                 0x20000818   Data          84  stdio_streams.o(.bss)
    __libspace_start                         0x2000086c   Data          96  libspace.o(.bss)
    __temporary_stack_top$libspace           0x200008cc   Data           0  libspace.o(.bss)



==============================================================================

Memory Map of the image

  Image Entry point : 0x08000189

  Load Region LR_IROM1 (Base: 0x08000000, Size: 0x00003f80, Max: 0x00100000, ABSOLUTE)

    Execution Region ER_IROM1 (Base: 0x08000000, Size: 0x00003f40, Max: 0x00100000, ABSOLUTE)

    Base Addr    Size         Type   Attr      Idx    E Section Name        Object

    0x08000000   0x00000188   Data   RO          300    RESET               startup_stm32f40_41xxx.o
    0x08000188   0x00000008   Code   RO          961  * !!!main             c_w.l(__main.o)
    0x08000190   0x00000034   Code   RO         1309    !!!scatter          c_w.l(__scatter.o)
    0x080001c4   0x0000001a   Code   RO         1311    !!handler_copy      c_w.l(__scatter_copy.o)
    0x080001de   0x00000002   PAD
    0x080001e0   0x0000001c   Code   RO         1313    !!handler_zi        c_w.l(__scatter_zi.o)
    0x080001fc   0x00000002   Code   RO         1096    .ARM.Collect$$libinit$$00000000  c_w.l(libinit.o)
    0x080001fe   0x00000004   Code   RO         1097    .ARM.Collect$$libinit$$00000001  c_w.l(libinit2.o)
    0x08000202   0x00000000   Code   RO         1100    .ARM.Collect$$libinit$$00000004  c_w.l(libinit2.o)
    0x08000202   0x00000008   Code   RO         1101    .ARM.Collect$$libinit$$00000005  c_w.l(libinit2.o)
    0x0800020a   0x00000000   Code   RO         1103    .ARM.Collect$$libinit$$0000000A  c_w.l(libinit2.o)
    0x0800020a   0x00000000   Code   RO         1105    .ARM.Collect$$libinit$$0000000C  c_w.l(libinit2.o)
    0x0800020a   0x00000000   Code   RO         1107    .ARM.Collect$$libinit$$0000000E  c_w.l(libinit2.o)
    0x0800020a   0x00000000   Code   RO         1110    .ARM.Collect$$libinit$$00000011  c_w.l(libinit2.o)
    0x0800020a   0x00000000   Code   RO         1112    .ARM.Collect$$libinit$$00000013  c_w.l(libinit2.o)
    0x0800020a   0x00000000   Code   RO         1114    .ARM.Collect$$libinit$$00000015  c_w.l(libinit2.o)
    0x0800020a   0x00000000   Code   RO         1116    .ARM.Collect$$libinit$$00000017  c_w.l(libinit2.o)
    0x0800020a   0x00000000   Code   RO         1118    .ARM.Collect$$libinit$$00000019  c_w.l(libinit2.o)
    0x0800020a   0x00000000   Code   RO         1120    .ARM.Collect$$libinit$$0000001B  c_w.l(libinit2.o)
    0x0800020a   0x00000000   Code   RO         1122    .ARM.Collect$$libinit$$0000001D  c_w.l(libinit2.o)
    0x0800020a   0x00000000   Code   RO         1124    .ARM.Collect$$libinit$$0000001F  c_w.l(libinit2.o)
    0x0800020a   0x00000000   Code   RO         1126    .ARM.Collect$$libinit$$00000021  c_w.l(libinit2.o)
    0x0800020a   0x00000000   Code   RO         1128    .ARM.Collect$$libinit$$00000023  c_w.l(libinit2.o)
    0x0800020a   0x00000004   Code   RO         1129    .ARM.Collect$$libinit$$00000024  c_w.l(libinit2.o)
    0x0800020e   0x00000000   Code   RO         1130    .ARM.Collect$$libinit$$00000025  c_w.l(libinit2.o)
    0x0800020e   0x00000000   Code   RO         1134    .ARM.Collect$$libinit$$0000002C  c_w.l(libinit2.o)
    0x0800020e   0x00000000   Code   RO         1136    .ARM.Collect$$libinit$$0000002E  c_w.l(libinit2.o)
    0x0800020e   0x00000000   Code   RO         1138    .ARM.Collect$$libinit$$00000030  c_w.l(libinit2.o)
    0x0800020e   0x00000000   Code   RO         1140    .ARM.Collect$$libinit$$00000032  c_w.l(libinit2.o)
    0x0800020e   0x00000002   Code   RO         1141    .ARM.Collect$$libinit$$00000033  c_w.l(libinit2.o)
    0x08000210   0x00000002   Code   RO         1288    .ARM.Collect$$libshutdown$$00000000  c_w.l(libshutdown.o)
    0x08000212   0x00000000   Code   RO         1143    .ARM.Collect$$libshutdown$$00000002  c_w.l(libshutdown2.o)
    0x08000212   0x00000004   Code   RO         1144    .ARM.Collect$$libshutdown$$00000003  c_w.l(libshutdown2.o)
    0x08000216   0x00000000   Code   RO         1145    .ARM.Collect$$libshutdown$$00000004  c_w.l(libshutdown2.o)
    0x08000216   0x00000000   Code   RO         1148    .ARM.Collect$$libshutdown$$00000007  c_w.l(libshutdown2.o)
    0x08000216   0x00000000   Code   RO         1151    .ARM.Collect$$libshutdown$$0000000A  c_w.l(libshutdown2.o)
    0x08000216   0x00000000   Code   RO         1153    .ARM.Collect$$libshutdown$$0000000C  c_w.l(libshutdown2.o)
    0x08000216   0x00000000   Code   RO         1156    .ARM.Collect$$libshutdown$$0000000F  c_w.l(libshutdown2.o)
    0x08000216   0x00000002   Code   RO         1157    .ARM.Collect$$libshutdown$$00000010  c_w.l(libshutdown2.o)
    0x08000218   0x00000000   Code   RO          963    .ARM.Collect$$rtentry$$00000000  c_w.l(__rtentry.o)
    0x08000218   0x00000000   Code   RO          973    .ARM.Collect$$rtentry$$00000002  c_w.l(__rtentry2.o)
    0x08000218   0x00000006   Code   RO          985    .ARM.Collect$$rtentry$$00000004  c_w.l(__rtentry4.o)
    0x0800021e   0x00000000   Code   RO          975    .ARM.Collect$$rtentry$$00000009  c_w.l(__rtentry2.o)
    0x0800021e   0x00000004   Code   RO          976    .ARM.Collect$$rtentry$$0000000A  c_w.l(__rtentry2.o)
    0x08000222   0x00000000   Code   RO          978    .ARM.Collect$$rtentry$$0000000C  c_w.l(__rtentry2.o)
    0x08000222   0x00000008   Code   RO          979    .ARM.Collect$$rtentry$$0000000D  c_w.l(__rtentry2.o)
    0x0800022a   0x00000002   Code   RO         1166    .ARM.Collect$$rtexit$$00000000  c_w.l(rtexit.o)
    0x0800022c   0x00000000   Code   RO         1224    .ARM.Collect$$rtexit$$00000002  c_w.l(rtexit2.o)
    0x0800022c   0x00000004   Code   RO         1225    .ARM.Collect$$rtexit$$00000003  c_w.l(rtexit2.o)
    0x08000230   0x00000006   Code   RO         1226    .ARM.Collect$$rtexit$$00000004  c_w.l(rtexit2.o)
    0x08000236   0x00000002   PAD
    0x08000238   0x00000000   Code   RO         1230    .emb_text           c_w.l(maybetermalloc1.o)
    0x08000238   0x0000007c   Code   RO            3    .text               main.o
    0x080002b4   0x0000001a   Code   RO          153    .text               stm32f4xx_it.o
    0x080002ce   0x00000002   PAD
    0x080002d0   0x00000450   Code   RO          176    .text               can.o
    0x08000720   0x00000fc8   Code   RO          229    .text               usart.o
    0x080016e8   0x00000040   Code   RO          301    .text               startup_stm32f40_41xxx.o
    0x08001728   0x000000e0   Code   RO          307    .text               misc.o
    0x08001808   0x000009f0   Code   RO          347    .text               stm32f4xx_can.o
    0x080021f8   0x000003a8   Code   RO          567    .text               stm32f4xx_dma.o
    0x080025a0   0x0000025c   Code   RO          607    .text               stm32f4xx_gpio.o
    0x080027fc   0x00000588   Code   RO          747    .text               stm32f4xx_rcc.o
    0x08002d84   0x0000041a   Code   RO          889    .text               stm32f4xx_usart.o
    0x0800319e   0x00000002   PAD
    0x080031a0   0x00000210   Code   RO          929    .text               system_stm32f4xx.o
    0x080033b0   0x00000018   Code   RO          957    .text               c_w.l(noretval__2printf.o)
    0x080033c8   0x00000006   Code   RO          959    .text               c_w.l(heapauxi.o)
    0x080033ce   0x00000002   PAD
    0x080033d0   0x00000024   Code   RO          964    .text               c_w.l(_printf_char_file.o)
    0x080033f4   0x00000030   Code   RO          987    .text               c_w.l(_printf_char_common.o)
    0x08003424   0x00000008   Code   RO          989    .text               c_w.l(ferror.o)
    0x0800342c   0x00000138   Code   RO          995    .text               c_w.l(initio.o)
    0x08003564   0x00000066   Code   RO         1003    .text               c_w.l(sys_io.o)
    0x080035ca   0x0000004a   Code   RO         1010    .text               c_w.l(sys_stackheap_outer.o)
    0x08003614   0x0000004e   Code   RO         1014    .text               c_w.l(h1_free.o)
    0x08003662   0x00000028   Code   RO         1068    .text               c_w.l(__printf_nopercent.o)
    0x0800368a   0x000001d6   Code   RO         1070    .text               c_w.l(flsbuf.o)
    0x08003860   0x00000046   Code   RO         1072    .text               c_w.l(setvbuf.o)
    0x080038a6   0x00000002   PAD
    0x080038a8   0x000000ec   Code   RO         1075    .text               c_w.l(fopen.o)
    0x08003994   0x0000004c   Code   RO         1077    .text               c_w.l(fclose.o)
    0x080039e0   0x00000012   Code   RO         1083    .text               c_w.l(exit.o)
    0x080039f2   0x0000000e   Code   RO         1085    .text               c_w.l(defsig_rtred_outer.o)
    0x08003a00   0x0000004e   Code   RO         1089    .text               c_w.l(rt_memclr_w.o)
    0x08003a4e   0x00000002   PAD
    0x08003a50   0x00000008   Code   RO         1160    .text               c_w.l(libspace.o)
    0x08003a58   0x00000002   Code   RO         1163    .text               c_w.l(use_no_semi.o)
    0x08003a5a   0x00000000   Code   RO         1165    .text               c_w.l(indicate_semi.o)
    0x08003a5a   0x00000002   PAD
    0x08003a5c   0x00000008   Code   RO         1173    .text               c_w.l(rt_heap_descriptor_intlibspace.o)
    0x08003a64   0x00000004   Code   RO         1175    .text               c_w.l(hguard.o)
    0x08003a68   0x0000008a   Code   RO         1177    .text               c_w.l(init_alloc.o)
    0x08003af2   0x0000005e   Code   RO         1183    .text               c_w.l(h1_alloc.o)
    0x08003b50   0x000000f8   Code   RO         1199    .text               c_w.l(fseek.o)
    0x08003c48   0x000000f0   Code   RO         1201    .text               c_w.l(stdio.o)
    0x08003d38   0x0000000a   Code   RO         1207    .text               c_w.l(defsig_exit.o)
    0x08003d42   0x00000002   PAD
    0x08003d44   0x00000034   Code   RO         1209    .text               c_w.l(defsig_rtred_inner.o)
    0x08003d78   0x0000003e   Code   RO         1213    .text               c_w.l(strlen.o)
    0x08003db6   0x00000002   PAD
    0x08003db8   0x0000000c   Code   RO         1221    .text               c_w.l(sys_exit.o)
    0x08003dc4   0x0000000e   Code   RO         1232    .text               c_w.l(h1_init.o)
    0x08003dd2   0x00000034   Code   RO         1234    .text               c_w.l(h1_extend.o)
    0x08003e06   0x00000042   Code   RO         1244    .text               c_w.l(ftell.o)
    0x08003e48   0x00000032   Code   RO         1252    .text               c_w.l(defsig_general.o)
    0x08003e7a   0x0000000e   Code   RO         1254    .text               c_w.l(defsig_rtmem_outer.o)
    0x08003e88   0x0000000e   Code   RO         1269    .text               c_w.l(sys_wrch.o)
    0x08003e96   0x00000002   PAD
    0x08003e98   0x00000008   Code   RO         1276    .text               c_w.l(rt_errno_addr_intlibspace.o)
    0x08003ea0   0x00000050   Code   RO         1282    .text               c_w.l(defsig_rtmem_inner.o)
    0x08003ef0   0x0000001a   Code   RO          992    i.fputc             c_w.l(fputc.o)
    0x08003f0a   0x0000000a   Code   RO         1219    x$fpl$fpinit        fz_wm.l(fpinit.o)
    0x08003f14   0x00000004   Data   RO         1004    .constdata          c_w.l(sys_io.o)
    0x08003f18   0x00000004   Data   RO         1005    .constdata          c_w.l(sys_io.o)
    0x08003f1c   0x00000004   Data   RO         1006    .constdata          c_w.l(sys_io.o)
    0x08003f20   0x00000020   Data   RO         1307    Region$$Table       anon$$obj.o


    Execution Region RW_IRAM1 (Base: 0x20000000, Size: 0x00000ed0, Max: 0x00020000, ABSOLUTE)

    Base Addr    Size         Type   Attr      Idx    E Section Name        Object

    0x20000000   0x00000010   Data   RW          231    .data               usart.o
    0x20000010   0x00000010   Data   RW          748    .data               stm32f4xx_rcc.o
    0x20000020   0x00000014   Data   RW          930    .data               system_stm32f4xx.o
    0x20000034   0x00000004   Data   RW          969    .data               c_w.l(stdio_streams.o)
    0x20000038   0x00000004   Data   RW          970    .data               c_w.l(stdio_streams.o)
    0x2000003c   0x00000004   Data   RW          971    .data               c_w.l(stdio_streams.o)
    0x20000040   0x00000028   Zero   RW          177    .bss                can.o
    0x20000068   0x00000708   Zero   RW          230    .bss                usart.o
    0x20000770   0x00000054   Zero   RW          966    .bss                c_w.l(stdio_streams.o)
    0x200007c4   0x00000054   Zero   RW          967    .bss                c_w.l(stdio_streams.o)
    0x20000818   0x00000054   Zero   RW          968    .bss                c_w.l(stdio_streams.o)
    0x2000086c   0x00000060   Zero   RW         1161    .bss                c_w.l(libspace.o)
    0x200008cc   0x00000004   PAD
    0x200008d0   0x00000200   Zero   RW          299    HEAP                startup_stm32f40_41xxx.o
    0x20000ad0   0x00000400   Zero   RW          298    STACK               startup_stm32f40_41xxx.o


==============================================================================

Image component sizes


      Code (inc. data)   RO Data    RW Data    ZI Data      Debug   Object Name

      1104         20          0          0         40     242645   can.o
       124         14          0          0          0     270403   main.o
       224         20          0          0          0       1941   misc.o
        64         26        392          0       1536        872   startup_stm32f40_41xxx.o
      2544         38          0          0          0       8268   stm32f4xx_can.o
       936         32          0          0          0       6517   stm32f4xx_dma.o
       604         36          0          0          0       4253   stm32f4xx_gpio.o
        26          0          0          0          0       1270   stm32f4xx_it.o
      1416         48          0         16          0      11219   stm32f4xx_rcc.o
      1050         26          0          0          0       7980   stm32f4xx_usart.o
       528         46          0         20          0       2047   system_stm32f4xx.o
      4040        188          0         16       1800     225720   usart.o

    ----------------------------------------------------------------------
     12664        494        424         52       3376     783135   Object Totals
         0          0         32          0          0          0   (incl. Generated)
         4          0          0          0          0          0   (incl. Padding)

    ----------------------------------------------------------------------

      Code (inc. data)   RO Data    RW Data    ZI Data      Debug   Library Member Name

         8          0          0          0          0         68   __main.o
        40          0          0          0          0         84   __printf_nopercent.o
         0          0          0          0          0          0   __rtentry.o
        12          0          0          0          0          0   __rtentry2.o
         6          0          0          0          0          0   __rtentry4.o
        52          8          0          0          0          0   __scatter.o
        26          0          0          0          0          0   __scatter_copy.o
        28          0          0          0          0          0   __scatter_zi.o
        48          6          0          0          0         96   _printf_char_common.o
        36          4          0          0          0         80   _printf_char_file.o
        10          0          0          0          0         68   defsig_exit.o
        50          0          0          0          0         88   defsig_general.o
        80         58          0          0          0         76   defsig_rtmem_inner.o
        14          0          0          0          0         80   defsig_rtmem_outer.o
        52         38          0          0          0         76   defsig_rtred_inner.o
        14          0          0          0          0         80   defsig_rtred_outer.o
        18          0          0          0          0         80   exit.o
        76          0          0          0          0         88   fclose.o
         8          0          0          0          0         68   ferror.o
       470          0          0          0          0         88   flsbuf.o
       236          4          0          0          0        128   fopen.o
        26          0          0          0          0         68   fputc.o
       248          6          0          0          0         84   fseek.o
        66          0          0          0          0         76   ftell.o
        94          0          0          0          0         80   h1_alloc.o
        52          0          0          0          0         68   h1_extend.o
        78          0          0          0          0         80   h1_free.o
        14          0          0          0          0         84   h1_init.o
         6          0          0          0          0        152   heapauxi.o
         4          0          0          0          0        136   hguard.o
         0          0          0          0          0          0   indicate_semi.o
       138          0          0          0          0        168   init_alloc.o
       312         46          0          0          0        112   initio.o
         2          0          0          0          0          0   libinit.o
        18          0          0          0          0          0   libinit2.o
         2          0          0          0          0          0   libshutdown.o
         6          0          0          0          0          0   libshutdown2.o
         8          4          0          0         96         68   libspace.o
         0          0          0          0          0          0   maybetermalloc1.o
        24          4          0          0          0         84   noretval__2printf.o
         8          4          0          0          0         68   rt_errno_addr_intlibspace.o
         8          4          0          0          0         68   rt_heap_descriptor_intlibspace.o
        78          0          0          0          0         80   rt_memclr_w.o
         2          0          0          0          0          0   rtexit.o
        10          0          0          0          0          0   rtexit2.o
        70          0          0          0          0         80   setvbuf.o
       240          6          0          0          0        156   stdio.o
         0          0          0         12        252          0   stdio_streams.o
        62          0          0          0          0         76   strlen.o
        12          4          0          0          0         68   sys_exit.o
       102          0         12          0          0        240   sys_io.o
        74          0          0          0          0         80   sys_stackheap_outer.o
        14          0          0          0          0         76   sys_wrch.o
         2          0          0          0          0         68   use_no_semi.o
        10          0          0          0          0        116   fpinit.o

    ----------------------------------------------------------------------
      3092        196         12         12        352       3684   Library Totals
        18          0          0          0          4          0   (incl. Padding)

    ----------------------------------------------------------------------

      Code (inc. data)   RO Data    RW Data    ZI Data      Debug   Library Name

      3064        196         12         12        348       3568   c_w.l
        10          0          0          0          0        116   fz_wm.l

    ----------------------------------------------------------------------
      3092        196         12         12        352       3684   Library Totals

    ----------------------------------------------------------------------

==============================================================================


      Code (inc. data)   RO Data    RW Data    ZI Data      Debug   

     15756        690        436         64       3728     782847   Grand Totals
     15756        690        436         64       3728     782847   ELF Image Totals
     15756        690        436         64          0          0   ROM Totals

==============================================================================

    Total RO  Size (Code + RO Data)                16192 (  15.81kB)
    Total RW  Size (RW Data + ZI Data)              3792 (   3.70kB)
    Total ROM Size (Code + RO Data + RW Data)      16256 (  15.88kB)

==============================================================================

