Component: ARM Compiler 5.06 update 4 (build 422) Tool: armlink [4d35d2]

==============================================================================

Section Cross References

    main.o(.text) refers to bsp.o(.text) for BSP_Init
    main.o(.text) refers to control_task.o(.text) for control_task_Init
    system_stm32f4xx.o(.text) refers to system_stm32f4xx.o(.data) for SystemCoreClock
    bsp.o(.text) refers to misc.o(.text) for NVIC_PriorityGroupConfig
    bsp.o(.text) refers to usart.o(.text) for usart1_init
    bsp.o(.text) refers to can.o(.text) for CAN1_Mode_Init
    bsp.o(.text) refers to timer.o(.text) for TIM6_Configuration
    control_task.o(.text) refers to buff_karman_filter.o(.text) for buff_karman_filter_calc
    control_task.o(.text) refers to can_chassis_transmit.o(.text) for can_chassis_task
    control_task.o(.text) refers to gimbal_task.o(.text) for gimbal_task
    control_task.o(.text) refers to canbus.o(.text) for can_bus_send_task
    control_task.o(.text) refers to control_task.o(.data) for time_tick
    control_task.o(.text) refers to auto_shoot.o(.bss) for new_location
    control_task.o(.text) refers to gimbal_task.o(.data) for pit_angle_ref_aim
    control_task.o(.text) refers to buff_karman_filter.o(.data) for buff_kalman_filter
    control_task.o(.text) refers to judge.o(.bss) for judge_rece_mesg
    control_task.o(.text) refers to infantry_mode_switch_task.o(.bss) for chassis
    control_task.o(.text) refers to senior.o(.bss) for yaw_Encoder
    buff_karman_filter.o(.text) refers to matrixfunctions.o(.text) for arm_mat_init_f32
    buff_karman_filter.o(.text) refers to supportfunctions.o(.text) for arm_copy_f32
    buff_karman_filter.o(.text) refers to buff_karman_filter.o(.data) for state_kalman_init
    buff_karman_filter.o(.text) refers to buff_karman_filter.o(.bss) for bTEMP_data
    gimbal_task.o(.text) refers to rt_memclr_w.o(.text) for __aeabi_memclr4
    gimbal_task.o(.text) refers to oldpid.o(.text) for PID_struct_init
    gimbal_task.o(.text) refers to f2d.o(x$fpl$f2d) for __aeabi_f2d
    gimbal_task.o(.text) refers to cos.o(i.__hardfp_cos) for __hardfp_cos
    gimbal_task.o(.text) refers to ddiv.o(x$fpl$ddiv) for __aeabi_ddiv
    gimbal_task.o(.text) refers to d2f.o(x$fpl$d2f) for __aeabi_d2f
    gimbal_task.o(.text) refers to atan2.o(i.__hardfp_atan2) for __hardfp_atan2
    gimbal_task.o(.text) refers to dmul.o(x$fpl$dmul) for __aeabi_dmul
    gimbal_task.o(.text) refers to daddsub_clz.o(x$fpl$dadd) for __aeabi_dadd
    gimbal_task.o(.text) refers to sin.o(i.__hardfp_sin) for __hardfp_sin
    gimbal_task.o(.text) refers to gimbal_task.o(.bss) for gimbal_data
    gimbal_task.o(.text) refers to senior.o(.bss) for gimbal_gyro
    gimbal_task.o(.text) refers to daddsub_clz.o(x$fpl$dsub) for __aeabi_dsub
    gimbal_task.o(.text) refers to sqrt.o(i.__hardfp_sqrt) for __hardfp_sqrt
    gimbal_task.o(.text) refers to atan.o(i.__hardfp_atan) for __hardfp_atan
    gimbal_task.o(.text) refers to dflt_clz.o(x$fpl$dflt) for __aeabi_i2d
    gimbal_task.o(.text) refers to gimbal_task.o(.data) for first_flag
    gimbal_task.o(.text) refers to auto_shoot.o(.bss) for new_location
    gimbal_task.o(.text) refers to buff_karman_filter.o(.data) for buff_kalman_filter
    gimbal_task.o(.text) refers to remote.o(.bss) for RC_CtrlData
    gimbal_task.o(.text) refers to basic.o(x$fpl$basic) for __aeabi_dneg
    gimbal_task.o(.text) refers to fabs.o(i.__hardfp_fabs) for __hardfp_fabs
    gimbal_task.o(.text) refers to dleqf.o(x$fpl$dleqf) for __aeabi_cdcmple
    infantry_mode_switch_task.o(.text) refers to dflt_clz.o(x$fpl$dflt) for __aeabi_i2d
    infantry_mode_switch_task.o(.text) refers to dmul.o(x$fpl$dmul) for __aeabi_dmul
    infantry_mode_switch_task.o(.text) refers to f2d.o(x$fpl$f2d) for __aeabi_f2d
    infantry_mode_switch_task.o(.text) refers to daddsub_clz.o(x$fpl$dadd) for __aeabi_dadd
    infantry_mode_switch_task.o(.text) refers to d2f.o(x$fpl$d2f) for __aeabi_d2f
    infantry_mode_switch_task.o(.text) refers to infantry_mode_switch_task.o(.data) for this_input_mode
    infantry_mode_switch_task.o(.text) refers to remote.o(.bss) for RC_CtrlData
    infantry_mode_switch_task.o(.text) refers to gimbal_task.o(.bss) for gimbal_data
    infantry_mode_switch_task.o(.text) refers to infantry_mode_switch_task.o(.bss) for chassis
    infantry_mode_switch_task.o(.text) refers to gimbal_task.o(.data) for pitch_min
    oldpid.o(.text) refers to f2d.o(x$fpl$f2d) for __aeabi_f2d
    oldpid.o(.text) refers to fabs.o(i.__hardfp_fabs) for __hardfp_fabs
    oldpid.o(.text) refers to drleqf.o(x$fpl$drleqf) for __aeabi_cdrcmple
    oldpid.o(.text) refers to dleqf.o(x$fpl$dleqf) for __aeabi_cdcmple
    protobuf-c.o(.text) refers to h1_alloc.o(.text) for malloc
    protobuf-c.o(.text) refers to h1_free.o(.text) for free
    protobuf-c.o(.text) refers to rt_memcpy_v6.o(.text) for __aeabi_memcpy
    protobuf-c.o(.text) refers to strlen.o(.text) for strlen
[...]
    __rt_lib_init_rand_1                     0x08000243   Thumb Code     0  libinit2.o(.ARM.Collect$$libinit$$0000000E)
    __rt_lib_init_return                     0x08000243   Thumb Code     0  libinit2.o(.ARM.Collect$$libinit$$00000033)
    __rt_lib_init_signal_1                   0x08000243   Thumb Code     0  libinit2.o(.ARM.Collect$$libinit$$0000001D)
    __rt_lib_init_stdio_1                    0x08000243   Thumb Code     0  libinit2.o(.ARM.Collect$$libinit$$00000025)
    __rt_lib_init_user_alloc_1               0x08000243   Thumb Code     0  libinit2.o(.ARM.Collect$$libinit$$0000000C)
    __rt_lib_shutdown                        0x08000245   Thumb Code     0  libshutdown.o(.ARM.Collect$$libshutdown$$00000000)
    __rt_lib_shutdown_cpp_1                  0x08000247   Thumb Code     0  libshutdown2.o(.ARM.Collect$$libshutdown$$00000002)
    __rt_lib_shutdown_fp_trap_1              0x08000247   Thumb Code     0  libshutdown2.o(.ARM.Collect$$libshutdown$$00000007)
    __rt_lib_shutdown_heap_1                 0x08000247   Thumb Code     0  libshutdown2.o(.ARM.Collect$$libshutdown$$0000000F)
    __rt_lib_shutdown_return                 0x08000247   Thumb Code     0  libshutdown2.o(.ARM.Collect$$libshutdown$$00000010)
    __rt_lib_shutdown_signal_1               0x08000247   Thumb Code     0  libshutdown2.o(.ARM.Collect$$libshutdown$$0000000A)
    __rt_lib_shutdown_stdio_1                0x08000247   Thumb Code     0  libshutdown2.o(.ARM.Collect$$libshutdown$$00000004)
    __rt_lib_shutdown_user_alloc_1           0x08000247   Thumb Code     0  libshutdown2.o(.ARM.Collect$$libshutdown$$0000000C)
    __rt_entry                               0x08000249   Thumb Code     0  __rtentry.o(.ARM.Collect$$rtentry$$00000000)
    __rt_entry_presh_1                       0x08000249   Thumb Code     0  __rtentry2.o(.ARM.Collect$$rtentry$$00000002)
    __rt_entry_sh                            0x08000249   Thumb Code     0  __rtentry4.o(.ARM.Collect$$rtentry$$00000004)
    __rt_entry_li                            0x0800024f   Thumb Code     0  __rtentry2.o(.ARM.Collect$$rtentry$$0000000A)
    __rt_entry_postsh_1                      0x0800024f   Thumb Code     0  __rtentry2.o(.ARM.Collect$$rtentry$$00000009)
    __rt_entry_main                          0x08000253   Thumb Code     0  __rtentry2.o(.ARM.Collect$$rtentry$$0000000D)
    __rt_entry_postli_1                      0x08000253   Thumb Code     0  __rtentry2.o(.ARM.Collect$$rtentry$$0000000C)
    __rt_exit                                0x0800025b   Thumb Code     0  rtexit.o(.ARM.Collect$$rtexit$$00000000)
    __rt_exit_ls                             0x0800025d   Thumb Code     0  rtexit2.o(.ARM.Collect$$rtexit$$00000003)
    __rt_exit_prels_1                        0x0800025d   Thumb Code     0  rtexit2.o(.ARM.Collect$$rtexit$$00000002)
    __rt_exit_exit                           0x08000261   Thumb Code     0  rtexit2.o(.ARM.Collect$$rtexit$$00000004)
    main                                     0x08000267   Thumb Code    12  main.o(.text)
    NMI_Handler                              0x08000273   Thumb Code     2  stm32f4xx_it.o(.text)
    HardFault_Handler                        0x08000275   Thumb Code     4  stm32f4xx_it.o(.text)
    MemManage_Handler                        0x08000279   Thumb Code     4  stm32f4xx_it.o(.text)
    BusFault_Handler                         0x0800027d   Thumb Code     4  stm32f4xx_it.o(.text)
    UsageFault_Handler                       0x08000281   Thumb Code     4  stm32f4xx_it.o(.text)
    SVC_Handler                              0x08000285   Thumb Code     2  stm32f4xx_it.o(.text)
    DebugMon_Handler                         0x08000287   Thumb Code     2  stm32f4xx_it.o(.text)
    PendSV_Handler                           0x08000289   Thumb Code     2  stm32f4xx_it.o(.text)
    SysTick_Handler                          0x0800028b   Thumb Code     2  stm32f4xx_it.o(.text)
    SystemInit                               0x08000369   Thumb Code    88  system_stm32f4xx.o(.text)
    SystemCoreClockUpdate                    0x080003c1   Thumb Code   174  system_stm32f4xx.o(.text)
    BSP_Init                                 0x0800049d   Thumb Code    82  bsp.o(.text)
    control_task                             0x080004f5   Thumb Code   176  control_task.o(.text)
    control_task_Init                        0x080005a5   Thumb Code     8  control_task.o(.text)
    buff_karman_filter_Init                  0x080005d1   Thumb Code   206  buff_karman_filter.o(.text)
    buff_karman_filter_calc                  0x0800069f   Thumb Code   478  buff_karman_filter.o(.text)
    buff_kalman_filter_reset                 0x0800087d   Thumb Code    52  buff_karman_filter.o(.text)
    gimbal_parameter_Init                    0x080008e5   Thumb Code   568  gimbal_task.o(.text)
    raw_data_to_pitch_angle                  0x08000b1d   Thumb Code   852  gimbal_task.o(.text)
    auto_big_buff_handle                     0x08000e71   Thumb Code   852  gimbal_task.o(.text)
    auto_small_buff_handle                   0x080011c5   Thumb Code   756  gimbal_task.o(.text)
    gimbal_follow_gyro_handle                0x080014b9   Thumb Code   598  gimbal_task.o(.text)
    gimbal_init_handle                       0x0800170f   Thumb Code   560  gimbal_task.o(.text)
    gimbal_task                              0x0800193f   Thumb Code   154  gimbal_task.o(.text)
    infantry_mode_switch_task                0x08001a21   Thumb Code  1194  infantry_mode_switch_task.o(.text)
    abs_limit                                0x08001ed9   Thumb Code    46  oldpid.o(.text)
    pid_calc                                 0x08001f49   Thumb Code   504  oldpid.o(.text)
    pid_calc1                                0x08002141   Thumb Code   502  oldpid.o(.text)
    PID_struct_init                          0x08002337   Thumb Code    66  oldpid.o(.text)
    pid_clr                                  0x08002379   Thumb Code    58  oldpid.o(.text)
    pid_double_loop_cal                      0x080023b3   Thumb Code    74  oldpid.o(.text)
    Can1ReceiveMsgProcess                    0x08002401   Thumb Code    16  canbus.o(.text)
    Can2ReceiveMsgProcess                    0x08002411   Thumb Code    52  canbus.o(.text)
    can_bus_send_task                        0x08002445   Thumb Code    26  canbus.o(.text)
    CH100_getDATA                            0x08002471   Thumb Code   238  ch100.o(.text)
    GetEncoderBias                           0x08002579   Thumb Code    26  dji_motor.o(.text)
    EncoderProcess                           0x08002593   Thumb Code   224  dji_motor.o(.text)
    GM6020EncoderProcess                     0x08002673   Thumb Code   180  dji_motor.o(.text)
    M3508orM2006EncoderTask                  0x08002727   Thumb Code    38  dji_motor.o(.text)
    GM6020EncoderTask                        0x0800274d   Thumb Code    76  dji_motor.o(.text)
    Set_GM6020_IQ1                           0x08002799   Thumb Code    92  dji_motor.o(.text)
    Set_GM6020_IQ2                           0x080027f5   Thumb Code    92  dji_motor.o(.text)
    Set_C620andC610_IQ1                      0x08002851   Thumb Code    92  dji_motor.o(.text)
    Set_C620andC610_IQ2                      0x080028ad   Thumb Code    92  dji_motor.o(.text)
    HI220_getDATA                            0x0800294d   Thumb Code  1314  hi220.o(.text)
    Get_CRC8_Check_Sum                       0x08002e95   Thumb Code    30  judge.o(.text)
    Verify_CRC8_Check_Sum                    0x08002eb3   Thumb Code    46  judge.o(.text)
    Append_CRC8_Check_Sum                    0x08002ee1   Thumb Code    36  judge.o(.text)
    Get_CRC16_Check_Sum                      0x08002f05   Thumb Code    46  judge.o(.text)
    Verify_CRC16_Check_Sum                   0x08002f33   Thumb Code    60  judge.o(.text)
    Append_CRC16_Check_Sum                   0x08002f6f   Thumb Code    44  judge.o(.text)
    get_crc8                                 0x08002f9b   Thumb Code    30  judge.o(.text)
    judgement_data_handle                    0x08002fb9   Thumb Code   440  judge.o(.text)
    T_Key_procces                            0x08003181   Thumb Code    48  remote.o(.text)
    updateKeyFlag                            0x080031b1   Thumb Code    16  remote.o(.text)
    keyborad_process                         0x080031c1   Thumb Code   470  remote.o(.text)
    GetRemoteSwitchAction                    0x08003397   Thumb Code    90  remote.o(.text)
    SetInputMode                             0x080033f1   Thumb Code    30  remote.o(.text)
    RemoteDataPrcess                         0x0800340f   Thumb Code   208  remote.o(.text)
    can_chassis_send1                        0x08003565   Thumb Code   100  can_chassis_transmit.o(.text)
    can_chassis_send2                        0x080035c9   Thumb Code   106  can_chassis_transmit.o(.text)
    can_chassis_send3                        0x08003633   Thumb Code   140  can_chassis_transmit.o(.text)
    can_chassis_task                         0x080036bf   Thumb Code   124  can_chassis_transmit.o(.text)
    can_chassis_receive_task                 0x0800373b   Thumb Code   178  can_chassis_transmit.o(.text)
    CAN1_Mode_Init                           0x080037fd   Thumb Code   230  can.o(.text)
    CAN1_TX_IRQHandler                       0x080038e3   Thumb Code    22  can.o(.text)
    CAN1_RX0_IRQHandler                      0x080038f9   Thumb Code    54  can.o(.text)
    CAN2_Mode_Init                           0x0800392f   Thumb Code   260  can.o(.text)
    CAN2_TX_IRQHandler                       0x08003a33   Thumb Code    22  can.o(.text)
    CAN2_RX0_IRQHandler                      0x08003a49   Thumb Code    46  can.o(.text)
    usart1_init                              0x08003a8d   Thumb Code   298  usart.o(.text)
    USART1_IRQHandler                        0x08003bb7   Thumb Code   192  usart.o(.text)
    usart2_init                              0x08003c77   Thumb Code   304  usart.o(.text)
    USART2_IRQHandler                        0x08003da7   Thumb Code   158  usart.o(.text)
    usart3_init                              0x08003e45   Thumb Code   328  usart.o(.text)
    USART3_IRQHandler                        0x08003f8d   Thumb Code    80  usart.o(.text)
    uart4_init                               0x08003fdd   Thumb Code   430  usart.o(.text)
    UART4_IRQHandler                         0x0800418b   Thumb Code    86  usart.o(.text)
    Uart4DmaSendDataProc                     0x080041e1   Thumb Code    24  usart.o(.text)
    DMA1_Stream4_IRQHandler                  0x080041f9   Thumb Code    36  usart.o(.text)
    Uart4SendByteInfoProc                    0x0800421d   Thumb Code    24  usart.o(.text)
    Uart4SendBytesInfoProc                   0x08004235   Thumb Code    44  usart.o(.text)
    uart5_init                               0x08004261   Thumb Code   532  usart.o(.text)
    MYDMA_Enable                             0x08004475   Thumb Code    44  usart.o(.text)
    UART5_IRQHandler                         0x080044a1   Thumb Code   184  usart.o(.text)
    usart6_init                              0x08004559   Thumb Code   272  usart.o(.text)
    USART6_IRQHandler                        0x08004669   Thumb Code    88  usart.o(.text)
    TIM6_Configuration                       0x080046f9   Thumb Code    98  timer.o(.text)
    TIM6_DAC_IRQHandler                      0x0800475b   Thumb Code    38  timer.o(.text)
    NVIC_PriorityGroupConfig                 0x08004785   Thumb Code    10  misc.o(.text)
    NVIC_Init                                0x0800478f   Thumb Code   106  misc.o(.text)
    NVIC_SetVectorTable                      0x080047f9   Thumb Code    14  misc.o(.text)
    NVIC_SystemLPConfig                      0x08004807   Thumb Code    34  misc.o(.text)
    SysTick_CLKSourceConfig                  0x08004829   Thumb Code    40  misc.o(.text)
    CAN_DeInit                               0x08004865   Thumb Code    50  stm32f4xx_can.o(.text)
    CAN_Init                                 0x08004897   Thumb Code   276  stm32f4xx_can.o(.text)
    CAN_FilterInit                           0x080049ab   Thumb Code   258  stm32f4xx_can.o(.text)
    CAN_StructInit                           0x08004aad   Thumb Code    32  stm32f4xx_can.o(.text)
    CAN_SlaveStartBank                       0x08004acd   Thumb Code    48  stm32f4xx_can.o(.text)
    CAN_DBGFreeze                            0x08004afd   Thumb Code    22  stm32f4xx_can.o(.text)
    CAN_TTComModeCmd                         0x08004b13   Thumb Code   118  stm32f4xx_can.o(.text)
    CAN_Transmit                             0x08004b89   Thumb Code   304  stm32f4xx_can.o(.text)
    CAN_TransmitStatus                       0x08004cb9   Thumb Code   138  stm32f4xx_can.o(.text)
    CAN_CancelTransmit                       0x08004d43   Thumb Code    48  stm32f4xx_can.o(.text)
    CAN_Receive                              0x08004d73   Thumb Code   240  stm32f4xx_can.o(.text)
    CAN_FIFORelease                          0x08004e63   Thumb Code    22  stm32f4xx_can.o(.text)
    CAN_MessagePending                       0x08004e79   Thumb Code    30  stm32f4xx_can.o(.text)
    CAN_OperatingModeRequest                 0x08004e97   Thumb Code   162  stm32f4xx_can.o(.text)
    CAN_Sleep                                0x08004f39   Thumb Code    30  stm32f4xx_can.o(.text)
    CAN_WakeUp                               0x08004f57   Thumb Code    48  stm32f4xx_can.o(.text)
    CAN_GetLastErrorCode                     0x08004f87   Thumb Code    12  stm32f4xx_can.o(.text)
    CAN_GetReceiveErrorCounter               0x08004f93   Thumb Code    10  stm32f4xx_can.o(.text)
    CAN_GetLSBTransmitErrorCounter           0x08004f9d   Thumb Code    12  stm32f4xx_can.o(.text)
    CAN_ITConfig                             0x08004fa9   Thumb Code    18  stm32f4xx_can.o(.text)
    CAN_GetFlagStatus                        0x08004fbb   Thumb Code   120  stm32f4xx_can.o(.text)
    CAN_ClearFlag                            0x08005033   Thumb Code    52  stm32f4xx_can.o(.text)
    CAN_GetITStatus                          0x08005079   Thumb Code   310  stm32f4xx_can.o(.text)
    CAN_ClearITPendingBit                    0x080051af   Thumb Code   162  stm32f4xx_can.o(.text)
    DMA_DeInit                               0x08005255   Thumb Code   324  stm32f4xx_dma.o(.text)
    DMA_Init                                 0x08005399   Thumb Code    82  stm32f4xx_dma.o(.text)
    DMA_StructInit                           0x080053eb   Thumb Code    34  stm32f4xx_dma.o(.text)
    DMA_Cmd                                  0x0800540d   Thumb Code    22  stm32f4xx_dma.o(.text)
    DMA_PeriphIncOffsetSizeConfig            0x08005423   Thumb Code    22  stm32f4xx_dma.o(.text)
    DMA_FlowControllerConfig                 0x08005439   Thumb Code    22  stm32f4xx_dma.o(.text)
    DMA_SetCurrDataCounter                   0x0800544f   Thumb Code     4  stm32f4xx_dma.o(.text)
    DMA_GetCurrDataCounter                   0x08005453   Thumb Code     8  stm32f4xx_dma.o(.text)
    DMA_DoubleBufferModeConfig               0x0800545b   Thumb Code    24  stm32f4xx_dma.o(.text)
    DMA_DoubleBufferModeCmd                  0x08005473   Thumb Code    22  stm32f4xx_dma.o(.text)
    DMA_MemoryTargetConfig                   0x08005489   Thumb Code    10  stm32f4xx_dma.o(.text)
    DMA_GetCurrentMemoryTarget               0x08005493   Thumb Code    20  stm32f4xx_dma.o(.text)
    DMA_GetCmdStatus                         0x080054a7   Thumb Code    20  stm32f4xx_dma.o(.text)
    DMA_GetFIFOStatus                        0x080054bb   Thumb Code    12  stm32f4xx_dma.o(.text)
    DMA_GetFlagStatus                        0x080054c7   Thumb Code    56  stm32f4xx_dma.o(.text)
    DMA_ClearFlag                            0x080054ff   Thumb Code    40  stm32f4xx_dma.o(.text)
    DMA_ITConfig                             0x08005527   Thumb Code    58  stm32f4xx_dma.o(.text)
    DMA_GetITStatus                          0x08005561   Thumb Code    84  stm32f4xx_dma.o(.text)
    DMA_ClearITPendingBit                    0x080055b5   Thumb Code    40  stm32f4xx_dma.o(.text)
    GPIO_DeInit                              0x080055fd   Thumb Code   268  stm32f4xx_gpio.o(.text)
    GPIO_Init                                0x08005709   Thumb Code   144  stm32f4xx_gpio.o(.text)
    GPIO_StructInit                          0x08005799   Thumb Code    18  stm32f4xx_gpio.o(.text)
    GPIO_PinLockConfig                       0x080057ab   Thumb Code    34  stm32f4xx_gpio.o(.text)
    GPIO_ReadInputDataBit                    0x080057cd   Thumb Code    18  stm32f4xx_gpio.o(.text)
    GPIO_ReadInputData                       0x080057df   Thumb Code     8  stm32f4xx_gpio.o(.text)
    GPIO_ReadOutputDataBit                   0x080057e7   Thumb Code    18  stm32f4xx_gpio.o(.text)
    GPIO_ReadOutputData                      0x080057f9   Thumb Code     8  stm32f4xx_gpio.o(.text)
    GPIO_SetBits                             0x08005801   Thumb Code     4  stm32f4xx_gpio.o(.text)
    GPIO_ResetBits                           0x08005805   Thumb Code     4  stm32f4xx_gpio.o(.text)
    GPIO_WriteBit                            0x08005809   Thumb Code    10  stm32f4xx_gpio.o(.text)
    GPIO_Write                               0x08005813   Thumb Code     4  stm32f4xx_gpio.o(.text)
    GPIO_ToggleBits                          0x08005817   Thumb Code     8  stm32f4xx_gpio.o(.text)
    GPIO_PinAFConfig                         0x0800581f   Thumb Code    70  stm32f4xx_gpio.o(.text)
    RCC_DeInit                               0x08005891   Thumb Code    82  stm32f4xx_rcc.o(.text)
    RCC_HSEConfig                            0x080058e3   Thumb Code    14  stm32f4xx_rcc.o(.text)
    RCC_GetFlagStatus                        0x080058f1   Thumb Code    60  stm32f4xx_rcc.o(.text)
    RCC_WaitForHSEStartUp                    0x0800592d   Thumb Code    56  stm32f4xx_rcc.o(.text)
    RCC_AdjustHSICalibrationValue            0x08005965   Thumb Code    20  stm32f4xx_rcc.o(.text)
    RCC_HSICmd                               0x08005979   Thumb Code     6  stm32f4xx_rcc.o(.text)
    RCC_LSEConfig                            0x0800597f   Thumb Code    46  stm32f4xx_rcc.o(.text)
    RCC_LSICmd                               0x080059ad   Thumb Code     6  stm32f4xx_rcc.o(.text)
    RCC_PLLConfig                            0x080059b3   Thumb Code    32  stm32f4xx_rcc.o(.text)
    RCC_PLLCmd                               0x080059d3   Thumb Code     6  stm32f4xx_rcc.o(.text)
    RCC_PLLI2SConfig                         0x080059d9   Thumb Code    14  stm32f4xx_rcc.o(.text)
    RCC_PLLI2SCmd                            0x080059e7   Thumb Code     6  stm32f4xx_rcc.o(.text)
    RCC_PLLSAIConfig                         0x080059ed   Thumb Code    20  stm32f4xx_rcc.o(.text)
    RCC_PLLSAICmd                            0x08005a01   Thumb Code     6  stm32f4xx_rcc.o(.text)
    RCC_ClockSecuritySystemCmd               0x08005a07   Thumb Code     6  stm32f4xx_rcc.o(.text)
    RCC_MCO1Config                           0x08005a0d   Thumb Code    28  stm32f4xx_rcc.o(.text)
    RCC_MCO2Config                           0x08005a29   Thumb Code    28  stm32f4xx_rcc.o(.text)
    RCC_SYSCLKConfig                         0x08005a45   Thumb Code    20  stm32f4xx_rcc.o(.text)
    RCC_GetSYSCLKSource                      0x08005a59   Thumb Code    12  stm32f4xx_rcc.o(.text)
    RCC_HCLKConfig                           0x08005a65   Thumb Code    20  stm32f4xx_rcc.o(.text)
    RCC_PCLK1Config                          0x08005a79   Thumb Code    20  stm32f4xx_rcc.o(.text)
    RCC_PCLK2Config                          0x08005a8d   Thumb Code    22  stm32f4xx_rcc.o(.text)
    RCC_GetClocksFreq                        0x08005aa3   Thumb Code   222  stm32f4xx_rcc.o(.text)
    RCC_RTCCLKConfig                         0x08005b81   Thumb Code    54  stm32f4xx_rcc.o(.text)
    RCC_RTCCLKCmd                            0x08005bb7   Thumb Code     8  stm32f4xx_rcc.o(.text)
    RCC_BackupResetCmd                       0x08005bbf   Thumb Code     8  stm32f4xx_rcc.o(.text)
    RCC_I2SCLKConfig                         0x08005bc7   Thumb Code     6  stm32f4xx_rcc.o(.text)
    RCC_SAIPLLI2SClkDivConfig                0x08005bcd   Thumb Code    26  stm32f4xx_rcc.o(.text)
    RCC_SAIPLLSAIClkDivConfig                0x08005be7   Thumb Code    28  stm32f4xx_rcc.o(.text)
    RCC_SAIBlockACLKConfig                   0x08005c03   Thumb Code    20  stm32f4xx_rcc.o(.text)
    RCC_SAIBlockBCLKConfig                   0x08005c17   Thumb Code    20  stm32f4xx_rcc.o(.text)
    RCC_LTDCCLKDivConfig                     0x08005c2b   Thumb Code    20  stm32f4xx_rcc.o(.text)
    RCC_TIMCLKPresConfig                     0x08005c3f   Thumb Code     6  stm32f4xx_rcc.o(.text)
    RCC_AHB1PeriphClockCmd                   0x08005c45   Thumb Code    34  stm32f4xx_rcc.o(.text)
    RCC_AHB2PeriphClockCmd                   0x08005c67   Thumb Code    78  stm32f4xx_rcc.o(.text)
    RCC_AHB3PeriphClockCmd                   0x08005cb5   Thumb Code    34  stm32f4xx_rcc.o(.text)
    RCC_APB1PeriphClockCmd                   0x08005cd7   Thumb Code    34  stm32f4xx_rcc.o(.text)
    RCC_APB2PeriphClockCmd                   0x08005cf9   Thumb Code    34  stm32f4xx_rcc.o(.text)
    RCC_AHB1PeriphResetCmd                   0x08005d1b   Thumb Code    34  stm32f4xx_rcc.o(.text)
    RCC_AHB2PeriphResetCmd                   0x08005d3d   Thumb Code    34  stm32f4xx_rcc.o(.text)
    RCC_AHB3PeriphResetCmd                   0x08005d5f   Thumb Code    34  stm32f4xx_rcc.o(.text)
    RCC_APB1PeriphResetCmd                   0x08005d81   Thumb Code    34  stm32f4xx_rcc.o(.text)
    RCC_APB2PeriphResetCmd                   0x08005da3   Thumb Code    34  stm32f4xx_rcc.o(.text)
    RCC_AHB1PeriphClockLPModeCmd             0x08005dc5   Thumb Code    34  stm32f4xx_rcc.o(.text)
    RCC_AHB2PeriphClockLPModeCmd             0x08005de7   Thumb Code    34  stm32f4xx_rcc.o(.text)
    RCC_AHB3PeriphClockLPModeCmd             0x08005e09   Thumb Code    34  stm32f4xx_rcc.o(.text)
    RCC_APB1PeriphClockLPModeCmd             0x08005e2b   Thumb Code    34  stm32f4xx_rcc.o(.text)
    RCC_APB2PeriphClockLPModeCmd             0x08005e4d   Thumb Code    34  stm32f4xx_rcc.o(.text)
    RCC_LSEModeConfig                        0x08005e6f   Thumb Code    40  stm32f4xx_rcc.o(.text)
    RCC_ITConfig                             0x08005e97   Thumb Code    34  stm32f4xx_rcc.o(.text)
    RCC_ClearFlag                            0x08005eb9   Thumb Code    18  stm32f4xx_rcc.o(.text)
    RCC_GetITStatus                          0x08005ecb   Thumb Code    22  stm32f4xx_rcc.o(.text)
    RCC_ClearITPendingBit                    0x08005ee1   Thumb Code     8  stm32f4xx_rcc.o(.text)
    TIM_DeInit                               0x08005eed   Thumb Code   346  stm32f4xx_tim.o(.text)
    TIM_TimeBaseInit                         0x08006047   Thumb Code   104  stm32f4xx_tim.o(.text)
    TIM_TimeBaseStructInit                   0x080060af   Thumb Code    18  stm32f4xx_tim.o(.text)
    TIM_PrescalerConfig                      0x080060c1   Thumb Code     6  stm32f4xx_tim.o(.text)
    TIM_CounterModeConfig                    0x080060c7   Thumb Code    18  stm32f4xx_tim.o(.text)
    TIM_SetCounter                           0x080060d9   Thumb Code     4  stm32f4xx_tim.o(.text)
    TIM_SetAutoreload                        0x080060dd   Thumb Code     4  stm32f4xx_tim.o(.text)
    TIM_GetCounter                           0x080060e1   Thumb Code     6  stm32f4xx_tim.o(.text)
    TIM_GetPrescaler                         0x080060e7   Thumb Code     6  stm32f4xx_tim.o(.text)
    TIM_UpdateDisableConfig                  0x080060ed   Thumb Code    24  stm32f4xx_tim.o(.text)
    TIM_UpdateRequestConfig                  0x08006105   Thumb Code    24  stm32f4xx_tim.o(.text)
    TIM_ARRPreloadConfig                     0x0800611d   Thumb Code    24  stm32f4xx_tim.o(.text)
    TIM_SelectOnePulseMode                   0x08006135   Thumb Code    18  stm32f4xx_tim.o(.text)
    TIM_SetClockDivision                     0x08006147   Thumb Code    18  stm32f4xx_tim.o(.text)
    TIM_Cmd                                  0x08006159   Thumb Code    24  stm32f4xx_tim.o(.text)
    TIM_OC1Init                              0x08006171   Thumb Code   114  stm32f4xx_tim.o(.text)
    TIM_OC2Init                              0x080061e3   Thumb Code   154  stm32f4xx_tim.o(.text)
    TIM_OC3Init                              0x0800627d   Thumb Code   204  stm32f4xx_tim.o(.text)
    TIM_OC4Init                              0x08006349   Thumb Code   112  stm32f4xx_tim.o(.text)
    TIM_OCStructInit                         0x080063b9   Thumb Code    20  stm32f4xx_tim.o(.text)
    TIM_SelectOCxM                           0x080063cd   Thumb Code    86  stm32f4xx_tim.o(.text)
    TIM_SetCompare1                          0x08006423   Thumb Code     4  stm32f4xx_tim.o(.text)
    TIM_SetCompare2                          0x08006427   Thumb Code     4  stm32f4xx_tim.o(.text)
    TIM_SetCompare3                          0x0800642b   Thumb Code     4  stm32f4xx_tim.o(.text)
    TIM_SetCompare4                          0x0800642f   Thumb Code     4  stm32f4xx_tim.o(.text)
    TIM_ForcedOC1Config                      0x08006433   Thumb Code    18  stm32f4xx_tim.o(.text)
    TIM_ForcedOC2Config                      0x08006445   Thumb Code    26  stm32f4xx_tim.o(.text)
    TIM_ForcedOC3Config                      0x0800645f   Thumb Code    18  stm32f4xx_tim.o(.text)
    TIM_ForcedOC4Config                      0x08006471   Thumb Code    26  stm32f4xx_tim.o(.text)
    TIM_OC1PreloadConfig                     0x0800648b   Thumb Code    18  stm32f4xx_tim.o(.text)
    TIM_OC2PreloadConfig                     0x0800649d   Thumb Code    26  stm32f4xx_tim.o(.text)
    TIM_OC3PreloadConfig                     0x080064b7   Thumb Code    18  stm32f4xx_tim.o(.text)
    TIM_OC4PreloadConfig                     0x080064c9   Thumb Code    26  stm32f4xx_tim.o(.text)
    TIM_OC1FastConfig                        0x080064e3   Thumb Code    18  stm32f4xx_tim.o(.text)
    TIM_OC2FastConfig                        0x080064f5   Thumb Code    26  stm32f4xx_tim.o(.text)
    TIM_OC3FastConfig                        0x0800650f   Thumb Code    18  stm32f4xx_tim.o(.text)
    TIM_OC4FastConfig                        0x08006521   Thumb Code    26  stm32f4xx_tim.o(.text)
    TIM_ClearOC1Ref                          0x0800653b   Thumb Code    18  stm32f4xx_tim.o(.text)
    TIM_ClearOC2Ref                          0x0800654d   Thumb Code    24  stm32f4xx_tim.o(.text)
    TIM_ClearOC3Ref                          0x08006565   Thumb Code    18  stm32f4xx_tim.o(.text)
    TIM_ClearOC4Ref                          0x08006577   Thumb Code    24  stm32f4xx_tim.o(.text)
    TIM_OC1PolarityConfig                    0x0800658f   Thumb Code    18  stm32f4xx_tim.o(.text)
    TIM_OC1NPolarityConfig                   0x080065a1   Thumb Code    18  stm32f4xx_tim.o(.text)
    TIM_OC2PolarityConfig                    0x080065b3   Thumb Code    26  stm32f4xx_tim.o(.text)
    TIM_OC2NPolarityConfig                   0x080065cd   Thumb Code    26  stm32f4xx_tim.o(.text)
    TIM_OC3PolarityConfig                    0x080065e7   Thumb Code    26  stm32f4xx_tim.o(.text)
    TIM_OC3NPolarityConfig                   0x08006601   Thumb Code    26  stm32f4xx_tim.o(.text)
    TIM_OC4PolarityConfig                    0x0800661b   Thumb Code    26  stm32f4xx_tim.o(.text)
    TIM_CCxCmd                               0x08006635   Thumb Code    30  stm32f4xx_tim.o(.text)
    TIM_CCxNCmd                              0x08006653   Thumb Code    30  stm32f4xx_tim.o(.text)
    TIM_SetIC4Prescaler                      0x08006671   Thumb Code    26  stm32f4xx_tim.o(.text)
    TIM_SetIC3Prescaler                      0x080066db   Thumb Code    18  stm32f4xx_tim.o(.text)
    TIM_SetIC2Prescaler                      0x08006735   Thumb Code    26  stm32f4xx_tim.o(.text)
    TIM_SetIC1Prescaler                      0x080067a9   Thumb Code    18  stm32f4xx_tim.o(.text)
    TIM_ICInit                               0x080067f5   Thumb Code   110  stm32f4xx_tim.o(.text)
    TIM_ICStructInit                         0x08006863   Thumb Code    18  stm32f4xx_tim.o(.text)
    TIM_PWMIConfig                           0x08006875   Thumb Code   124  stm32f4xx_tim.o(.text)
    TIM_GetCapture1                          0x080068f1   Thumb Code     6  stm32f4xx_tim.o(.text)
    TIM_GetCapture2                          0x080068f7   Thumb Code     6  stm32f4xx_tim.o(.text)
    TIM_GetCapture3                          0x080068fd   Thumb Code     6  stm32f4xx_tim.o(.text)
    TIM_GetCapture4                          0x08006903   Thumb Code     6  stm32f4xx_tim.o(.text)
    TIM_BDTRConfig                           0x08006909   Thumb Code    32  stm32f4xx_tim.o(.text)
    TIM_BDTRStructInit                       0x08006929   Thumb Code    18  stm32f4xx_tim.o(.text)
    TIM_CtrlPWMOutputs                       0x0800693b   Thumb Code    30  stm32f4xx_tim.o(.text)
    TIM_SelectCOM                            0x08006959   Thumb Code    24  stm32f4xx_tim.o(.text)
    TIM_CCPreloadControl                     0x08006971   Thumb Code    24  stm32f4xx_tim.o(.text)
    TIM_ITConfig                             0x08006989   Thumb Code    18  stm32f4xx_tim.o(.text)
    TIM_GenerateEvent                        0x0800699b   Thumb Code     4  stm32f4xx_tim.o(.text)
    TIM_GetFlagStatus                        0x0800699f   Thumb Code    18  stm32f4xx_tim.o(.text)
    TIM_ClearFlag                            0x080069b1   Thumb Code     6  stm32f4xx_tim.o(.text)
    TIM_GetITStatus                          0x080069b7   Thumb Code    34  stm32f4xx_tim.o(.text)
    TIM_ClearITPendingBit                    0x080069d9   Thumb Code     6  stm32f4xx_tim.o(.text)
    TIM_DMAConfig                            0x080069df   Thumb Code    10  stm32f4xx_tim.o(.text)
    TIM_DMACmd                               0x080069e9   Thumb Code    18  stm32f4xx_tim.o(.text)
    TIM_SelectCCDMA                          0x080069fb   Thumb Code    24  stm32f4xx_tim.o(.text)
    TIM_InternalClockConfig                  0x08006a13   Thumb Code    12  stm32f4xx_tim.o(.text)
    TIM_SelectInputTrigger                   0x08006a1f   Thumb Code    18  stm32f4xx_tim.o(.text)
    TIM_ITRxExternalClockConfig              0x08006a31   Thumb Code    24  stm32f4xx_tim.o(.text)
    TIM_TIxExternalClockConfig               0x08006a49   Thumb Code    62  stm32f4xx_tim.o(.text)
    TIM_ETRConfig                            0x08006a87   Thumb Code    28  stm32f4xx_tim.o(.text)
    TIM_ETRClockMode1Config                  0x08006aa3   Thumb Code    54  stm32f4xx_tim.o(.text)
    TIM_ETRClockMode2Config                  0x08006ad9   Thumb Code    32  stm32f4xx_tim.o(.text)
    TIM_SelectOutputTrigger                  0x08006af9   Thumb Code    18  stm32f4xx_tim.o(.text)
    TIM_SelectSlaveMode                      0x08006b0b   Thumb Code    18  stm32f4xx_tim.o(.text)
    TIM_SelectMasterSlaveMode                0x08006b1d   Thumb Code    18  stm32f4xx_tim.o(.text)
    TIM_EncoderInterfaceConfig               0x08006b2f   Thumb Code    66  stm32f4xx_tim.o(.text)
    TIM_SelectHallSensor                     0x08006b71   Thumb Code    24  stm32f4xx_tim.o(.text)
    TIM_RemapConfig                          0x08006b89   Thumb Code     6  stm32f4xx_tim.o(.text)
    USART_DeInit                             0x08006b91   Thumb Code   206  stm32f4xx_usart.o(.text)
    USART_Init                               0x08006c5f   Thumb Code   204  stm32f4xx_usart.o(.text)
    USART_StructInit                         0x08006d2b   Thumb Code    24  stm32f4xx_usart.o(.text)
    USART_ClockInit                          0x08006d43   Thumb Code    32  stm32f4xx_usart.o(.text)
    USART_ClockStructInit                    0x08006d63   Thumb Code    12  stm32f4xx_usart.o(.text)
    USART_Cmd                                0x08006d6f   Thumb Code    24  stm32f4xx_usart.o(.text)
    USART_SetPrescaler                       0x08006d87   Thumb Code    16  stm32f4xx_usart.o(.text)
    USART_OverSampling8Cmd                   0x08006d97   Thumb Code    22  stm32f4xx_usart.o(.text)
    USART_OneBitMethodCmd                    0x08006dad   Thumb Code    24  stm32f4xx_usart.o(.text)
    USART_SendData                           0x08006dc5   Thumb Code     8  stm32f4xx_usart.o(.text)
    USART_ReceiveData                        0x08006dcd   Thumb Code    10  stm32f4xx_usart.o(.text)
    USART_SetAddress                         0x08006dd7   Thumb Code    18  stm32f4xx_usart.o(.text)
    USART_ReceiverWakeUpCmd                  0x08006de9   Thumb Code    24  stm32f4xx_usart.o(.text)
    USART_WakeUpConfig                       0x08006e01   Thumb Code    18  stm32f4xx_usart.o(.text)
    USART_LINBreakDetectLengthConfig         0x08006e13   Thumb Code    18  stm32f4xx_usart.o(.text)
    USART_LINCmd                             0x08006e25   Thumb Code    24  stm32f4xx_usart.o(.text)
    USART_SendBreak                          0x08006e3d   Thumb Code    10  stm32f4xx_usart.o(.text)
    USART_HalfDuplexCmd                      0x08006e47   Thumb Code    24  stm32f4xx_usart.o(.text)
    USART_SetGuardTime                       0x08006e5f   Thumb Code    16  stm32f4xx_usart.o(.text)
    USART_SmartCardCmd                       0x08006e6f   Thumb Code    24  stm32f4xx_usart.o(.text)
    USART_SmartCardNACKCmd                   0x08006e87   Thumb Code    24  stm32f4xx_usart.o(.text)
    USART_IrDAConfig                         0x08006e9f   Thumb Code    18  stm32f4xx_usart.o(.text)
    USART_IrDACmd                            0x08006eb1   Thumb Code    24  stm32f4xx_usart.o(.text)
    USART_DMACmd                             0x08006ec9   Thumb Code    18  stm32f4xx_usart.o(.text)
    USART_ITConfig                           0x08006edb   Thumb Code    74  stm32f4xx_usart.o(.text)
    USART_GetFlagStatus                      0x08006f25   Thumb Code    26  stm32f4xx_usart.o(.text)
    USART_ClearFlag                          0x08006f3f   Thumb Code    18  stm32f4xx_usart.o(.text)
    USART_GetITStatus                        0x08006f51   Thumb Code   118  stm32f4xx_usart.o(.text)
    USART_ClearITPendingBit                  0x08006fc7   Thumb Code    30  stm32f4xx_usart.o(.text)
    Reset_Handler                            0x08006fe5   Thumb Code     8  startup_stm32f40_41xxx.o(.text)
    ADC_IRQHandler                           0x08006fff   Thumb Code     0  startup_stm32f40_41xxx.o(.text)
    CAN1_RX1_IRQHandler                      0x08006fff   Thumb Code     0  startup_stm32f40_41xxx.o(.text)
    CAN1_SCE_IRQHandler                      0x08006fff   Thumb Code     0  startup_stm32f40_41xxx.o(.text)
    CAN2_RX1_IRQHandler                      0x08006fff   Thumb Code     0  startup_stm32f40_41xxx.o(.text)
    CAN2_SCE_IRQHandler                      0x08006fff   Thumb Code     0  startup_stm32f40_41xxx.o(.text)
    CRYP_IRQHandler                          0x08006fff   Thumb Code     0  startup_stm32f40_41xxx.o(.text)
    DCMI_IRQHandler                          0x08006fff   Thumb Code     0  startup_stm32f40_41xxx.o(.text)
    DMA1_Stream0_IRQHandler                  0x08006fff   Thumb Code     0  startup_stm32f40_41xxx.o(.text)
    DMA1_Stream1_IRQHandler                  0x08006fff   Thumb Code     0  startup_stm32f40_41xxx.o(.text)
    DMA1_Stream2_IRQHandler                  0x08006fff   Thumb Code     0  startup_stm32f40_41xxx.o(.text)
    DMA1_Stream3_IRQHandler                  0x08006fff   Thumb Code     0  startup_stm32f40_41xxx.o(.text)
    DMA1_Stream5_IRQHandler                  0x08006fff   Thumb Code     0  startup_stm32f40_41xxx.o(.text)
    DMA1_Stream6_IRQHandler                  0x08006fff   Thumb Code     0  startup_stm32f40_41xxx.o(.text)
    DMA1_Stream7_IRQHandler                  0x08006fff   Thumb Code     0  startup_stm32f40_41xxx.o(.text)
    DMA2_Stream0_IRQHandler                  0x08006fff   Thumb Code     0  startup_stm32f40_41xxx.o(.text)
    DMA2_Stream1_IRQHandler                  0x08006fff   Thumb Code     0  startup_stm32f40_41xxx.o(.text)
    DMA2_Stream2_IRQHandler                  0x08006fff   Thumb Code     0  startup_stm32f40_41xxx.o(.text)
    DMA2_Stream3_IRQHandler                  0x08006fff   Thumb Code     0  startup_stm32f40_41xxx.o(.text)
    DMA2_Stream4_IRQHandler                  0x08006fff   Thumb Code     0  startup_stm32f40_41xxx.o(.text)
    DMA2_Stream5_IRQHandler                  0x08006fff   Thumb Code     0  startup_stm32f40_41xxx.o(.text)
    DMA2_Stream6_IRQHandler                  0x08006fff   Thumb Code     0  startup_stm32f40_41xxx.o(.text)
    DMA2_Stream7_IRQHandler                  0x08006fff   Thumb Code     0  startup_stm32f40_41xxx.o(.text)
    ETH_IRQHandler                           0x08006fff   Thumb Code     0  startup_stm32f40_41xxx.o(.text)
    ETH_WKUP_IRQHandler                      0x08006fff   Thumb Code     0  startup_stm32f40_41xxx.o(.text)
    EXTI0_IRQHandler                         0x08006fff   Thumb Code     0  startup_stm32f40_41xxx.o(.text)
    EXTI15_10_IRQHandler                     0x08006fff   Thumb Code     0  startup_stm32f40_41xxx.o(.text)
    EXTI1_IRQHandler                         0x08006fff   Thumb Code     0  startup_stm32f40_41xxx.o(.text)
    EXTI2_IRQHandler                         0x08006fff   Thumb Code     0  startup_stm32f40_41xxx.o(.text)
    EXTI3_IRQHandler                         0x08006fff   Thumb Code     0  startup_stm32f40_41xxx.o(.text)
    EXTI4_IRQHandler                         0x08006fff   Thumb Code     0  startup_stm32f40_41xxx.o(.text)
    EXTI9_5_IRQHandler                       0x08006fff   Thumb Code     0  startup_stm32f40_41xxx.o(.text)
    FLASH_IRQHandler                         0x08006fff   Thumb Code     0  startup_stm32f40_41xxx.o(.text)
    FPU_IRQHandler                           0x08006fff   Thumb Code     0  startup_stm32f40_41xxx.o(.text)
    FSMC_IRQHandler                          0x08006fff   Thumb Code     0  startup_stm32f40_41xxx.o(.text)
    HASH_RNG_IRQHandler                      0x08006fff   Thumb Code     0  startup_stm32f40_41xxx.o(.text)
    I2C1_ER_IRQHandler                       0x08006fff   Thumb Code     0  startup_stm32f40_41xxx.o(.text)
    I2C1_EV_IRQHandler                       0x08006fff   Thumb Code     0  startup_stm32f40_41xxx.o(.text)
    I2C2_ER_IRQHandler                       0x08006fff   Thumb Code     0  startup_stm32f40_41xxx.o(.text)
    I2C2_EV_IRQHandler                       0x08006fff   Thumb Code     0  startup_stm32f40_41xxx.o(.text)
    I2C3_ER_IRQHandler                       0x08006fff   Thumb Code     0  startup_stm32f40_41xxx.o(.text)
    I2C3_EV_IRQHandler                       0x08006fff   Thumb Code     0  startup_stm32f40_41xxx.o(.text)
    OTG_FS_IRQHandler                        0x08006fff   Thumb Code     0  startup_stm32f40_41xxx.o(.text)
    OTG_FS_WKUP_IRQHandler                   0x08006fff   Thumb Code     0  startup_stm32f40_41xxx.o(.text)
    OTG_HS_EP1_IN_IRQHandler                 0x08006fff   Thumb Code     0  startup_stm32f40_41xxx.o(.text)
    OTG_HS_EP1_OUT_IRQHandler                0x08006fff   Thumb Code     0  startup_stm32f40_41xxx.o(.text)
    OTG_HS_IRQHandler                        0x08006fff   Thumb Code     0  startup_stm32f40_41xxx.o(.text)
    OTG_HS_WKUP_IRQHandler                   0x08006fff   Thumb Code     0  startup_stm32f40_41xxx.o(.text)
    PVD_IRQHandler                           0x08006fff   Thumb Code     0  startup_stm32f40_41xxx.o(.text)
    RCC_IRQHandler                           0x08006fff   Thumb Code     0  startup_stm32f40_41xxx.o(.text)
    RTC_Alarm_IRQHandler                     0x08006fff   Thumb Code     0  startup_stm32f40_41xxx.o(.text)
    RTC_WKUP_IRQHandler                      0x08006fff   Thumb Code     0  startup_stm32f40_41xxx.o(.text)
    SDIO_IRQHandler                          0x08006fff   Thumb Code     0  startup_stm32f40_41xxx.o(.text)
    SPI1_IRQHandler                          0x08006fff   Thumb Code     0  startup_stm32f40_41xxx.o(.text)
    SPI2_IRQHandler                          0x08006fff   Thumb Code     0  startup_stm32f40_41xxx.o(.text)
    SPI3_IRQHandler                          0x08006fff   Thumb Code     0  startup_stm32f40_41xxx.o(.text)
    TAMP_STAMP_IRQHandler                    0x08006fff   Thumb Code     0  startup_stm32f40_41xxx.o(.text)
    TIM1_BRK_TIM9_IRQHandler                 0x08006fff   Thumb Code     0  startup_stm32f40_41xxx.o(.text)
    TIM1_CC_IRQHandler                       0x08006fff   Thumb Code     0  startup_stm32f40_41xxx.o(.text)
    TIM1_TRG_COM_TIM11_IRQHandler            0x08006fff   Thumb Code     0  startup_stm32f40_41xxx.o(.text)
    TIM1_UP_TIM10_IRQHandler                 0x08006fff   Thumb Code     0  startup_stm32f40_41xxx.o(.text)
    TIM2_IRQHandler                          0x08006fff   Thumb Code     0  startup_stm32f40_41xxx.o(.text)
    TIM3_IRQHandler                          0x08006fff   Thumb Code     0  startup_stm32f40_41xxx.o(.text)
    TIM4_IRQHandler                          0x08006fff   Thumb Code     0  startup_stm32f40_41xxx.o(.text)
    TIM5_IRQHandler                          0x08006fff   Thumb Code     0  startup_stm32f40_41xxx.o(.text)
    TIM7_IRQHandler                          0x08006fff   Thumb Code     0  startup_stm32f40_41xxx.o(.text)
    TIM8_BRK_TIM12_IRQHandler                0x08006fff   Thumb Code     0  startup_stm32f40_41xxx.o(.text)
    TIM8_CC_IRQHandler                       0x08006fff   Thumb Code     0  startup_stm32f40_41xxx.o(.text)
    TIM8_TRG_COM_TIM14_IRQHandler            0x08006fff   Thumb Code     0  startup_stm32f40_41xxx.o(.text)
    TIM8_UP_TIM13_IRQHandler                 0x08006fff   Thumb Code     0  startup_stm32f40_41xxx.o(.text)
    WWDG_IRQHandler                          0x08006fff   Thumb Code     0  startup_stm32f40_41xxx.o(.text)
    __user_initial_stackheap                 0x08007001   Thumb Code     0  startup_stm32f40_41xxx.o(.text)
    arm_mat_add_f32                          0x08007025   Thumb Code    56  matrixfunctions.o(.text)
    arm_mat_add_q15                          0x0800705d   Thumb Code    60  matrixfunctions.o(.text)
    arm_mat_add_q31                          0x08007099   Thumb Code    56  matrixfunctions.o(.text)
    arm_mat_cmplx_mult_f32                   0x080070d1   Thumb Code   218  matrixfunctions.o(.text)
    arm_mat_cmplx_mult_q15                   0x080071ab   Thumb Code   516  matrixfunctions.o(.text)
    arm_mat_cmplx_mult_q31                   0x080073af   Thumb Code   318  matrixfunctions.o(.text)
    arm_mat_init_f32                         0x080074ed   Thumb Code     8  matrixfunctions.o(.text)
    arm_mat_init_q15                         0x080074f5   Thumb Code     8  matrixfunctions.o(.text)
    arm_mat_init_q31                         0x080074fd   Thumb Code     8  matrixfunctions.o(.text)
    arm_mat_inverse_f32                      0x08007505   Thumb Code   612  matrixfunctions.o(.text)
    arm_mat_inverse_f64                      0x08007769   Thumb Code   842  matrixfunctions.o(.text)
    arm_mat_mult_f64                         0x08007ab3   Thumb Code   312  matrixfunctions.o(.text)
    arm_mat_mult_f32                         0x08007beb   Thumb Code   182  matrixfunctions.o(.text)
    arm_mat_mult_fast_q15                    0x08007ca1   Thumb Code  1118  matrixfunctions.o(.text)
    arm_mat_mult_fast_q31                    0x080080ff   Thumb Code   574  matrixfunctions.o(.text)
    arm_mat_mult_q7                          0x0800833d   Thumb Code   158  matrixfunctions.o(.text)
    arm_mat_mult_q15                         0x080083db   Thumb Code   542  matrixfunctions.o(.text)
    arm_mat_mult_q31                         0x080085f9   Thumb Code   172  matrixfunctions.o(.text)
    arm_mat_scale_f32                        0x080086a5   Thumb Code    44  matrixfunctions.o(.text)
    arm_mat_scale_q15                        0x080086d1   Thumb Code    62  matrixfunctions.o(.text)
    arm_mat_scale_q31                        0x0800870f   Thumb Code    80  matrixfunctions.o(.text)
    arm_mat_sub_f64                          0x0800875f   Thumb Code   112  matrixfunctions.o(.text)
    arm_mat_sub_f32                          0x080087cf   Thumb Code    56  matrixfunctions.o(.text)
    arm_mat_sub_q15                          0x08008807   Thumb Code    60  matrixfunctions.o(.text)
    arm_mat_sub_q31                          0x08008843   Thumb Code    56  matrixfunctions.o(.text)
    arm_mat_trans_f32                        0x0800887b   Thumb Code    68  matrixfunctions.o(.text)
    arm_mat_trans_f64                        0x080088bf   Thumb Code   160  matrixfunctions.o(.text)
    arm_mat_trans_q7                         0x0800895f   Thumb Code    84  matrixfunctions.o(.text)
    arm_mat_trans_q15                        0x080089b3   Thumb Code    70  matrixfunctions.o(.text)
    arm_mat_trans_q31                        0x080089f9   Thumb Code    68  matrixfunctions.o(.text)
    arm_mat_vec_mult_f32                     0x08008a3d   Thumb Code   384  matrixfunctions.o(.text)
    arm_mat_vec_mult_q31                     0x08008bbd   Thumb Code   468  matrixfunctions.o(.text)
    arm_mat_vec_mult_q15                     0x08008d91   Thumb Code  1054  matrixfunctions.o(.text)
    arm_mat_vec_mult_q7                      0x080091af   Thumb Code   914  matrixfunctions.o(.text)
    arm_mat_cmplx_trans_f32                  0x08009541   Thumb Code    94  matrixfunctions.o(.text)
    arm_mat_cmplx_trans_q31                  0x0800959f   Thumb Code    94  matrixfunctions.o(.text)
    arm_mat_cmplx_trans_q15                  0x080095fd   Thumb Code    96  matrixfunctions.o(.text)
    arm_mat_cholesky_f64                     0x0800965d   Thumb Code   352  matrixfunctions.o(.text)
    arm_mat_cholesky_f32                     0x080097bd   Thumb Code   250  matrixfunctions.o(.text)
    arm_mat_solve_upper_triangular_f32       0x080098b7   Thumb Code   176  matrixfunctions.o(.text)
    arm_mat_solve_lower_triangular_f32       0x08009967   Thumb Code   176  matrixfunctions.o(.text)
    arm_mat_solve_upper_triangular_f64       0x08009a17   Thumb Code   286  matrixfunctions.o(.text)
    arm_mat_solve_lower_triangular_f64       0x08009b35   Thumb Code   268  matrixfunctions.o(.text)
    arm_mat_ldlt_f32                         0x08009c41   Thumb Code   610  matrixfunctions.o(.text)
    arm_mat_ldlt_f64                         0x08009ea3   Thumb Code   752  matrixfunctions.o(.text)
    arm_barycenter_f32                       0x0800a1a5   Thumb Code   132  supportfunctions.o(.text)
    arm_bitonic_sort_f32                     0x0800a2d3   Thumb Code    92  supportfunctions.o(.text)
    arm_bubble_sort_f32                      0x0800a32f   Thumb Code   156  supportfunctions.o(.text)
    arm_copy_f32                             0x0800a3cb   Thumb Code    22  supportfunctions.o(.text)
    arm_copy_q15                             0x0800a3e1   Thumb Code    22  supportfunctions.o(.text)
    arm_copy_q31                             0x0800a3f7   Thumb Code    18  supportfunctions.o(.text)
    arm_copy_q7                              0x0800a409   Thumb Code    22  supportfunctions.o(.text)
    arm_fill_f32                             0x0800a41f   Thumb Code    16  supportfunctions.o(.text)
    arm_fill_q15                             0x0800a42f   Thumb Code    18  supportfunctions.o(.text)
    arm_fill_q31                             0x0800a441   Thumb Code    16  supportfunctions.o(.text)
    arm_fill_q7                              0x0800a451   Thumb Code    18  supportfunctions.o(.text)
    arm_heap_sort_f32                        0x0800a50d   Thumb Code   120  supportfunctions.o(.text)
    arm_insertion_sort_f32                   0x0800a585   Thumb Code   146  supportfunctions.o(.text)
    arm_merge_sort_f32                       0x0800a6d9   Thumb Code    62  supportfunctions.o(.text)
    arm_merge_sort_init_f32                  0x0800a717   Thumb Code     6  supportfunctions.o(.text)
    arm_quick_sort_f32                       0x0800a801   Thumb Code    50  supportfunctions.o(.text)
    arm_selection_sort_f32                   0x0800a833   Thumb Code   162  supportfunctions.o(.text)
    arm_sort_f32                             0x0800a8d5   Thumb Code   118  supportfunctions.o(.text)
    arm_sort_init_f32                        0x0800a94b   Thumb Code     6  supportfunctions.o(.text)
    arm_weighted_sum_f32                     0x0800a951   Thumb Code    72  supportfunctions.o(.text)
    arm_float_to_q15                         0x0800a999   Thumb Code    44  supportfunctions.o(.text)
    arm_float_to_q31                         0x0800a9c5   Thumb Code    76  supportfunctions.o(.text)
    arm_float_to_q7                          0x0800aa11   Thumb Code    44  supportfunctions.o(.text)
    arm_q15_to_float                         0x0800aa3d   Thumb Code    40  supportfunctions.o(.text)
    arm_q15_to_q31                           0x0800aa65   Thumb Code    24  supportfunctions.o(.text)
    arm_q15_to_q7                            0x0800aa7d   Thumb Code    26  supportfunctions.o(.text)
    arm_q31_to_float                         0x0800aa97   Thumb Code    36  supportfunctions.o(.text)
    arm_q31_to_q15                           0x0800aabb   Thumb Code    24  supportfunctions.o(.text)
    arm_q31_to_q7                            0x0800aad3   Thumb Code    24  supportfunctions.o(.text)
    arm_q7_to_float                          0x0800aaeb   Thumb Code    40  supportfunctions.o(.text)
    arm_q7_to_q15                            0x0800ab13   Thumb Code    26  supportfunctions.o(.text)
    arm_q7_to_q31                            0x0800ab2d   Thumb Code    24  supportfunctions.o(.text)
    strstr                                   0x0800ab51   Thumb Code    36  strstr.o(.text)
    __aeabi_memcpy                           0x0800ab75   Thumb Code     0  rt_memcpy_v6.o(.text)
    __rt_memcpy                              0x0800ab75   Thumb Code   138  rt_memcpy_v6.o(.text)
    _memcpy_lastbytes                        0x0800abdb   Thumb Code     0  rt_memcpy_v6.o(.text)
    __aeabi_memcpy4                          0x0800abff   Thumb Code     0  rt_memcpy_w.o(.text)
    __aeabi_memcpy8                          0x0800abff   Thumb Code     0  rt_memcpy_w.o(.text)
    __rt_memcpy_w                            0x0800abff   Thumb Code   100  rt_memcpy_w.o(.text)
    _memcpy_lastbytes_aligned                0x0800ac47   Thumb Code     0  rt_memcpy_w.o(.text)
    __aeabi_memclr4                          0x0800ac63   Thumb Code     0  rt_memclr_w.o(.text)
    __aeabi_memclr8                          0x0800ac63   Thumb Code     0  rt_memclr_w.o(.text)
    __rt_memclr_w                            0x0800ac63   Thumb Code    78  rt_memclr_w.o(.text)
    _memset_w                                0x0800ac67   Thumb Code     0  rt_memclr_w.o(.text)
    __use_two_region_memory                  0x0800acb1   Thumb Code     2  heapauxi.o(.text)
    __rt_heap_escrow                         0x0800acb3   Thumb Code     2  heapauxi.o(.text)
    __rt_heap_expand                         0x0800acb5   Thumb Code     2  heapauxi.o(.text)
    __read_errno                             0x0800acb7   Thumb Code    10  _rserrno.o(.text)
    __set_errno                              0x0800acc1   Thumb Code    12  _rserrno.o(.text)
    _sys_exit                                0x0800accd   Thumb Code     8  sys_exit.o(.text)
    __user_libspace                          0x0800acd9   Thumb Code     8  libspace.o(.text)
    __user_perproc_libspace                  0x0800acd9   Thumb Code     0  libspace.o(.text)
    __user_perthread_libspace                0x0800acd9   Thumb Code     0  libspace.o(.text)
    __aeabi_errno_addr                       0x0800ace1   Thumb Code     8  rt_errno_addr_intlibspace.o(.text)
    __errno$intlibspace                      0x0800ace1   Thumb Code     0  rt_errno_addr_intlibspace.o(.text)
    __rt_errno_addr$intlibspace              0x0800ace1   Thumb Code     0  rt_errno_addr_intlibspace.o(.text)
    __I$use$semihosting                      0x0800ace9   Thumb Code     0  use_no_semi.o(.text)
    __use_no_semihosting_swi                 0x0800ace9   Thumb Code     2  use_no_semi.o(.text)
    __semihosting_library_function           0x0800aceb   Thumb Code     0  indicate_semi.o(.text)
    __user_setup_stackheap                   0x0800aceb   Thumb Code    74  sys_stackheap_outer.o(.text)
    exit                                     0x0800ad35   Thumb Code    18  exit.o(.text)
    __ARM_fpclassify                         0x0800ad47   Thumb Code    48  fpclassify.o(i.__ARM_fpclassify)
    __hardfp_atan                            0x0800ad79   Thumb Code   622  atan.o(i.__hardfp_atan)
    __hardfp_atan2                           0x0800b051   Thumb Code   432  atan2.o(i.__hardfp_atan2)
    __hardfp_cos                             0x0800b241   Thumb Code   180  cos.o(i.__hardfp_cos)
    __hardfp_fabs                            0x0800b309   Thumb Code    20  fabs.o(i.__hardfp_fabs)
    __hardfp_sin                             0x0800b321   Thumb Code   180  sin.o(i.__hardfp_sin)
    __hardfp_sqrt                            0x0800b3e9   Thumb Code   122  sqrt.o(i.__hardfp_sqrt)
    __hardfp_sqrtf                           0x0800b463   Thumb Code    58  sqrtf.o(i.__hardfp_sqrtf)
    __ieee754_rem_pio2                       0x0800b4a1   Thumb Code   938  rred.o(i.__ieee754_rem_pio2)
    __kernel_cos                             0x0800b8d9   Thumb Code   322  cos_i.o(i.__kernel_cos)
    __kernel_poly                            0x0800ba49   Thumb Code   248  poly.o(i.__kernel_poly)
    __kernel_sin                             0x0800bb41   Thumb Code   280  sin_i.o(i.__kernel_sin)
    __mathlib_dbl_infnan                     0x0800bc71   Thumb Code    20  dunder.o(i.__mathlib_dbl_infnan)
    __mathlib_dbl_infnan2                    0x0800bc85   Thumb Code    20  dunder.o(i.__mathlib_dbl_infnan2)
    __mathlib_dbl_invalid                    0x0800bc99   Thumb Code    24  dunder.o(i.__mathlib_dbl_invalid)
    __mathlib_dbl_underflow                  0x0800bcb9   Thumb Code    24  dunder.o(i.__mathlib_dbl_underflow)
    atan                                     0x0800bcd9   Thumb Code    16  atan.o(i.atan)
    fabs                                     0x0800bce9   Thumb Code    24  fabs.o(i.fabs)
    __aeabi_dneg                             0x0800bd01   Thumb Code     0  basic.o(x$fpl$basic)
    _dneg                                    0x0800bd01   Thumb Code     6  basic.o(x$fpl$basic)
    __aeabi_fneg                             0x0800bd07   Thumb Code     0  basic.o(x$fpl$basic)
    _fneg                                    0x0800bd07   Thumb Code     6  basic.o(x$fpl$basic)
    _dabs                                    0x0800bd0d   Thumb Code     6  basic.o(x$fpl$basic)
    _fabs                                    0x0800bd13   Thumb Code     6  basic.o(x$fpl$basic)
    __aeabi_d2f                              0x0800bd19   Thumb Code     0  d2f.o(x$fpl$d2f)
    _d2f                                     0x0800bd19   Thumb Code    98  d2f.o(x$fpl$d2f)
    __aeabi_dadd                             0x0800bd7d   Thumb Code     0  daddsub_clz.o(x$fpl$dadd)
    _dadd                                    0x0800bd7d   Thumb Code   332  daddsub_clz.o(x$fpl$dadd)
    __fpl_dcmp_Inf                           0x0800becd   Thumb Code    24  dcmpi.o(x$fpl$dcmpinf)
    __aeabi_ddiv                             0x0800bee5   Thumb Code     0  ddiv.o(x$fpl$ddiv)
    _ddiv                                    0x0800bee5   Thumb Code   552  ddiv.o(x$fpl$ddiv)
    __aeabi_cdcmpeq                          0x0800c195   Thumb Code     0  deqf.o(x$fpl$deqf)
    _dcmpeq                                  0x0800c195   Thumb Code   120  deqf.o(x$fpl$deqf)
    __aeabi_d2iz                             0x0800c20d   Thumb Code     0  dfix.o(x$fpl$dfix)
    _dfix                                    0x0800c20d   Thumb Code    94  dfix.o(x$fpl$dfix)
    __aeabi_i2d                              0x0800c26b   Thumb Code     0  dflt_clz.o(x$fpl$dflt)
    _dflt                                    0x0800c26b   Thumb Code    46  dflt_clz.o(x$fpl$dflt)
    __aeabi_ui2d                             0x0800c299   Thumb Code     0  dflt_clz.o(x$fpl$dfltu)
    _dfltu                                   0x0800c299   Thumb Code    38  dflt_clz.o(x$fpl$dfltu)
    __aeabi_cdcmple                          0x0800c2c1   Thumb Code     0  dleqf.o(x$fpl$dleqf)
    _dcmple                                  0x0800c2c1   Thumb Code   120  dleqf.o(x$fpl$dleqf)
    __fpl_dcmple_InfNaN                      0x0800c323   Thumb Code     0  dleqf.o(x$fpl$dleqf)
    __aeabi_dmul                             0x0800c339   Thumb Code     0  dmul.o(x$fpl$dmul)
    _dmul                                    0x0800c339   Thumb Code   332  dmul.o(x$fpl$dmul)
    __fpl_dnaninf                            0x0800c48d   Thumb Code   156  dnaninf.o(x$fpl$dnaninf)
    __fpl_dretinf                            0x0800c529   Thumb Code    12  dretinf.o(x$fpl$dretinf)
    __aeabi_cdrcmple                         0x0800c535   Thumb Code     0  drleqf.o(x$fpl$drleqf)
    _drcmple                                 0x0800c535   Thumb Code   108  drleqf.o(x$fpl$drleqf)
    __aeabi_drsub                            0x0800c5a1   Thumb Code     0  daddsub_clz.o(x$fpl$drsb)
    _drsb                                    0x0800c5a1   Thumb Code    22  daddsub_clz.o(x$fpl$drsb)
    _dsqrt                                   0x0800c5b9   Thumb Code   404  dsqrt_umaal.o(x$fpl$dsqrt)
    __aeabi_dsub                             0x0800c751   Thumb Code     0  daddsub_clz.o(x$fpl$dsub)
    _dsub                                    0x0800c751   Thumb Code   464  daddsub_clz.o(x$fpl$dsub)
    __aeabi_f2d                              0x0800c925   Thumb Code     0  f2d.o(x$fpl$f2d)
    _f2d                                     0x0800c925   Thumb Code    86  f2d.o(x$fpl$f2d)
    __fpl_fnaninf                            0x0800c97b   Thumb Code   140  fnaninf.o(x$fpl$fnaninf)
    _fp_init                                 0x0800ca07   Thumb Code    10  fpinit.o(x$fpl$fpinit)
    __fplib_config_fpu_vfp                   0x0800ca0f   Thumb Code     0  fpinit.o(x$fpl$fpinit)
    __fplib_config_pureend_doubles           0x0800ca0f   Thumb Code     0  fpinit.o(x$fpl$fpinit)
    __fpl_fretinf                            0x0800ca11   Thumb Code    10  fretinf.o(x$fpl$fretinf)
    __aeabi_d2lz                             0x0800ca1d   Thumb Code     0  dfixll.o(x$fpl$llsfromd)
    _ll_sfrom_d                              0x0800ca1d   Thumb Code   194  dfixll.o(x$fpl$llsfromd)
    __aeabi_f2lz                             0x0800cae1   Thumb Code     0  ffixll.o(x$fpl$llsfromf)
    _ll_sfrom_f                              0x0800cae1   Thumb Code   134  ffixll.o(x$fpl$llsfromf)
    CRC8_INIT                                0x0800cb66   Data           1  judge.o(.constdata)
    __I$use$fp                               0x0800cb66   Number         0  usenofp.o(x$fpl$usenofp)
    CRC8_TAB                                 0x0800cb67   Data         256  judge.o(.constdata)
    wCRC_Table                               0x0800cc68   Data         512  judge.o(.constdata)
    __mathlib_zero                           0x0800cf30   Data           8  qnan.o(.constdata)
    Region$$Table$$Base                      0x0800d028   Number         0  anon$$obj.o(Region$$Table)
    Region$$Table$$Limit                     0x0800d048   Number         0  anon$$obj.o(Region$$Table)
    SystemCoreClock                          0x20000000   Data           4  system_stm32f4xx.o(.data)
    AHBPrescTable                            0x20000004   Data          16  system_stm32f4xx.o(.data)
    time_tick                                0x20000014   Data           4  control_task.o(.data)
    buff_kf_flag                             0x20000018   Data           4  buff_karman_filter.o(.data)
    buff_kalman_filter                       0x2000001c   Data         560  buff_karman_filter.o(.data)
    TEMP__2_data                             0x2000024c   Data           8  buff_karman_filter.o(.data)
    TEMP_2_data                              0x20000254   Data           8  buff_karman_filter.o(.data)
    pitch_min                                0x20000260   Data           4  gimbal_task.o(.data)
    pitch_max                                0x20000264   Data           4  gimbal_task.o(.data)
    pitch_middle                             0x20000268   Data           4  gimbal_task.o(.data)
    Pitch_min                                0x2000026c   Data           4  gimbal_task.o(.data)
    Pitch_max                                0x20000270   Data           4  gimbal_task.o(.data)
    Buff_Yaw_remain                          0x20000274   Data           4  gimbal_task.o(.data)
    Buff_pitch_remain                        0x20000278   Data           4  gimbal_task.o(.data)
    auto_aim_Yaw_remain                      0x2000027c   Data           4  gimbal_task.o(.data)
    auto_aim_pitch_remain                    0x20000280   Data           4  gimbal_task.o(.data)
    last_pitch_angle                         0x20000284   Data           4  gimbal_task.o(.data)
    last_yaw_angle                           0x20000288   Data           4  gimbal_task.o(.data)
    yaw_angle_ref_aim                        0x2000028c   Data           4  gimbal_task.o(.data)
    pit_angle_ref_aim                        0x20000290   Data           4  gimbal_task.o(.data)
    last_yaw                                 0x20000294   Data           4  gimbal_task.o(.data)
    last_pit                                 0x20000298   Data           4  gimbal_task.o(.data)
    first_flag                               0x2000029c   Data           1  gimbal_task.o(.data)
    ved                                      0x2000029d   Data           1  gimbal_task.o(.data)
    Delta_Dect_Angle_Yaw                     0x200002a0   Data           4  gimbal_task.o(.data)
    Delta_Dect_Angle_Pit                     0x200002a4   Data           4  gimbal_task.o(.data)
    chassis_speed                            0x200002a8   Data           2  infantry_mode_switch_task.o(.data)
    this_input_mode                          0x200002aa   Data           1  infantry_mode_switch_task.o(.data)
    last_input_mode                          0x200002ab   Data           1  infantry_mode_switch_task.o(.data)
    CRC_INIT                                 0x200002e4   Data           2  judge.o(.data)
    remote_flagW1                            0x200002e6   Data           1  remote.o(.data)
    remote_flagW2                            0x200002e7   Data           1  remote.o(.data)
    remote_flagA1                            0x200002e8   Data           1  remote.o(.data)
    remote_flagA2                            0x200002e9   Data           1  remote.o(.data)
    remote_flagS1                            0x200002ea   Data           1  remote.o(.data)
    remote_flagS2                            0x200002eb   Data           1  remote.o(.data)
    remote_flagD1                            0x200002ec   Data           1  remote.o(.data)
    remote_flagD2                            0x200002ed   Data           1  remote.o(.data)
    remote_flagSHIFT1                        0x200002ee   Data           1  remote.o(.data)
    remote_flagSHIFT2                        0x200002ef   Data           1  remote.o(.data)
    remote_flagCTRL1                         0x200002f0   Data           1  remote.o(.data)
    remote_flagCTRL2                         0x200002f1   Data           1  remote.o(.data)
    remote_flagQ1                            0x200002f2   Data           1  remote.o(.data)
    remote_flagQ2                            0x200002f3   Data           1  remote.o(.data)
    remote_flagE1                            0x200002f4   Data           1  remote.o(.data)
    remote_flagE2                            0x200002f5   Data           1  remote.o(.data)
    remote_flagR1                            0x200002f6   Data           1  remote.o(.data)
    remote_flagR2                            0x200002f7   Data           1  remote.o(.data)
    remote_flagF1                            0x200002f8   Data           1  remote.o(.data)
    remote_flagF2                            0x200002f9   Data           1  remote.o(.data)
    remote_flagG1                            0x200002fa   Data           1  remote.o(.data)
    remote_flagG2                            0x200002fb   Data           1  remote.o(.data)
    remote_flagZ1                            0x200002fc   Data           1  remote.o(.data)
    remote_flagZ2                            0x200002fd   Data           1  remote.o(.data)
    remote_flagX1                            0x200002fe   Data           1  remote.o(.data)
    remote_flagX2                            0x200002ff   Data           1  remote.o(.data)
    remote_flagC1                            0x20000300   Data           1  remote.o(.data)
    remote_flagC2                            0x20000301   Data           1  remote.o(.data)
    remote_flagV1                            0x20000302   Data           1  remote.o(.data)
    remote_flagV2                            0x20000303   Data           1  remote.o(.data)
    remote_flagB1                            0x20000304   Data           1  remote.o(.data)
    remote_flagB2                            0x20000305   Data           1  remote.o(.data)
    TEMP41_data                              0x20000328   Data          16  buff_karman_filter.o(.bss)
    bTEMP2_data                              0x20000338   Data          64  buff_karman_filter.o(.bss)
    TEMP24_data                              0x20000378   Data          32  buff_karman_filter.o(.bss)
    TEMP_22_data                             0x20000398   Data          16  buff_karman_filter.o(.bss)
    bTEMP_data                               0x200003a8   Data          64  buff_karman_filter.o(.bss)
    TEMP42_data                              0x200003e8   Data          32  buff_karman_filter.o(.bss)
    TEMP22_data                              0x20000408   Data          16  buff_karman_filter.o(.bss)
    TEMP_41_data                             0x20000418   Data          16  buff_karman_filter.o(.bss)
    gimbal_data                              0x20000428   Data        1876  gimbal_task.o(.bss)
    chassis                                  0x20000b7c   Data         168  infantry_mode_switch_task.o(.bss)
    gimbal_gyro                              0x20000c28   Data          36  senior.o(.bss)
    chassis_gyro                             0x20000c4c   Data          36  senior.o(.bss)
    steering_wheel_chassis                   0x20000c70   Data         704  senior.o(.bss)
    Mecanum_chassis                          0x20000f30   Data         352  senior.o(.bss)
    Pitch_Encoder                            0x20001090   Data          88  senior.o(.bss)
    yaw_Encoder                              0x200010e8   Data          88  senior.o(.bss)
    hero_small_gimbal                        0x20001140   Data         176  senior.o(.bss)
    general_friction                         0x200011f0   Data         352  senior.o(.bss)
    general_poke                             0x20001350   Data         176  senior.o(.bss)
    judge_rece_mesg                          0x20001494   Data         198  judge.o(.bss)
    new_location                             0x2000155c   Data          44  auto_shoot.o(.bss)
    msg                                      0x20001588   Data          68  auto_shoot.o(.bss)
    RC_CtrlData                              0x20001630   Data          72  remote.o(.bss)
    can_chassis_data                         0x20001678   Data          32  can_chassis_transmit.o(.bss)
    _UART5_DMA_RX_BUF                        0x20001698   Data        1024  usart.o(.bss)
    __libspace_start                         0x20001e08   Data          96  libspace.o(.bss)
    __temporary_stack_top$libspace           0x20001e68   Data           0  libspace.o(.bss)



==============================================================================

Memory Map of the image

  Image Entry point : 0x08000189

  Load Region LR_IROM1 (Base: 0x08000000, Size: 0x0000d370, Max: 0x00100000, ABSOLUTE, COMPRESSED[0x0000d0a4])

    Execution Region ER_IROM1 (Base: 0x08000000, Size: 0x0000d048, Max: 0x00100000, ABSOLUTE)

    Base Addr    Size         Type   Attr      Idx    E Section Name        Object

    0x08000000   0x00000188   Data   RO         1585    RESET               startup_stm32f40_41xxx.o
    0x08000188   0x00000008   Code   RO         3896  * !!!main             c_w.l(__main.o)
    0x08000190   0x00000034   Code   RO         4384    !!!scatter          c_w.l(__scatter.o)
    0x080001c4   0x0000005a   Code   RO         4382    !!dczerorl2         c_w.l(__dczerorl2.o)
    0x0800021e   0x00000002   PAD
    0x08000220   0x0000001c   Code   RO         4386    !!handler_zi        c_w.l(__scatter_zi.o)
    0x0800023c   0x00000002   Code   RO         4327    .ARM.Collect$$libinit$$00000000  c_w.l(libinit.o)
    0x0800023e   0x00000004   Code   RO         4130    .ARM.Collect$$libinit$$00000001  c_w.l(libinit2.o)
    0x08000242   0x00000000   Code   RO         4133    .ARM.Collect$$libinit$$00000004  c_w.l(libinit2.o)
    0x08000242   0x00000000   Code   RO         4136    .ARM.Collect$$libinit$$0000000A  c_w.l(libinit2.o)
    0x08000242   0x00000000   Code   RO         4138    .ARM.Collect$$libinit$$0000000C  c_w.l(libinit2.o)
    0x08000242   0x00000000   Code   RO         4140    .ARM.Collect$$libinit$$0000000E  c_w.l(libinit2.o)
    0x08000242   0x00000000   Code   RO         4143    .ARM.Collect$$libinit$$00000011  c_w.l(libinit2.o)
    0x08000242   0x00000000   Code   RO         4145    .ARM.Collect$$libinit$$00000013  c_w.l(libinit2.o)
    0x08000242   0x00000000   Code   RO         4147    .ARM.Collect$$libinit$$00000015  c_w.l(libinit2.o)
    0x08000242   0x00000000   Code   RO         4149    .ARM.Collect$$libinit$$00000017  c_w.l(libinit2.o)
    0x08000242   0x00000000   Code   RO         4151    .ARM.Collect$$libinit$$00000019  c_w.l(libinit2.o)
    0x08000242   0x00000000   Code   RO         4153    .ARM.Collect$$libinit$$0000001B  c_w.l(libinit2.o)
    0x08000242   0x00000000   Code   RO         4155    .ARM.Collect$$libinit$$0000001D  c_w.l(libinit2.o)
    0x08000242   0x00000000   Code   RO         4157    .ARM.Collect$$libinit$$0000001F  c_w.l(libinit2.o)
    0x08000242   0x00000000   Code   RO         4159    .ARM.Collect$$libinit$$00000021  c_w.l(libinit2.o)
    0x08000242   0x00000000   Code   RO         4161    .ARM.Collect$$libinit$$00000023  c_w.l(libinit2.o)
    0x08000242   0x00000000   Code   RO         4163    .ARM.Collect$$libinit$$00000025  c_w.l(libinit2.o)
    0x08000242   0x00000000   Code   RO         4167    .ARM.Collect$$libinit$$0000002C  c_w.l(libinit2.o)
    0x08000242   0x00000000   Code   RO         4169    .ARM.Collect$$libinit$$0000002E  c_w.l(libinit2.o)
    0x08000242   0x00000000   Code   RO         4171    .ARM.Collect$$libinit$$00000030  c_w.l(libinit2.o)
    0x08000242   0x00000000   Code   RO         4173    .ARM.Collect$$libinit$$00000032  c_w.l(libinit2.o)
    0x08000242   0x00000002   Code   RO         4174    .ARM.Collect$$libinit$$00000033  c_w.l(libinit2.o)
    0x08000244   0x00000002   Code   RO         4379    .ARM.Collect$$libshutdown$$00000000  c_w.l(libshutdown.o)
    0x08000246   0x00000000   Code   RO         4341    .ARM.Collect$$libshutdown$$00000002  c_w.l(libshutdown2.o)
    0x08000246   0x00000000   Code   RO         4343    .ARM.Collect$$libshutdown$$00000004  c_w.l(libshutdown2.o)
    0x08000246   0x00000000   Code   RO         4346    .ARM.Collect$$libshutdown$$00000007  c_w.l(libshutdown2.o)
    0x08000246   0x00000000   Code   RO         4349    .ARM.Collect$$libshutdown$$0000000A  c_w.l(libshutdown2.o)
    0x08000246   0x00000000   Code   RO         4351    .ARM.Collect$$libshutdown$$0000000C  c_w.l(libshutdown2.o)
    0x08000246   0x00000000   Code   RO         4354    .ARM.Collect$$libshutdown$$0000000F  c_w.l(libshutdown2.o)
    0x08000246   0x00000002   Code   RO         4355    .ARM.Collect$$libshutdown$$00000010  c_w.l(libshutdown2.o)
    0x08000248   0x00000000   Code   RO         4090    .ARM.Collect$$rtentry$$00000000  c_w.l(__rtentry.o)
    0x08000248   0x00000000   Code   RO         4249    .ARM.Collect$$rtentry$$00000002  c_w.l(__rtentry2.o)
    0x08000248   0x00000006   Code   RO         4261    .ARM.Collect$$rtentry$$00000004  c_w.l(__rtentry4.o)
    0x0800024e   0x00000000   Code   RO         4251    .ARM.Collect$$rtentry$$00000009  c_w.l(__rtentry2.o)
    0x0800024e   0x00000004   Code   RO         4252    .ARM.Collect$$rtentry$$0000000A  c_w.l(__rtentry2.o)
    0x08000252   0x00000000   Code   RO         4254    .ARM.Collect$$rtentry$$0000000C  c_w.l(__rtentry2.o)
    0x08000252   0x00000008   Code   RO         4255    .ARM.Collect$$rtentry$$0000000D  c_w.l(__rtentry2.o)
    0x0800025a   0x00000002   Code   RO         4328    .ARM.Collect$$rtexit$$00000000  c_w.l(rtexit.o)
    0x0800025c   0x00000000   Code   RO         4357    .ARM.Collect$$rtexit$$00000002  c_w.l(rtexit2.o)
    0x0800025c   0x00000004   Code   RO         4358    .ARM.Collect$$rtexit$$00000003  c_w.l(rtexit2.o)
    0x08000260   0x00000006   Code   RO         4359    .ARM.Collect$$rtexit$$00000004  c_w.l(rtexit2.o)
    0x08000266   0x0000000c   Code   RO            4    .text               main.o
    0x08000272   0x0000001a   Code   RO          331    .text               stm32f4xx_it.o
    0x0800028c   0x00000210   Code   RO          384    .text               system_stm32f4xx.o
    0x0800049c   0x00000058   Code   RO          414    .text               bsp.o
    0x080004f4   0x000000dc   Code   RO          441    .text               control_task.o
    0x080005d0   0x00000314   Code   RO          468    .text               buff_karman_filter.o
    0x080008e4   0x0000113c   Code   RO          499    .text               gimbal_task.o
    0x08001a20   0x000004b8   Code   RO          530    .text               infantry_mode_switch_task.o
    0x08001ed8   0x00000528   Code   RO          562    .text               oldpid.o
    0x08002400   0x00000070   Code   RO          694    .text               canbus.o
    0x08002470   0x00000108   Code   RO          718    .text               ch100.o
    0x08002578   0x00000398   Code   RO          754    .text               dji_motor.o
    0x08002910   0x00000584   Code   RO          789    .text               hi220.o
    0x08002e94   0x000002ec   Code   RO          845    .text               judge.o
    0x08003180   0x000003e4   Code   RO          962    .text               remote.o
    0x08003564   0x00000298   Code   RO          993    .text               can_chassis_transmit.o
    0x080037fc   0x00000290   Code   RO         1023    .text               can.o
    0x08003a8c   0x00000c6c   Code   RO         1121    .text               usart.o
    0x080046f8   0x0000008c   Code   RO         1149    .text               timer.o
    0x08004784   0x000000e0   Code   RO         1176    .text               misc.o
    0x08004864   0x000009f0   Code   RO         1224    .text               stm32f4xx_can.o
    0x08005254   0x000003a8   Code   RO         1296    .text               stm32f4xx_dma.o
    0x080055fc   0x00000294   Code   RO         1368    .text               stm32f4xx_gpio.o
    0x08005890   0x0000065c   Code   RO         1440    .text               stm32f4xx_rcc.o
    0x08005eec   0x00000ca2   Code   RO         1538    .text               stm32f4xx_tim.o
    0x08006b8e   0x00000002   PAD
    0x08006b90   0x00000454   Code   RO         1562    .text               stm32f4xx_usart.o
    0x08006fe4   0x00000040   Code   RO         1586    .text               startup_stm32f40_41xxx.o
    0x08007024   0x00003180   Code   RO         2826    .text               matrixfunctions.o
    0x0800a1a4   0x000009ac   Code   RO         3404    .text               supportfunctions.o
    0x0800ab50   0x00000024   Code   RO         3878    .text               c_w.l(strstr.o)
    0x0800ab74   0x0000008a   Code   RO         3882    .text               c_w.l(rt_memcpy_v6.o)
    0x0800abfe   0x00000064   Code   RO         3886    .text               c_w.l(rt_memcpy_w.o)
    0x0800ac62   0x0000004e   Code   RO         3890    .text               c_w.l(rt_memclr_w.o)
    0x0800acb0   0x00000006   Code   RO         3894    .text               c_w.l(heapauxi.o)
    0x0800acb6   0x00000016   Code   RO         4120    .text               c_w.l(_rserrno.o)
    0x0800accc   0x0000000c   Code   RO         4243    .text               c_w.l(sys_exit.o)
    0x0800acd8   0x00000008   Code   RO         4245    .text               c_w.l(libspace.o)
    0x0800ace0   0x00000008   Code   RO         4268    .text               c_w.l(rt_errno_addr_intlibspace.o)
    0x0800ace8   0x00000002   Code   RO         4297    .text               c_w.l(use_no_semi.o)
    0x0800acea   0x00000000   Code   RO         4299    .text               c_w.l(indicate_semi.o)
    0x0800acea   0x0000004a   Code   RO         4300    .text               c_w.l(sys_stackheap_outer.o)
    0x0800ad34   0x00000012   Code   RO         4306    .text               c_w.l(exit.o)
    0x0800ad46   0x00000030   Code   RO         4207    i.__ARM_fpclassify  m_wm.l(fpclassify.o)
    0x0800ad76   0x00000002   PAD
    0x0800ad78   0x000002d8   Code   RO         3940    i.__hardfp_atan     m_wm.l(atan.o)
    0x0800b050   0x000001f0   Code   RO         3954    i.__hardfp_atan2    m_wm.l(atan2.o)
    0x0800b240   0x000000c8   Code   RO         3966    i.__hardfp_cos      m_wm.l(cos.o)
    0x0800b308   0x00000014   Code   RO         3992    i.__hardfp_fabs     m_wm.l(fabs.o)
    0x0800b31c   0x00000004   PAD
    0x0800b320   0x000000c8   Code   RO         4040    i.__hardfp_sin      m_wm.l(sin.o)
    0x0800b3e8   0x0000007a   Code   RO         4052    i.__hardfp_sqrt     m_wm.l(sqrt.o)
    0x0800b462   0x0000003a   Code   RO         4064    i.__hardfp_sqrtf    m_wm.l(sqrtf.o)
    0x0800b49c   0x00000004   PAD
    0x0800b4a0   0x00000438   Code   RO         4228    i.__ieee754_rem_pio2  m_wm.l(rred.o)
    0x0800b8d8   0x00000170   Code   RO         4190    i.__kernel_cos      m_wm.l(cos_i.o)
    0x0800ba48   0x000000f8   Code   RO         4225    i.__kernel_poly     m_wm.l(poly.o)
    0x0800bb40   0x00000130   Code   RO         4233    i.__kernel_sin      m_wm.l(sin_i.o)
    0x0800bc70   0x00000014   Code   RO         4194    i.__mathlib_dbl_infnan  m_wm.l(dunder.o)
    0x0800bc84   0x00000014   Code   RO         4195    i.__mathlib_dbl_infnan2  m_wm.l(dunder.o)
    0x0800bc98   0x00000020   Code   RO         4196    i.__mathlib_dbl_invalid  m_wm.l(dunder.o)
    0x0800bcb8   0x00000020   Code   RO         4199    i.__mathlib_dbl_underflow  m_wm.l(dunder.o)
    0x0800bcd8   0x00000010   Code   RO         3942    i.atan              m_wm.l(atan.o)
    0x0800bce8   0x00000018   Code   RO         3994    i.fabs              m_wm.l(fabs.o)
    0x0800bd00   0x00000018   Code   RO         3898    x$fpl$basic         fz_wm.l(basic.o)
    0x0800bd18   0x00000062   Code   RO         3900    x$fpl$d2f           fz_wm.l(d2f.o)
    0x0800bd7a   0x00000002   PAD
    0x0800bd7c   0x00000150   Code   RO         3902    x$fpl$dadd          fz_wm.l(daddsub_clz.o)
    0x0800becc   0x00000018   Code   RO         4175    x$fpl$dcmpinf       fz_wm.l(dcmpi.o)
    0x0800bee4   0x000002b0   Code   RO         3909    x$fpl$ddiv          fz_wm.l(ddiv.o)
    0x0800c194   0x00000078   Code   RO         3912    x$fpl$deqf          fz_wm.l(deqf.o)
    0x0800c20c   0x0000005e   Code   RO         4291    x$fpl$dfix          fz_wm.l(dfix.o)
    0x0800c26a   0x0000002e   Code   RO         3923    x$fpl$dflt          fz_wm.l(dflt_clz.o)
    0x0800c298   0x00000026   Code   RO         3922    x$fpl$dfltu         fz_wm.l(dflt_clz.o)
    0x0800c2be   0x00000002   PAD
    0x0800c2c0   0x00000078   Code   RO         3928    x$fpl$dleqf         fz_wm.l(dleqf.o)
    0x0800c338   0x00000154   Code   RO         3930    x$fpl$dmul          fz_wm.l(dmul.o)
    0x0800c48c   0x0000009c   Code   RO         4177    x$fpl$dnaninf       fz_wm.l(dnaninf.o)
    0x0800c528   0x0000000c   Code   RO         4179    x$fpl$dretinf       fz_wm.l(dretinf.o)
    0x0800c534   0x0000006c   Code   RO         3932    x$fpl$drleqf        fz_wm.l(drleqf.o)
    0x0800c5a0   0x00000016   Code   RO         3903    x$fpl$drsb          fz_wm.l(daddsub_clz.o)
    0x0800c5b6   0x00000002   PAD
    0x0800c5b8   0x00000198   Code   RO         4181    x$fpl$dsqrt         fz_wm.l(dsqrt_umaal.o)
    0x0800c750   0x000001d4   Code   RO         3904    x$fpl$dsub          fz_wm.l(daddsub_clz.o)
    0x0800c924   0x00000056   Code   RO         3934    x$fpl$f2d           fz_wm.l(f2d.o)
    0x0800c97a   0x0000008c   Code   RO         4183    x$fpl$fnaninf       fz_wm.l(fnaninf.o)
    0x0800ca06   0x0000000a   Code   RO         4295    x$fpl$fpinit        fz_wm.l(fpinit.o)
    0x0800ca10   0x0000000a   Code   RO         4185    x$fpl$fretinf       fz_wm.l(fretinf.o)
    0x0800ca1a   0x00000002   PAD
    0x0800ca1c   0x000000c2   Code   RO         3914    x$fpl$llsfromd      fz_wm.l(dfixll.o)
    0x0800cade   0x00000002   PAD
    0x0800cae0   0x00000086   Code   RO         3936    x$fpl$llsfromf      fz_wm.l(ffixll.o)
    0x0800cb66   0x00000000   Code   RO         4189    x$fpl$usenofp       fz_wm.l(usenofp.o)
    0x0800cb66   0x00000302   Data   RO          847    .constdata          judge.o
    0x0800ce68   0x00000098   Data   RO         3943    .constdata          m_wm.l(atan.o)
    0x0800cf00   0x00000030   Data   RO         4191    .constdata          m_wm.l(cos_i.o)
    0x0800cf30   0x00000008   Data   RO         4227    .constdata          m_wm.l(qnan.o)
    0x0800cf38   0x000000c8   Data   RO         4230    .constdata          m_wm.l(rred.o)
    0x0800d000   0x00000028   Data   RO         4234    .constdata          m_wm.l(sin_i.o)
    0x0800d028   0x00000020   Data   RO         4380    Region$$Table       anon$$obj.o


    Execution Region RW_IRAM1 (Base: 0x20000000, Size: 0x00002468, Max: 0x00020000, ABSOLUTE, COMPRESSED[0x0000005c])

    Base Addr    Size         Type   Attr      Idx    E Section Name        Object

    0x20000000   0x00000014   Data   RW          385    .data               system_stm32f4xx.o
    0x20000014   0x00000004   Data   RW          442    .data               control_task.o
    0x20000018   0x00000245   Data   RW          470    .data               buff_karman_filter.o
    0x2000025d   0x00000003   PAD
    0x20000260   0x00000048   Data   RW          501    .data               gimbal_task.o
    0x200002a8   0x00000004   Data   RW          532    .data               infantry_mode_switch_task.o
    0x200002ac   0x0000000c   Data   RW          720    .data               ch100.o
    0x200002b8   0x0000002c   Data   RW          791    .data               hi220.o
    0x200002e4   0x00000002   Data   RW          848    .data               judge.o
    0x200002e6   0x00000020   Data   RW          964    .data               remote.o
    0x20000306   0x00000002   PAD
    0x20000308   0x00000010   Data   RW         1123    .data               usart.o
    0x20000318   0x00000010   Data   RW         1441    .data               stm32f4xx_rcc.o
    0x20000328   0x00000100   Zero   RW          469    .bss                buff_karman_filter.o
    0x20000428   0x00000754   Zero   RW          500    .bss                gimbal_task.o
    0x20000b7c   0x000000a8   Zero   RW          531    .bss                infantry_mode_switch_task.o
    0x20000c24   0x00000004   PAD
    0x20000c28   0x000007d8   Zero   RW          596    .bss                senior.o
    0x20001400   0x0000004c   Zero   RW          719    .bss                ch100.o
    0x2000144c   0x00000048   Zero   RW          790    .bss                hi220.o
    0x20001494   0x000000c6   Zero   RW          846    .bss                judge.o
    0x2000155a   0x00000002   PAD
    0x2000155c   0x000000d4   Zero   RW          878    .bss                auto_shoot.o
    0x20001630   0x00000048   Zero   RW          963    .bss                remote.o
    0x20001678   0x00000020   Zero   RW          994    .bss                can_chassis_transmit.o
    0x20001698   0x0000076e   Zero   RW         1122    .bss                usart.o
    0x20001e06   0x00000002   PAD
    0x20001e08   0x00000060   Zero   RW         4246    .bss                c_w.l(libspace.o)
    0x20001e68   0x00000200   Zero   RW         1584    HEAP                startup_stm32f40_41xxx.o
    0x20002068   0x00000400   Zero   RW         1583    STACK               startup_stm32f40_41xxx.o


==============================================================================

Image component sizes


      Code (inc. data)   RO Data    RW Data    ZI Data      Debug   Object Name

         0          0          0          0        212       3549   auto_shoot.o
         0          0          0          0          0       1296   basicmathfunctions.o
        88          6          0          0          0        507   bsp.o
       788         52          0        581        256       4079   buff_karman_filter.o
       656         22          0          0          0       2182   can.o
       664         16          0          0         32       3865   can_chassis_transmit.o
       112         18          0          0          0       1316   canbus.o
       264         26          0         12         76       4000   ch100.o
       220         36          0          4          0        969   control_task.o
       920          8          0          0          0       5149   dji_motor.o
      4412        380          0         72       1876       6199   gimbal_task.o
      1412        114          0         44         72       2488   hi220.o
      1208         66          0          4        168       4084   infantry_mode_switch_task.o
       748         16        770          2        198      10155   judge.o
        12          0          0          0          0     321629   main.o
     12672         94          0          0          0      61384   matrixfunctions.o
       224         20          0          0          0       1881   misc.o
      1320          8          0          0          0       4847   oldpid.o
       996        134          0         32         72       6395   remote.o
         0          0          0          0       2008       1876   senior.o
        64         26        392          0       1536        868   startup_stm32f40_41xxx.o
      2544         38          0          0          0       8208   stm32f4xx_can.o
       936         32          0          0          0       6453   stm32f4xx_dma.o
       660         44          0          0          0       4221   stm32f4xx_gpio.o
        26          0          0          0          0       1254   stm32f4xx_it.o
      1628         52          0         16          0      13128   stm32f4xx_rcc.o
      3234         60          0          0          0      23076   stm32f4xx_tim.o
      1108         34          0          0          0       7944   stm32f4xx_usart.o
      2476         22          0          0          0      29092   supportfunctions.o
       528         46          0         20          0       1871   system_stm32f4xx.o
       140          4          0          0          0        753   timer.o
      3180        156          0         16       1902       6625   usart.o

    ----------------------------------------------------------------------
     43242       1530       1194        808       8416     551343   Object Totals
         0          0         32          0          0          0   (incl. Generated)
         2          0          0          5          8          0   (incl. Padding)

    ----------------------------------------------------------------------

      Code (inc. data)   RO Data    RW Data    ZI Data      Debug   Library Member Name

        90          0          0          0          0          0   __dczerorl2.o
         8          0          0          0          0         68   __main.o
         0          0          0          0          0          0   __rtentry.o
        12          0          0          0          0          0   __rtentry2.o
         6          0          0          0          0          0   __rtentry4.o
        52          8          0          0          0          0   __scatter.o
        28          0          0          0          0          0   __scatter_zi.o
        22          0          0          0          0        100   _rserrno.o
        18          0          0          0          0         80   exit.o
         6          0          0          0          0        152   heapauxi.o
         0          0          0          0          0          0   indicate_semi.o
         2          0          0          0          0          0   libinit.o
         6          0          0          0          0          0   libinit2.o
         2          0          0          0          0          0   libshutdown.o
         2          0          0          0          0          0   libshutdown2.o
         8          4          0          0         96         68   libspace.o
         8          4          0          0          0         68   rt_errno_addr_intlibspace.o
        78          0          0          0          0         80   rt_memclr_w.o
       138          0          0          0          0         68   rt_memcpy_v6.o
       100          0          0          0          0         80   rt_memcpy_w.o
         2          0          0          0          0          0   rtexit.o
        10          0          0          0          0          0   rtexit2.o
        36          0          0          0          0         80   strstr.o
        12          4          0          0          0         68   sys_exit.o
        74          0          0          0          0         80   sys_stackheap_outer.o
         2          0          0          0          0         68   use_no_semi.o
        24          0          0          0          0        164   basic.o
        98          4          0          0          0        140   d2f.o
       826         16          0          0          0        492   daddsub_clz.o
        24          0          0          0          0        116   dcmpi.o
       688        140          0          0          0        256   ddiv.o
       120          4          0          0          0        140   deqf.o
        94          4          0          0          0        140   dfix.o
       194          4          0          0          0        164   dfixll.o
        84          0          0          0          0        232   dflt_clz.o
       120          4          0          0          0        140   dleqf.o
       340         12          0          0          0        152   dmul.o
       156          4          0          0          0        140   dnaninf.o
        12          0          0          0          0        116   dretinf.o
       108          0          0          0          0        128   drleqf.o
       408         56          0          0          0        168   dsqrt_umaal.o
        86          4          0          0          0        132   f2d.o
       134          4          0          0          0        132   ffixll.o
       140          4          0          0          0        132   fnaninf.o
        10          0          0          0          0        116   fpinit.o
        10          0          0          0          0        116   fretinf.o
         0          0          0          0          0          0   usenofp.o
       744        106        152          0          0        352   atan.o
       496         64          0          0          0        192   atan2.o
       200         20          0          0          0        164   cos.o
       368         46         48          0          0        200   cos_i.o
       104         16          0          0          0        496   dunder.o
        44          0          0          0          0        248   fabs.o
        48          0          0          0          0        124   fpclassify.o
       248          0          0          0          0        152   poly.o
         0          0          8          0          0          0   qnan.o
      1080        142        200          0          0        188   rred.o
       200         20          0          0          0        164   sin.o
       304         24         40          0          0        208   sin_i.o
       122          0          0          0          0        148   sqrt.o
        58          0          0          0          0        136   sqrtf.o

    ----------------------------------------------------------------------
      8436        718        448          0         96       7148   Library Totals
        22          0          0          0          0          0   (incl. Padding)

    ----------------------------------------------------------------------

      Code (inc. data)   RO Data    RW Data    ZI Data      Debug   Library Name

       722         20          0          0         96       1060   c_w.l
      3676        260          0          0          0       3316   fz_wm.l
      4016        438        448          0          0       2772   m_wm.l

    ----------------------------------------------------------------------
      8436        718        448          0         96       7148   Library Totals

    ----------------------------------------------------------------------

==============================================================================


      Code (inc. data)   RO Data    RW Data    ZI Data      Debug   

     51678       2248       1642        808       8512     548723   Grand Totals
     51678       2248       1642         92       8512     548723   ELF Image Totals (compressed)
     51678       2248       1642         92          0          0   ROM Totals

==============================================================================

    Total RO  Size (Code + RO Data)                53320 (  52.07kB)
    Total RW  Size (RW Data + ZI Data)              9320 (   9.10kB)
    Total ROM Size (Code + RO Data + RW Data)      53412 (  52.16kB)

==============================================================================

