Component: ARM Compiler 5.06 update 4 (build 422) Tool: armlink [4d35d2]

==============================================================================

Section Cross References

    main.o(.text) refers to bsp.o(.text) for BSP_Init
    main.o(.text) refers to chassis_task.o(.text) for chassis_task
    system_stm32f4xx.o(.text) refers to system_stm32f4xx.o(.data) for SystemCoreClock
    bsp.o(.text) refers to misc.o(.text) for NVIC_PriorityGroupConfig
    bsp.o(.text) refers to usart.o(.text) for usart1_init
    bsp.o(.text) refers to can.o(.text) for CAN1_Mode_Init
    chassis_task.o(.text) refers to d2f.o(x$fpl$d2f) for __aeabi_d2f
    chassis_task.o(.text) refers to f2d.o(x$fpl$f2d) for __aeabi_f2d
    chassis_task.o(.text) refers to sqrt.o(i.__hardfp_sqrt) for __hardfp_sqrt
    chassis_task.o(.text) refers to atan2.o(i.__hardfp_atan2) for __hardfp_atan2
    chassis_task.o(.text) refers to fmod.o(i.__hardfp_fmod) for __hardfp_fmod
    chassis_task.o(.text) refers to dmul.o(x$fpl$dmul) for __aeabi_dmul
    chassis_task.o(.text) refers to chassis_task.o(.bss) for chassis
    chassis_task.o(.text) refers to chassis_task.o(.data) for vx
    chassis_task.o(.text) refers to senior.o(.bss) for yaw_Encoder
    oldpid.o(.text) refers to f2d.o(x$fpl$f2d) for __aeabi_f2d
    oldpid.o(.text) refers to fabs.o(i.__hardfp_fabs) for __hardfp_fabs
    oldpid.o(.text) refers to drleqf.o(x$fpl$drleqf) for __aeabi_cdrcmple
    oldpid.o(.text) refers to dleqf.o(x$fpl$dleqf) for __aeabi_cdcmple
    protobuf-c.o(.text) refers to h1_alloc.o(.text) for malloc
    protobuf-c.o(.text) refers to h1_free.o(.text) for free
    protobuf-c.o(.text) refers to rt_memcpy_v6.o(.text) for __aeabi_memcpy
    protobuf-c.o(.text) refers to strlen.o(.text) for strlen
    protobuf-c.o(.text) refers to deqf.o(x$fpl$deqf) for __aeabi_cdcmpeq
    protobuf-c.o(.text) refers to protobuf-c.o(.data) for protobuf_c__allocator
    protobuf-c.o(.text) refers to assert.o(.text) for __aeabi_assert
    protobuf-c.o(.text) refers to protobuf-c.o(.conststring) for .conststring
    protobuf-c.o(.text) refers to rt_memmove_v6.o(.text) for __aeabi_memmove
    protobuf-c.o(.text) refers to rt_memcpy_w.o(.text) for __aeabi_memcpy4
    protobuf-c.o(.text) refers to protobuf-c.o(.constdata) for .constdata
    protobuf-c.o(.text) refers to rt_memclr.o(.text) for __aeabi_memclr
    protobuf-c.o(.text) refers to llshl.o(.text) for __aeabi_llsl
    protobuf-c.o(.text) refers to rt_memclr_w.o(.text) for __aeabi_memclr4
    protobuf-c.o(.text) refers to strcmpv7m.o(.text) for strcmp
    protobuf-c.o(.constdata) refers to protobuf-c.o(.text) for protobuf_c_buffer_simple_append
    protobuf-c.o(.data) refers to protobuf-c.o(.text) for system_alloc
    recieve.pb-c.o(.text) refers to rt_memcpy_w.o(.text) for __aeabi_memcpy4
    recieve.pb-c.o(.text) refers to assert.o(.text) for __aeabi_assert
    recieve.pb-c.o(.text) refers to protobuf-c.o(.text) for protobuf_c_message_get_packed_size
    recieve.pb-c.o(.text) refers to recieve.pb-c.o(.constdata) for init_value
    recieve.pb-c.o(.constdata) refers to recieve.pb-c.o(.conststring) for .conststring
    recieve.pb-c.o(.constdata) refers to recieve.pb-c.o(.text) for device_to_host__frame__init
    send.pb-c.o(.text) refers to rt_memcpy_w.o(.text) for __aeabi_memcpy4
    send.pb-c.o(.text) refers to assert.o(.text) for __aeabi_assert
    send.pb-c.o(.text) refers to protobuf-c.o(.text) for protobuf_c_message_get_packed_size
    send.pb-c.o(.text) refers to send.pb-c.o(.constdata) for init_value
    send.pb-c.o(.constdata) refers to send.pb-c.o(.conststring) for .conststring
    send.pb-c.o(.constdata) refers to send.pb-c.o(.text) for host_to_device__frame__init
    canbus.o(.text) refers to dji_motor.o(.text) for GM6020EncoderTask
    canbus.o(.text) refers to stm32f4xx_can.o(.text) for CAN_Transmit
    canbus.o(.text) refers to canbus.o(.data) for can1_count
    canbus.o(.text) refers to senior.o(.bss) for yaw_Encoder
    ch100.o(.text) refers to rt_memcpy_v6.o(.text) for __aeabi_memcpy
    ch100.o(.text) refers to ch100.o(.bss) for dat
    ch100.o(.text) refers to ch100.o(.data) for Yaw_temp1
    dji_motor.o(.text) refers to f2d.o(x$fpl$f2d) for __aeabi_f2d
    hi220.o(.text) refers to strstr.o(.text) for strstr
    hi220.o(.text) refers to hi220.o(.data) for Hi220_Flags
    hi220.o(.text) refers to hi220.o(.bss) for HI220_Data_From_Usart
    ht430.o(.text) refers to dflt_clz.o(x$fpl$dfltu) for __aeabi_ui2d
    ht430.o(.text) refers to dmul.o(x$fpl$dmul) for __aeabi_dmul
    ht430.o(.text) refers to dfixu.o(x$fpl$dfixu) for __aeabi_d2uiz
    ht430.o(.text) refers to dflt_clz.o(x$fpl$dflt) for __aeabi_i2d
    judge.o(.text) refers to rt_memcpy_v6.o(.text) for __aeabi_memcpy
    judge.o(.text) refers to judge.o(.constdata) for CRC8_TAB
    judge.o(.text) refers to judge.o(.data) for CRC_INIT
    judge.o(.text) refers to senior.o(.bss) for judge_rece_mesg
    auto_shoot.o(.text) refers to judge.o(.text) for get_crc8
[...]
    ..\\STLIB\\src\\stm32f4xx_exti.c         0x00000000   Number         0  stm32f4xx_exti.o ABSOLUTE
    ..\\STLIB\\src\\stm32f4xx_flash.c        0x00000000   Number         0  stm32f4xx_flash.o ABSOLUTE
    ..\\STLIB\\src\\stm32f4xx_gpio.c         0x00000000   Number         0  stm32f4xx_gpio.o ABSOLUTE
    ..\\STLIB\\src\\stm32f4xx_i2c.c          0x00000000   Number         0  stm32f4xx_i2c.o ABSOLUTE
    ..\\STLIB\\src\\stm32f4xx_iwdg.c         0x00000000   Number         0  stm32f4xx_iwdg.o ABSOLUTE
    ..\\STLIB\\src\\stm32f4xx_rcc.c          0x00000000   Number         0  stm32f4xx_rcc.o ABSOLUTE
    ..\\STLIB\\src\\stm32f4xx_rng.c          0x00000000   Number         0  stm32f4xx_rng.o ABSOLUTE
    ..\\STLIB\\src\\stm32f4xx_spi.c          0x00000000   Number         0  stm32f4xx_spi.o ABSOLUTE
    ..\\STLIB\\src\\stm32f4xx_syscfg.c       0x00000000   Number         0  stm32f4xx_syscfg.o ABSOLUTE
    ..\\STLIB\\src\\stm32f4xx_tim.c          0x00000000   Number         0  stm32f4xx_tim.o ABSOLUTE
    ..\\STLIB\\src\\stm32f4xx_usart.c        0x00000000   Number         0  stm32f4xx_usart.o ABSOLUTE
    BSP.c                                    0x00000000   Number         0  bsp.o ABSOLUTE
    BSP.c                                    0x00000000   Number         0  bsp.o ABSOLUTE
    C:\Keil_v5\ARM\PACK\ARM\CMSIS\5.8.0\CMSIS\DSP\Source\BasicMathFunctions\BasicMathFunctions.c 0x00000000   Number         0  basicmathfunctions.o ABSOLUTE
    C:\Keil_v5\ARM\PACK\ARM\CMSIS\5.8.0\CMSIS\DSP\Source\BasicMathFunctions\BasicMathFunctionsF16.c 0x00000000   Number         0  basicmathfunctionsf16.o ABSOLUTE
    C:\Keil_v5\ARM\PACK\ARM\CMSIS\5.8.0\CMSIS\DSP\Source\BayesFunctions\BayesFunctions.c 0x00000000   Number         0  bayesfunctions.o ABSOLUTE
    C:\Keil_v5\ARM\PACK\ARM\CMSIS\5.8.0\CMSIS\DSP\Source\BayesFunctions\BayesFunctionsF16.c 0x00000000   Number         0  bayesfunctionsf16.o ABSOLUTE
    C:\Keil_v5\ARM\PACK\ARM\CMSIS\5.8.0\CMSIS\DSP\Source\CommonTables\CommonTables.c 0x00000000   Number         0  commontables.o ABSOLUTE
    C:\Keil_v5\ARM\PACK\ARM\CMSIS\5.8.0\CMSIS\DSP\Source\CommonTables\CommonTablesF16.c 0x00000000   Number         0  commontablesf16.o ABSOLUTE
    C:\Keil_v5\ARM\PACK\ARM\CMSIS\5.8.0\CMSIS\DSP\Source\ComplexMathFunctions\ComplexMathFunctions.c 0x00000000   Number         0  complexmathfunctions.o ABSOLUTE
    C:\Keil_v5\ARM\PACK\ARM\CMSIS\5.8.0\CMSIS\DSP\Source\ComplexMathFunctions\ComplexMathFunctionsF16.c 0x00000000   Number         0  complexmathfunctionsf16.o ABSOLUTE
    C:\Keil_v5\ARM\PACK\ARM\CMSIS\5.8.0\CMSIS\DSP\Source\ControllerFunctions\ControllerFunctions.c 0x00000000   Number         0  controllerfunctions.o ABSOLUTE
    C:\Keil_v5\ARM\PACK\ARM\CMSIS\5.8.0\CMSIS\DSP\Source\DistanceFunctions\DistanceFunctions.c 0x00000000   Number         0  distancefunctions.o ABSOLUTE
    C:\Keil_v5\ARM\PACK\ARM\CMSIS\5.8.0\CMSIS\DSP\Source\DistanceFunctions\DistanceFunctionsF16.c 0x00000000   Number         0  distancefunctionsf16.o ABSOLUTE
    C:\Keil_v5\ARM\PACK\ARM\CMSIS\5.8.0\CMSIS\DSP\Source\FastMathFunctions\FastMathFunctions.c 0x00000000   Number         0  fastmathfunctions.o ABSOLUTE
    C:\Keil_v5\ARM\PACK\ARM\CMSIS\5.8.0\CMSIS\DSP\Source\FastMathFunctions\FastMathFunctionsF16.c 0x00000000   Number         0  fastmathfunctionsf16.o ABSOLUTE
    C:\Keil_v5\ARM\PACK\ARM\CMSIS\5.8.0\CMSIS\DSP\Source\FilteringFunctions\FilteringFunctions.c 0x00000000   Number         0  filteringfunctions.o ABSOLUTE
    C:\Keil_v5\ARM\PACK\ARM\CMSIS\5.8.0\CMSIS\DSP\Source\FilteringFunctions\FilteringFunctionsF16.c 0x00000000   Number         0  filteringfunctionsf16.o ABSOLUTE
    C:\Keil_v5\ARM\PACK\ARM\CMSIS\5.8.0\CMSIS\DSP\Source\InterpolationFunctions\InterpolationFunctions.c 0x00000000   Number         0  interpolationfunctions.o ABSOLUTE
    C:\Keil_v5\ARM\PACK\ARM\CMSIS\5.8.0\CMSIS\DSP\Source\InterpolationFunctions\InterpolationFunctionsF16.c 0x00000000   Number         0  interpolationfunctionsf16.o ABSOLUTE
    C:\Keil_v5\ARM\PACK\ARM\CMSIS\5.8.0\CMSIS\DSP\Source\MatrixFunctions\MatrixFunctions.c 0x00000000   Number         0  matrixfunctions.o ABSOLUTE
    C:\Keil_v5\ARM\PACK\ARM\CMSIS\5.8.0\CMSIS\DSP\Source\MatrixFunctions\MatrixFunctionsF16.c 0x00000000   Number         0  matrixfunctionsf16.o ABSOLUTE
    C:\Keil_v5\ARM\PACK\ARM\CMSIS\5.8.0\CMSIS\DSP\Source\QuaternionMathFunctions\QuaternionMathFunctions.c 0x00000000   Number         0  quaternionmathfunctions.o ABSOLUTE
    C:\Keil_v5\ARM\PACK\ARM\CMSIS\5.8.0\CMSIS\DSP\Source\SVMFunctions\SVMFunctions.c 0x00000000   Number         0  svmfunctions.o ABSOLUTE
    C:\Keil_v5\ARM\PACK\ARM\CMSIS\5.8.0\CMSIS\DSP\Source\SVMFunctions\SVMFunctionsF16.c 0x00000000   Number         0  svmfunctionsf16.o ABSOLUTE
    C:\Keil_v5\ARM\PACK\ARM\CMSIS\5.8.0\CMSIS\DSP\Source\StatisticsFunctions\StatisticsFunctions.c 0x00000000   Number         0  statisticsfunctions.o ABSOLUTE
    C:\Keil_v5\ARM\PACK\ARM\CMSIS\5.8.0\CMSIS\DSP\Source\StatisticsFunctions\StatisticsFunctionsF16.c 0x00000000   Number         0  statisticsfunctionsf16.o ABSOLUTE
    C:\Keil_v5\ARM\PACK\ARM\CMSIS\5.8.0\CMSIS\DSP\Source\SupportFunctions\SupportFunctions.c 0x00000000   Number         0  supportfunctions.o ABSOLUTE
    C:\Keil_v5\ARM\PACK\ARM\CMSIS\5.8.0\CMSIS\DSP\Source\SupportFunctions\SupportFunctionsF16.c 0x00000000   Number         0  supportfunctionsf16.o ABSOLUTE
    C:\Keil_v5\ARM\PACK\ARM\CMSIS\5.8.0\CMSIS\DSP\Source\TransformFunctions\TransformFunctions.c 0x00000000   Number         0  transformfunctions.o ABSOLUTE
    C:\Keil_v5\ARM\PACK\ARM\CMSIS\5.8.0\CMSIS\DSP\Source\TransformFunctions\TransformFunctionsF16.c 0x00000000   Number         0  transformfunctionsf16.o ABSOLUTE
    C:\Keil_v5\ARM\PACK\Keil\ARM_Compiler\1.3.0\Source\retarget_io.c 0x00000000   Number         0  retarget_io.o ABSOLUTE
    C:\\Keil_v5\\ARM\\PACK\\ARM\\CMSIS\\5.8.0\\CMSIS\\DSP\\Source\\BasicMathFunctions\\BasicMathFunctions.c 0x00000000   Number         0  basicmathfunctions.o ABSOLUTE
    C:\\Keil_v5\\ARM\\PACK\\ARM\\CMSIS\\5.8.0\\CMSIS\\DSP\\Source\\BasicMathFunctions\\BasicMathFunctionsF16.c 0x00000000   Number         0  basicmathfunctionsf16.o ABSOLUTE
    C:\\Keil_v5\\ARM\\PACK\\ARM\\CMSIS\\5.8.0\\CMSIS\\DSP\\Source\\BayesFunctions\\BayesFunctions.c 0x00000000   Number         0  bayesfunctions.o ABSOLUTE
    C:\\Keil_v5\\ARM\\PACK\\ARM\\CMSIS\\5.8.0\\CMSIS\\DSP\\Source\\BayesFunctions\\BayesFunctionsF16.c 0x00000000   Number         0  bayesfunctionsf16.o ABSOLUTE
    C:\\Keil_v5\\ARM\\PACK\\ARM\\CMSIS\\5.8.0\\CMSIS\\DSP\\Source\\CommonTables\\CommonTables.c 0x00000000   Number         0  commontables.o ABSOLUTE
    C:\\Keil_v5\\ARM\\PACK\\ARM\\CMSIS\\5.8.0\\CMSIS\\DSP\\Source\\CommonTables\\CommonTablesF16.c 0x00000000   Number         0  commontablesf16.o ABSOLUTE
    C:\\Keil_v5\\ARM\\PACK\\ARM\\CMSIS\\5.8.0\\CMSIS\\DSP\\Source\\ComplexMathFunctions\\ComplexMathFunctions.c 0x00000000   Number         0  complexmathfunctions.o ABSOLUTE
    C:\\Keil_v5\\ARM\\PACK\\ARM\\CMSIS\\5.8.0\\CMSIS\\DSP\\Source\\ComplexMathFunctions\\ComplexMathFunctionsF16.c 0x00000000   Number         0  complexmathfunctionsf16.o ABSOLUTE
    C:\\Keil_v5\\ARM\\PACK\\ARM\\CMSIS\\5.8.0\\CMSIS\\DSP\\Source\\ControllerFunctions\\ControllerFunctions.c 0x00000000   Number         0  controllerfunctions.o ABSOLUTE
    C:\\Keil_v5\\ARM\\PACK\\ARM\\CMSIS\\5.8.0\\CMSIS\\DSP\\Source\\DistanceFunctions\\DistanceFunctions.c 0x00000000   Number         0  distancefunctions.o ABSOLUTE
    C:\\Keil_v5\\ARM\\PACK\\ARM\\CMSIS\\5.8.0\\CMSIS\\DSP\\Source\\DistanceFunctions\\DistanceFunctionsF16.c 0x00000000   Number         0  distancefunctionsf16.o ABSOLUTE
    C:\\Keil_v5\\ARM\\PACK\\ARM\\CMSIS\\5.8.0\\CMSIS\\DSP\\Source\\FastMathFunctions\\FastMathFunctions.c 0x00000000   Number         0  fastmathfunctions.o ABSOLUTE
    C:\\Keil_v5\\ARM\\PACK\\ARM\\CMSIS\\5.8.0\\CMSIS\\DSP\\Source\\FastMathFunctions\\FastMathFunctionsF16.c 0x00000000   Number         0  fastmathfunctionsf16.o ABSOLUTE
    C:\\Keil_v5\\ARM\\PACK\\ARM\\CMSIS\\5.8.0\\CMSIS\\DSP\\Source\\FilteringFunctions\\FilteringFunctions.c 0x00000000   Number         0  filteringfunctions.o ABSOLUTE
    C:\\Keil_v5\\ARM\\PACK\\ARM\\CMSIS\\5.8.0\\CMSIS\\DSP\\Source\\FilteringFunctions\\FilteringFunctionsF16.c 0x00000000   Number         0  filteringfunctionsf16.o ABSOLUTE
    C:\\Keil_v5\\ARM\\PACK\\ARM\\CMSIS\\5.8.0\\CMSIS\\DSP\\Source\\InterpolationFunctions\\InterpolationFunctions.c 0x00000000   Number         0  interpolationfunctions.o ABSOLUTE
    C:\\Keil_v5\\ARM\\PACK\\ARM\\CMSIS\\5.8.0\\CMSIS\\DSP\\Source\\InterpolationFunctions\\InterpolationFunctionsF16.c 0x00000000   Number         0  interpolationfunctionsf16.o ABSOLUTE
    C:\\Keil_v5\\ARM\\PACK\\ARM\\CMSIS\\5.8.0\\CMSIS\\DSP\\Source\\MatrixFunctions\\MatrixFunctions.c 0x00000000   Number         0  matrixfunctions.o ABSOLUTE
    C:\\Keil_v5\\ARM\\PACK\\ARM\\CMSIS\\5.8.0\\CMSIS\\DSP\\Source\\MatrixFunctions\\MatrixFunctionsF16.c 0x00000000   Number         0  matrixfunctionsf16.o ABSOLUTE
    C:\\Keil_v5\\ARM\\PACK\\ARM\\CMSIS\\5.8.0\\CMSIS\\DSP\\Source\\QuaternionMathFunctions\\QuaternionMathFunctions.c 0x00000000   Number         0  quaternionmathfunctions.o ABSOLUTE
    C:\\Keil_v5\\ARM\\PACK\\ARM\\CMSIS\\5.8.0\\CMSIS\\DSP\\Source\\SVMFunctions\\SVMFunctions.c 0x00000000   Number         0  svmfunctions.o ABSOLUTE
    C:\\Keil_v5\\ARM\\PACK\\ARM\\CMSIS\\5.8.0\\CMSIS\\DSP\\Source\\SVMFunctions\\SVMFunctionsF16.c 0x00000000   Number         0  svmfunctionsf16.o ABSOLUTE
    C:\\Keil_v5\\ARM\\PACK\\ARM\\CMSIS\\5.8.0\\CMSIS\\DSP\\Source\\StatisticsFunctions\\StatisticsFunctions.c 0x00000000   Number         0  statisticsfunctions.o ABSOLUTE
    C:\\Keil_v5\\ARM\\PACK\\ARM\\CMSIS\\5.8.0\\CMSIS\\DSP\\Source\\StatisticsFunctions\\StatisticsFunctionsF16.c 0x00000000   Number         0  statisticsfunctionsf16.o ABSOLUTE
    C:\\Keil_v5\\ARM\\PACK\\ARM\\CMSIS\\5.8.0\\CMSIS\\DSP\\Source\\SupportFunctions\\SupportFunctions.c 0x00000000   Number         0  supportfunctions.o ABSOLUTE
    C:\\Keil_v5\\ARM\\PACK\\ARM\\CMSIS\\5.8.0\\CMSIS\\DSP\\Source\\SupportFunctions\\SupportFunctionsF16.c 0x00000000   Number         0  supportfunctionsf16.o ABSOLUTE
    C:\\Keil_v5\\ARM\\PACK\\ARM\\CMSIS\\5.8.0\\CMSIS\\DSP\\Source\\TransformFunctions\\TransformFunctions.c 0x00000000   Number         0  transformfunctions.o ABSOLUTE
    C:\\Keil_v5\\ARM\\PACK\\ARM\\CMSIS\\5.8.0\\CMSIS\\DSP\\Source\\TransformFunctions\\TransformFunctionsF16.c 0x00000000   Number         0  transformfunctionsf16.o ABSOLUTE
    dc.s                                     0x00000000   Number         0  dc.o ABSOLUTE
    main.c                                   0x00000000   Number         0  main.o ABSOLUTE
    main.c                                   0x00000000   Number         0  main.o ABSOLUTE
    stm32f4xx_it.c                           0x00000000   Number         0  stm32f4xx_it.o ABSOLUTE
    stm32f4xx_it.c                           0x00000000   Number         0  stm32f4xx_it.o ABSOLUTE
    system_stm32f4xx.c                       0x00000000   Number         0  system_stm32f4xx.o ABSOLUTE
    system_stm32f4xx.c                       0x00000000   Number         0  system_stm32f4xx.o ABSOLUTE
    RESET                                    0x08000000   Section      392  startup_stm32f40_41xxx.o(RESET)
    !!!main                                  0x08000188   Section        8  __main.o(!!!main)
    !!!scatter                               0x08000190   Section       52  __scatter.o(!!!scatter)
    !!handler_copy                           0x080001c4   Section       26  __scatter_copy.o(!!handler_copy)
    !!handler_zi                             0x080001e0   Section       28  __scatter_zi.o(!!handler_zi)
    .ARM.Collect$$libinit$$00000000          0x080001fc   Section        2  libinit.o(.ARM.Collect$$libinit$$00000000)
    .ARM.Collect$$libinit$$00000001          0x080001fe   Section        4  libinit2.o(.ARM.Collect$$libinit$$00000001)
    .ARM.Collect$$libinit$$00000004          0x08000202   Section        0  libinit2.o(.ARM.Collect$$libinit$$00000004)
    .ARM.Collect$$libinit$$0000000A          0x08000202   Section        0  libinit2.o(.ARM.Collect$$libinit$$0000000A)
    .ARM.Collect$$libinit$$0000000C          0x08000202   Section        0  libinit2.o(.ARM.Collect$$libinit$$0000000C)
    .ARM.Collect$$libinit$$0000000E          0x08000202   Section        0  libinit2.o(.ARM.Collect$$libinit$$0000000E)
    .ARM.Collect$$libinit$$00000011          0x08000202   Section        0  libinit2.o(.ARM.Collect$$libinit$$00000011)
    .ARM.Collect$$libinit$$00000013          0x08000202   Section        0  libinit2.o(.ARM.Collect$$libinit$$00000013)
    .ARM.Collect$$libinit$$00000015          0x08000202   Section        0  libinit2.o(.ARM.Collect$$libinit$$00000015)
    .ARM.Collect$$libinit$$00000017          0x08000202   Section        0  libinit2.o(.ARM.Collect$$libinit$$00000017)
    .ARM.Collect$$libinit$$00000019          0x08000202   Section        0  libinit2.o(.ARM.Collect$$libinit$$00000019)
    .ARM.Collect$$libinit$$0000001B          0x08000202   Section        0  libinit2.o(.ARM.Collect$$libinit$$0000001B)
    .ARM.Collect$$libinit$$0000001D          0x08000202   Section        0  libinit2.o(.ARM.Collect$$libinit$$0000001D)
    .ARM.Collect$$libinit$$0000001F          0x08000202   Section        0  libinit2.o(.ARM.Collect$$libinit$$0000001F)
    .ARM.Collect$$libinit$$00000021          0x08000202   Section        0  libinit2.o(.ARM.Collect$$libinit$$00000021)
    .ARM.Collect$$libinit$$00000023          0x08000202   Section        0  libinit2.o(.ARM.Collect$$libinit$$00000023)
    .ARM.Collect$$libinit$$00000025          0x08000202   Section        0  libinit2.o(.ARM.Collect$$libinit$$00000025)
    .ARM.Collect$$libinit$$0000002C          0x08000202   Section        0  libinit2.o(.ARM.Collect$$libinit$$0000002C)
    .ARM.Collect$$libinit$$0000002E          0x08000202   Section        0  libinit2.o(.ARM.Collect$$libinit$$0000002E)
    .ARM.Collect$$libinit$$00000030          0x08000202   Section        0  libinit2.o(.ARM.Collect$$libinit$$00000030)
    .ARM.Collect$$libinit$$00000032          0x08000202   Section        0  libinit2.o(.ARM.Collect$$libinit$$00000032)
    .ARM.Collect$$libinit$$00000033          0x08000202   Section        2  libinit2.o(.ARM.Collect$$libinit$$00000033)
    .ARM.Collect$$libshutdown$$00000000      0x08000204   Section        2  libshutdown.o(.ARM.Collect$$libshutdown$$00000000)
    .ARM.Collect$$libshutdown$$00000002      0x08000206   Section        0  libshutdown2.o(.ARM.Collect$$libshutdown$$00000002)
    .ARM.Collect$$libshutdown$$00000004      0x08000206   Section        0  libshutdown2.o(.ARM.Collect$$libshutdown$$00000004)
    .ARM.Collect$$libshutdown$$00000007      0x08000206   Section        0  libshutdown2.o(.ARM.Collect$$libshutdown$$00000007)
    .ARM.Collect$$libshutdown$$0000000A      0x08000206   Section        0  libshutdown2.o(.ARM.Collect$$libshutdown$$0000000A)
    .ARM.Collect$$libshutdown$$0000000C      0x08000206   Section        0  libshutdown2.o(.ARM.Collect$$libshutdown$$0000000C)
    .ARM.Collect$$libshutdown$$0000000F      0x08000206   Section        0  libshutdown2.o(.ARM.Collect$$libshutdown$$0000000F)
    .ARM.Collect$$libshutdown$$00000010      0x08000206   Section        2  libshutdown2.o(.ARM.Collect$$libshutdown$$00000010)
    .ARM.Collect$$rtentry$$00000000          0x08000208   Section        0  __rtentry.o(.ARM.Collect$$rtentry$$00000000)
    .ARM.Collect$$rtentry$$00000002          0x08000208   Section        0  __rtentry2.o(.ARM.Collect$$rtentry$$00000002)
    .ARM.Collect$$rtentry$$00000004          0x08000208   Section        6  __rtentry4.o(.ARM.Collect$$rtentry$$00000004)
    .ARM.Collect$$rtentry$$00000009          0x0800020e   Section        0  __rtentry2.o(.ARM.Collect$$rtentry$$00000009)
    .ARM.Collect$$rtentry$$0000000A          0x0800020e   Section        4  __rtentry2.o(.ARM.Collect$$rtentry$$0000000A)
    .ARM.Collect$$rtentry$$0000000C          0x08000212   Section        0  __rtentry2.o(.ARM.Collect$$rtentry$$0000000C)
    .ARM.Collect$$rtentry$$0000000D          0x08000212   Section        8  __rtentry2.o(.ARM.Collect$$rtentry$$0000000D)
    .ARM.Collect$$rtexit$$00000000           0x0800021a   Section        2  rtexit.o(.ARM.Collect$$rtexit$$00000000)
    .ARM.Collect$$rtexit$$00000002           0x0800021c   Section        0  rtexit2.o(.ARM.Collect$$rtexit$$00000002)
    .ARM.Collect$$rtexit$$00000003           0x0800021c   Section        4  rtexit2.o(.ARM.Collect$$rtexit$$00000003)
    .ARM.Collect$$rtexit$$00000004           0x08000220   Section        6  rtexit2.o(.ARM.Collect$$rtexit$$00000004)
    .text                                    0x08000226   Section        0  main.o(.text)
    .text                                    0x08000232   Section        0  stm32f4xx_it.o(.text)
    .text                                    0x0800024c   Section        0  system_stm32f4xx.o(.text)
    SetSysClock                              0x0800024d   Thumb Code   220  system_stm32f4xx.o(.text)
    .text                                    0x0800045c   Section        0  bsp.o(.text)
    .text                                    0x080004b4   Section        0  chassis_task.o(.text)
    .text                                    0x08000698   Section        0  canbus.o(.text)
    .text                                    0x08000dec   Section        0  dji_motor.o(.text)
    .text                                    0x08001004   Section        0  remote.o(.text)
    .text                                    0x080010bc   Section        0  can.o(.text)
    .text                                    0x0800134c   Section        0  usart.o(.text)
    .text                                    0x08001fa0   Section        0  misc.o(.text)
    .text                                    0x08002080   Section        0  stm32f4xx_can.o(.text)
    CheckITStatus                            0x08002883   Thumb Code    18  stm32f4xx_can.o(.text)
    .text                                    0x08002a70   Section        0  stm32f4xx_dma.o(.text)
    .text                                    0x08002e18   Section        0  stm32f4xx_gpio.o(.text)
    .text                                    0x080030ac   Section        0  stm32f4xx_rcc.o(.text)
    .text                                    0x08003708   Section        0  stm32f4xx_usart.o(.text)
    .text                                    0x08003b5c   Section       64  startup_stm32f40_41xxx.o(.text)
    $v0                                      0x08003b5c   Number         0  startup_stm32f40_41xxx.o(.text)
    .text                                    0x08003b9c   Section      138  rt_memcpy_v6.o(.text)
    .text                                    0x08003c26   Section      100  rt_memcpy_w.o(.text)
    .text                                    0x08003c8a   Section        0  heapauxi.o(.text)
    .text                                    0x08003c90   Section        0  _rserrno.o(.text)
    .text                                    0x08003ca8   Section        0  sys_exit.o(.text)
    .text                                    0x08003cb4   Section        8  libspace.o(.text)
    .text                                    0x08003cbc   Section        8  rt_errno_addr_intlibspace.o(.text)
    .text                                    0x08003cc4   Section        2  use_no_semi.o(.text)
    .text                                    0x08003cc6   Section        0  indicate_semi.o(.text)
    .text                                    0x08003cc6   Section       74  sys_stackheap_outer.o(.text)
    .text                                    0x08003d10   Section        0  exit.o(.text)
    i.__ARM_fpclassify                       0x08003d22   Section        0  fpclassify.o(i.__ARM_fpclassify)
    i.__hardfp_atan                          0x08003d58   Section        0  atan.o(i.__hardfp_atan)
    i.__hardfp_atan2                         0x08004030   Section        0  atan2.o(i.__hardfp_atan2)
    i.__hardfp_fmod                          0x08004220   Section        0  fmod.o(i.__hardfp_fmod)
    i.__hardfp_sqrt                          0x08004324   Section        0  sqrt.o(i.__hardfp_sqrt)
    i.__kernel_poly                          0x0800439e   Section        0  poly.o(i.__kernel_poly)
    i.__mathlib_dbl_infnan                   0x08004496   Section        0  dunder.o(i.__mathlib_dbl_infnan)
    i.__mathlib_dbl_infnan2                  0x080044aa   Section        0  dunder.o(i.__mathlib_dbl_infnan2)
    i.__mathlib_dbl_invalid                  0x080044c0   Section        0  dunder.o(i.__mathlib_dbl_invalid)
    i.__mathlib_dbl_underflow                0x080044e0   Section        0  dunder.o(i.__mathlib_dbl_underflow)
    i.atan                                   0x08004500   Section        0  atan.o(i.atan)
    i.fabs                                   0x08004510   Section        0  fabs.o(i.fabs)
    x$fpl$basic                              0x08004528   Section       24  basic.o(x$fpl$basic)
    $v0                                      0x08004528   Number         0  basic.o(x$fpl$basic)
    x$fpl$d2f                                0x08004540   Section       98  d2f.o(x$fpl$d2f)
    $v0                                      0x08004540   Number         0  d2f.o(x$fpl$d2f)
    x$fpl$dadd                               0x080045a4   Section      336  daddsub_clz.o(x$fpl$dadd)
    $v0                                      0x080045a4   Number         0  daddsub_clz.o(x$fpl$dadd)
    _dadd1                                   0x080045b5   Thumb Code     0  daddsub_clz.o(x$fpl$dadd)
    x$fpl$ddiv                               0x080046f4   Section      688  ddiv.o(x$fpl$ddiv)
    $v0                                      0x080046f4   Number         0  ddiv.o(x$fpl$ddiv)
    ddiv_entry                               0x080046fb   Thumb Code     0  ddiv.o(x$fpl$ddiv)
    x$fpl$dmul                               0x080049a4   Section      340  dmul.o(x$fpl$dmul)
    $v0                                      0x080049a4   Number         0  dmul.o(x$fpl$dmul)
    x$fpl$dnaninf                            0x08004af8   Section      156  dnaninf.o(x$fpl$dnaninf)
    $v0                                      0x08004af8   Number         0  dnaninf.o(x$fpl$dnaninf)
    x$fpl$drem                               0x08004b94   Section      336  drem_clz.o(x$fpl$drem)
    $v0                                      0x08004b94   Number         0  drem_clz.o(x$fpl$drem)
    x$fpl$dretinf                            0x08004ce4   Section       12  dretinf.o(x$fpl$dretinf)
    $v0                                      0x08004ce4   Number         0  dretinf.o(x$fpl$dretinf)
    x$fpl$drsb                               0x08004cf0   Section       22  daddsub_clz.o(x$fpl$drsb)
    $v0                                      0x08004cf0   Number         0  daddsub_clz.o(x$fpl$drsb)
    x$fpl$dsqrt                              0x08004d08   Section      408  dsqrt_umaal.o(x$fpl$dsqrt)
    $v0                                      0x08004d08   Number         0  dsqrt_umaal.o(x$fpl$dsqrt)
    x$fpl$dsub                               0x08004ea0   Section      468  daddsub_clz.o(x$fpl$dsub)
    $v0                                      0x08004ea0   Number         0  daddsub_clz.o(x$fpl$dsub)
    _dsub1                                   0x08004eb1   Thumb Code     0  daddsub_clz.o(x$fpl$dsub)
    x$fpl$f2d                                0x08005074   Section       86  f2d.o(x$fpl$f2d)
    $v0                                      0x08005074   Number         0  f2d.o(x$fpl$f2d)
    x$fpl$fnaninf                            0x080050ca   Section      140  fnaninf.o(x$fpl$fnaninf)
    $v0                                      0x080050ca   Number         0  fnaninf.o(x$fpl$fnaninf)
    x$fpl$fpinit                             0x08005156   Section       10  fpinit.o(x$fpl$fpinit)
    $v0                                      0x08005156   Number         0  fpinit.o(x$fpl$fpinit)
    x$fpl$fretinf                            0x08005160   Section       10  fretinf.o(x$fpl$fretinf)
    $v0                                      0x08005160   Number         0  fretinf.o(x$fpl$fretinf)
    x$fpl$usenofp                            0x0800516a   Section        0  usenofp.o(x$fpl$usenofp)
    .constdata                               0x08005170   Section      152  atan.o(.constdata)
    atanhi                                   0x08005170   Data          32  atan.o(.constdata)
    atanlo                                   0x08005190   Data          32  atan.o(.constdata)
    aTodd                                    0x080051b0   Data          40  atan.o(.constdata)
    aTeven                                   0x080051d8   Data          48  atan.o(.constdata)
    .constdata                               0x08005208   Section        8  qnan.o(.constdata)
    .data                                    0x20000000   Section       20  system_stm32f4xx.o(.data)
    .data                                    0x20000014   Section       12  chassis_task.o(.data)
    .data                                    0x20000020   Section        8  canbus.o(.data)
    can1_count                               0x20000020   Data           4  canbus.o(.data)
    can2_count                               0x20000024   Data           4  canbus.o(.data)
    .data                                    0x20000028   Section       24  usart.o(.data)
    this_time_rx_len                         0x20000030   Data           4  usart.o(.data)
    this_time_rx_len                         0x20000034   Data           4  usart.o(.data)
    this_time_rx_len                         0x20000038   Data           4  usart.o(.data)
    this_time_rx_len                         0x2000003c   Data           4  usart.o(.data)
    .data                                    0x20000040   Section       16  stm32f4xx_rcc.o(.data)
    APBAHBPrescTable                         0x20000040   Data          16  stm32f4xx_rcc.o(.data)
    .bss                                     0x20000050   Section      224  chassis_task.o(.bss)
    .bss                                     0x20000130   Section     2114  senior.o(.bss)
    .bss                                     0x20000974   Section     2032  usart.o(.bss)
    _USART1_DMA_RX_BUF                       0x20000974   Data         128  usart.o(.bss)
    _USART1_RX_BUF                           0x200009f4   Data          64  usart.o(.bss)
    _USART2_DMA_RX_BUF                       0x20000a34   Data         200  usart.o(.bss)
    _USART2_RX_BUF                           0x20000afc   Data         100  usart.o(.bss)
    USART5_DMA_TX_BUF                        0x20000cd8   Data         100  usart.o(.bss)
    judge_rxdata_buf                         0x20000d3c   Data         100  usart.o(.bss)
    _UART5_RX_BUF                            0x20000da0   Data         100  usart.o(.bss)
    _USART6_DMA_RX_BUF                       0x20000fd4   Data         200  usart.o(.bss)
    _USART6_RX_BUF                           0x2000109c   Data         100  usart.o(.bss)
    .bss                                     0x20001164   Section       96  libspace.o(.bss)
    HEAP                                     0x200011c8   Section      512  startup_stm32f40_41xxx.o(HEAP)
    Heap_Mem                                 0x200011c8   Data         512  startup_stm32f40_41xxx.o(HEAP)
    STACK                                    0x200013c8   Section     1024  startup_stm32f40_41xxx.o(STACK)
    Stack_Mem                                0x200013c8   Data        1024  startup_stm32f40_41xxx.o(STACK)
    __initial_sp                             0x200017c8   Data           0  startup_stm32f40_41xxx.o(STACK)

    Global Symbols

    Symbol Name                              Value     Ov Type        Size  Object(Section)

    BuildAttributes$$THM_ISAv4$E$P$D$K$B$S$7EM$VFPi3$EXTD16$VFPS$VFMA$PE$A:L22UL41UL21$X:L11$S22US41US21$IEEE1$IW$USESV6$~STKCKD$USESV7$~SHL$OTIME$ROPI$IEEEX$EBA8$UX$STANDARDLIB$REQ8$PRES8$EABIv2 0x00000000   Number         0  anon$$obj.o ABSOLUTE
    __ARM_use_no_argv                        0x00000000   Number         0  main.o ABSOLUTE
    __ARM_exceptions_init                     - Undefined Weak Reference
    __alloca_initialize                       - Undefined Weak Reference
    __arm_preinit_                            - Undefined Weak Reference
    __cpp_initialize__aeabi_                  - Undefined Weak Reference
    __cxa_finalize                            - Undefined Weak Reference
    __rt_locale                               - Undefined Weak Reference
    __sigvec_lookup                           - Undefined Weak Reference
    __user_heap_extent                        - Undefined Weak Reference
    _atexit_init                              - Undefined Weak Reference
    _call_atexit_fns                          - Undefined Weak Reference
    _clock_init                               - Undefined Weak Reference
    _fp_trap_init                             - Undefined Weak Reference
    _fp_trap_shutdown                         - Undefined Weak Reference
    _get_lc_collate                           - Undefined Weak Reference
    _get_lc_ctype                             - Undefined Weak Reference
    _get_lc_monetary                          - Undefined Weak Reference
    _get_lc_numeric                           - Undefined Weak Reference
    _get_lc_time                              - Undefined Weak Reference
    _getenv_init                              - Undefined Weak Reference
    _handle_redirection                       - Undefined Weak Reference
    _initio                                   - Undefined Weak Reference
    _mutex_acquire                            - Undefined Weak Reference
    _mutex_free                               - Undefined Weak Reference
    _mutex_release                            - Undefined Weak Reference
    _rand_init                                - Undefined Weak Reference
    _signal_finish                            - Undefined Weak Reference
    _signal_init                              - Undefined Weak Reference
    _terminateio                              - Undefined Weak Reference
    __Vectors_Size                           0x00000188   Number         0  startup_stm32f40_41xxx.o ABSOLUTE
    __Vectors                                0x08000000   Data           4  startup_stm32f40_41xxx.o(RESET)
    __Vectors_End                            0x08000188   Data           0  startup_stm32f40_41xxx.o(RESET)
    __main                                   0x08000189   Thumb Code     8  __main.o(!!!main)
    __scatterload                            0x08000191   Thumb Code     0  __scatter.o(!!!scatter)
    __scatterload_rt2                        0x08000191   Thumb Code    44  __scatter.o(!!!scatter)
    __scatterload_rt2_thumb_only             0x08000191   Thumb Code     0  __scatter.o(!!!scatter)
    __scatterload_null                       0x0800019f   Thumb Code     0  __scatter.o(!!!scatter)
    __scatterload_copy                       0x080001c5   Thumb Code    26  __scatter_copy.o(!!handler_copy)
    __scatterload_zeroinit                   0x080001e1   Thumb Code    28  __scatter_zi.o(!!handler_zi)
    __rt_lib_init                            0x080001fd   Thumb Code     0  libinit.o(.ARM.Collect$$libinit$$00000000)
    __rt_lib_init_fp_1                       0x080001ff   Thumb Code     0  libinit2.o(.ARM.Collect$$libinit$$00000001)
    __rt_lib_init_alloca_1                   0x08000203   Thumb Code     0  libinit2.o(.ARM.Collect$$libinit$$0000002E)
    __rt_lib_init_argv_1                     0x08000203   Thumb Code     0  libinit2.o(.ARM.Collect$$libinit$$0000002C)
    __rt_lib_init_atexit_1                   0x08000203   Thumb Code     0  libinit2.o(.ARM.Collect$$libinit$$0000001B)
    __rt_lib_init_clock_1                    0x08000203   Thumb Code     0  libinit2.o(.ARM.Collect$$libinit$$00000021)
    __rt_lib_init_cpp_1                      0x08000203   Thumb Code     0  libinit2.o(.ARM.Collect$$libinit$$00000032)
    __rt_lib_init_exceptions_1               0x08000203   Thumb Code     0  libinit2.o(.ARM.Collect$$libinit$$00000030)
    __rt_lib_init_fp_trap_1                  0x08000203   Thumb Code     0  libinit2.o(.ARM.Collect$$libinit$$0000001F)
    __rt_lib_init_getenv_1                   0x08000203   Thumb Code     0  libinit2.o(.ARM.Collect$$libinit$$00000023)
    __rt_lib_init_heap_1                     0x08000203   Thumb Code     0  libinit2.o(.ARM.Collect$$libinit$$0000000A)
    __rt_lib_init_lc_collate_1               0x08000203   Thumb Code     0  libinit2.o(.ARM.Collect$$libinit$$00000011)
    __rt_lib_init_lc_ctype_1                 0x08000203   Thumb Code     0  libinit2.o(.ARM.Collect$$libinit$$00000013)
    __rt_lib_init_lc_monetary_1              0x08000203   Thumb Code     0  libinit2.o(.ARM.Collect$$libinit$$00000015)
    __rt_lib_init_lc_numeric_1               0x08000203   Thumb Code     0  libinit2.o(.ARM.Collect$$libinit$$00000017)
    __rt_lib_init_lc_time_1                  0x08000203   Thumb Code     0  libinit2.o(.ARM.Collect$$libinit$$00000019)
    __rt_lib_init_preinit_1                  0x08000203   Thumb Code     0  libinit2.o(.ARM.Collect$$libinit$$00000004)
    __rt_lib_init_rand_1                     0x08000203   Thumb Code     0  libinit2.o(.ARM.Collect$$libinit$$0000000E)
    __rt_lib_init_return                     0x08000203   Thumb Code     0  libinit2.o(.ARM.Collect$$libinit$$00000033)
    __rt_lib_init_signal_1                   0x08000203   Thumb Code     0  libinit2.o(.ARM.Collect$$libinit$$0000001D)
    __rt_lib_init_stdio_1                    0x08000203   Thumb Code     0  libinit2.o(.ARM.Collect$$libinit$$00000025)
    __rt_lib_init_user_alloc_1               0x08000203   Thumb Code     0  libinit2.o(.ARM.Collect$$libinit$$0000000C)
    __rt_lib_shutdown                        0x08000205   Thumb Code     0  libshutdown.o(.ARM.Collect$$libshutdown$$00000000)
    __rt_lib_shutdown_cpp_1                  0x08000207   Thumb Code     0  libshutdown2.o(.ARM.Collect$$libshutdown$$00000002)
    __rt_lib_shutdown_fp_trap_1              0x08000207   Thumb Code     0  libshutdown2.o(.ARM.Collect$$libshutdown$$00000007)
    __rt_lib_shutdown_heap_1                 0x08000207   Thumb Code     0  libshutdown2.o(.ARM.Collect$$libshutdown$$0000000F)
    __rt_lib_shutdown_return                 0x08000207   Thumb Code     0  libshutdown2.o(.ARM.Collect$$libshutdown$$00000010)
    __rt_lib_shutdown_signal_1               0x08000207   Thumb Code     0  libshutdown2.o(.ARM.Collect$$libshutdown$$0000000A)
    __rt_lib_shutdown_stdio_1                0x08000207   Thumb Code     0  libshutdown2.o(.ARM.Collect$$libshutdown$$00000004)
    __rt_lib_shutdown_user_alloc_1           0x08000207   Thumb Code     0  libshutdown2.o(.ARM.Collect$$libshutdown$$0000000C)
    __rt_entry                               0x08000209   Thumb Code     0  __rtentry.o(.ARM.Collect$$rtentry$$00000000)
    __rt_entry_presh_1                       0x08000209   Thumb Code     0  __rtentry2.o(.ARM.Collect$$rtentry$$00000002)
    __rt_entry_sh                            0x08000209   Thumb Code     0  __rtentry4.o(.ARM.Collect$$rtentry$$00000004)
    __rt_entry_li                            0x0800020f   Thumb Code     0  __rtentry2.o(.ARM.Collect$$rtentry$$0000000A)
    __rt_entry_postsh_1                      0x0800020f   Thumb Code     0  __rtentry2.o(.ARM.Collect$$rtentry$$00000009)
    __rt_entry_main                          0x08000213   Thumb Code     0  __rtentry2.o(.ARM.Collect$$rtentry$$0000000D)
    __rt_entry_postli_1                      0x08000213   Thumb Code     0  __rtentry2.o(.ARM.Collect$$rtentry$$0000000C)
    __rt_exit                                0x0800021b   Thumb Code     0  rtexit.o(.ARM.Collect$$rtexit$$00000000)
    __rt_exit_ls                             0x0800021d   Thumb Code     0  rtexit2.o(.ARM.Collect$$rtexit$$00000003)
    __rt_exit_prels_1                        0x0800021d   Thumb Code     0  rtexit2.o(.ARM.Collect$$rtexit$$00000002)
    __rt_exit_exit                           0x08000221   Thumb Code     0  rtexit2.o(.ARM.Collect$$rtexit$$00000004)
    main                                     0x08000227   Thumb Code    12  main.o(.text)
    NMI_Handler                              0x08000233   Thumb Code     2  stm32f4xx_it.o(.text)
    HardFault_Handler                        0x08000235   Thumb Code     4  stm32f4xx_it.o(.text)
    MemManage_Handler                        0x08000239   Thumb Code     4  stm32f4xx_it.o(.text)
    BusFault_Handler                         0x0800023d   Thumb Code     4  stm32f4xx_it.o(.text)
    UsageFault_Handler                       0x08000241   Thumb Code     4  stm32f4xx_it.o(.text)
    SVC_Handler                              0x08000245   Thumb Code     2  stm32f4xx_it.o(.text)
    DebugMon_Handler                         0x08000247   Thumb Code     2  stm32f4xx_it.o(.text)
    PendSV_Handler                           0x08000249   Thumb Code     2  stm32f4xx_it.o(.text)
    SysTick_Handler                          0x0800024b   Thumb Code     2  stm32f4xx_it.o(.text)
    SystemInit                               0x08000329   Thumb Code    88  system_stm32f4xx.o(.text)
    SystemCoreClockUpdate                    0x08000381   Thumb Code   174  system_stm32f4xx.o(.text)
    BSP_Init                                 0x0800045d   Thumb Code    82  bsp.o(.text)
    get_remote_set                           0x080004b5   Thumb Code   284  chassis_task.o(.text)
    convert_ecd_angle_to_0_2pi               0x080005d1   Thumb Code   114  chassis_task.o(.text)
    chassis_task                             0x08000643   Thumb Code    36  chassis_task.o(.text)
    Can1ReceiveMsgProcess                    0x08000699   Thumb Code    46  canbus.o(.text)
    Can2ReceiveMsgProcess                    0x080006c7   Thumb Code    24  canbus.o(.text)
    Set_GM6020_IQ1                           0x080006df   Thumb Code    92  canbus.o(.text)
    Set_GM6020_IQ2                           0x0800073b   Thumb Code    92  canbus.o(.text)
    Set_C620andC610_IQ1                      0x08000797   Thumb Code    92  canbus.o(.text)
    Set_C620andC610_IQ2                      0x080007f3   Thumb Code    92  canbus.o(.text)
    CAN_9015Command                          0x0800084f   Thumb Code    74  canbus.o(.text)
    CAN_9015setpidCommand                    0x08000899   Thumb Code   166  canbus.o(.text)
    CAN_9015angleControl                     0x0800093f   Thumb Code    90  canbus.o(.text)
    CAN_9015speedControl                     0x08000999   Thumb Code    82  canbus.o(.text)
    CAN_9015torsionControl                   0x080009eb   Thumb Code    80  canbus.o(.text)
    POWER_Control1                           0x08000a3b   Thumb Code    90  canbus.o(.text)
    POWER_Control1l                          0x08000a95   Thumb Code    68  canbus.o(.text)
    power_send_handle2                       0x08000ad9   Thumb Code    46  canbus.o(.text)
    power_send_handle1                       0x08000b07   Thumb Code    74  canbus.o(.text)
    HT_430_Encoder_Calibration               0x08000b51   Thumb Code    40  canbus.o(.text)
    HT_430_Encoder_Origin                    0x08000b79   Thumb Code    40  canbus.o(.text)
    Motor_Information_Request                0x08000ba1   Thumb Code    40  canbus.o(.text)
    HT_430_Fault_Clear                       0x08000bc9   Thumb Code    40  canbus.o(.text)
    HT_430_Tuen_Off                          0x08000bf1   Thumb Code    40  canbus.o(.text)
    HT_430_Origin_Total                      0x08000c19   Thumb Code    40  canbus.o(.text)
    HT_430_Back                              0x08000c41   Thumb Code    40  canbus.o(.text)
    HT_430_Power_Open_Loop                   0x08000c69   Thumb Code    66  canbus.o(.text)
    HT_430_V_Clossed_Loop                    0x08000cab   Thumb Code    66  canbus.o(.text)
    HT_430_Absolute_Position_closed_Loop     0x08000ced   Thumb Code    92  canbus.o(.text)
    HT_430_Relative_Position_closed_Loop     0x08000d49   Thumb Code    92  canbus.o(.text)
    HT_430_Position_closed_Loop_T_R_OR_W     0x08000da5   Thumb Code    72  canbus.o(.text)
    GetEncoderBias                           0x08000ded   Thumb Code    26  dji_motor.o(.text)
    EncoderProcess                           0x08000e07   Thumb Code   224  dji_motor.o(.text)
    GM6020EncoderProcess                     0x08000ee7   Thumb Code   180  dji_motor.o(.text)
    M3508orM2006EncoderTask                  0x08000f9b   Thumb Code    32  dji_motor.o(.text)
    GM6020EncoderTask                        0x08000fbb   Thumb Code    66  dji_motor.o(.text)
    RemoteDataPrcess                         0x08001005   Thumb Code   178  remote.o(.text)
    CAN1_Mode_Init                           0x080010bd   Thumb Code   230  can.o(.text)
    CAN1_TX_IRQHandler                       0x080011a3   Thumb Code    22  can.o(.text)
    CAN1_RX0_IRQHandler                      0x080011b9   Thumb Code    54  can.o(.text)
    CAN2_Mode_Init                           0x080011ef   Thumb Code   260  can.o(.text)
    CAN2_TX_IRQHandler                       0x080012f3   Thumb Code    22  can.o(.text)
    CAN2_RX0_IRQHandler                      0x08001309   Thumb Code    46  can.o(.text)
    usart1_init                              0x0800134d   Thumb Code   298  usart.o(.text)
    USART1_IRQHandler                        0x08001477   Thumb Code   194  usart.o(.text)
    usart2_init                              0x08001539   Thumb Code   298  usart.o(.text)
    USART2_IRQHandler                        0x08001663   Thumb Code   184  usart.o(.text)
    usart3_init                              0x0800171b   Thumb Code   326  usart.o(.text)
    USART3_IRQHandler                        0x08001861   Thumb Code    84  usart.o(.text)
    uart4_init                               0x080018b5   Thumb Code   430  usart.o(.text)
    UART4_IRQHandler                         0x08001a63   Thumb Code    86  usart.o(.text)
    Uart4DmaSendDataProc                     0x08001ab9   Thumb Code    24  usart.o(.text)
    DMA1_Stream4_IRQHandler                  0x08001ad1   Thumb Code    36  usart.o(.text)
    Uart4SendByteInfoProc                    0x08001af5   Thumb Code    24  usart.o(.text)
    Uart4SendBytesInfoProc                   0x08001b0d   Thumb Code    44  usart.o(.text)
    uart5_init                               0x08001b39   Thumb Code   508  usart.o(.text)
    MYDMA_Enable                             0x08001d35   Thumb Code    44  usart.o(.text)
    UART5_IRQHandler                         0x08001d61   Thumb Code    76  usart.o(.text)
    usart6_init                              0x08001dad   Thumb Code   270  usart.o(.text)
    USART6_IRQHandler                        0x08001ebb   Thumb Code   176  usart.o(.text)
    NVIC_PriorityGroupConfig                 0x08001fa1   Thumb Code    10  misc.o(.text)
    NVIC_Init                                0x08001fab   Thumb Code   106  misc.o(.text)
    NVIC_SetVectorTable                      0x08002015   Thumb Code    14  misc.o(.text)
    NVIC_SystemLPConfig                      0x08002023   Thumb Code    34  misc.o(.text)
    SysTick_CLKSourceConfig                  0x08002045   Thumb Code    40  misc.o(.text)
    CAN_DeInit                               0x08002081   Thumb Code    50  stm32f4xx_can.o(.text)
    CAN_Init                                 0x080020b3   Thumb Code   276  stm32f4xx_can.o(.text)
    CAN_FilterInit                           0x080021c7   Thumb Code   258  stm32f4xx_can.o(.text)
    CAN_StructInit                           0x080022c9   Thumb Code    32  stm32f4xx_can.o(.text)
    CAN_SlaveStartBank                       0x080022e9   Thumb Code    48  stm32f4xx_can.o(.text)
    CAN_DBGFreeze                            0x08002319   Thumb Code    22  stm32f4xx_can.o(.text)
    CAN_TTComModeCmd                         0x0800232f   Thumb Code   118  stm32f4xx_can.o(.text)
    CAN_Transmit                             0x080023a5   Thumb Code   304  stm32f4xx_can.o(.text)
    CAN_TransmitStatus                       0x080024d5   Thumb Code   138  stm32f4xx_can.o(.text)
    CAN_CancelTransmit                       0x0800255f   Thumb Code    48  stm32f4xx_can.o(.text)
    CAN_Receive                              0x0800258f   Thumb Code   240  stm32f4xx_can.o(.text)
    CAN_FIFORelease                          0x0800267f   Thumb Code    22  stm32f4xx_can.o(.text)
    CAN_MessagePending                       0x08002695   Thumb Code    30  stm32f4xx_can.o(.text)
    CAN_OperatingModeRequest                 0x080026b3   Thumb Code   162  stm32f4xx_can.o(.text)
    CAN_Sleep                                0x08002755   Thumb Code    30  stm32f4xx_can.o(.text)
    CAN_WakeUp                               0x08002773   Thumb Code    48  stm32f4xx_can.o(.text)
    CAN_GetLastErrorCode                     0x080027a3   Thumb Code    12  stm32f4xx_can.o(.text)
    CAN_GetReceiveErrorCounter               0x080027af   Thumb Code    10  stm32f4xx_can.o(.text)
    CAN_GetLSBTransmitErrorCounter           0x080027b9   Thumb Code    12  stm32f4xx_can.o(.text)
    CAN_ITConfig                             0x080027c5   Thumb Code    18  stm32f4xx_can.o(.text)
    CAN_GetFlagStatus                        0x080027d7   Thumb Code   120  stm32f4xx_can.o(.text)
    CAN_ClearFlag                            0x0800284f   Thumb Code    52  stm32f4xx_can.o(.text)
    CAN_GetITStatus                          0x08002895   Thumb Code   310  stm32f4xx_can.o(.text)
    CAN_ClearITPendingBit                    0x080029cb   Thumb Code   162  stm32f4xx_can.o(.text)
    DMA_DeInit                               0x08002a71   Thumb Code   324  stm32f4xx_dma.o(.text)
    DMA_Init                                 0x08002bb5   Thumb Code    82  stm32f4xx_dma.o(.text)
    DMA_StructInit                           0x08002c07   Thumb Code    34  stm32f4xx_dma.o(.text)
    DMA_Cmd                                  0x08002c29   Thumb Code    22  stm32f4xx_dma.o(.text)
    DMA_PeriphIncOffsetSizeConfig            0x08002c3f   Thumb Code    22  stm32f4xx_dma.o(.text)
    DMA_FlowControllerConfig                 0x08002c55   Thumb Code    22  stm32f4xx_dma.o(.text)
    DMA_SetCurrDataCounter                   0x08002c6b   Thumb Code     4  stm32f4xx_dma.o(.text)
    DMA_GetCurrDataCounter                   0x08002c6f   Thumb Code     8  stm32f4xx_dma.o(.text)
    DMA_DoubleBufferModeConfig               0x08002c77   Thumb Code    24  stm32f4xx_dma.o(.text)
    DMA_DoubleBufferModeCmd                  0x08002c8f   Thumb Code    22  stm32f4xx_dma.o(.text)
    DMA_MemoryTargetConfig                   0x08002ca5   Thumb Code    10  stm32f4xx_dma.o(.text)
    DMA_GetCurrentMemoryTarget               0x08002caf   Thumb Code    20  stm32f4xx_dma.o(.text)
    DMA_GetCmdStatus                         0x08002cc3   Thumb Code    20  stm32f4xx_dma.o(.text)
    DMA_GetFIFOStatus                        0x08002cd7   Thumb Code    12  stm32f4xx_dma.o(.text)
    DMA_GetFlagStatus                        0x08002ce3   Thumb Code    56  stm32f4xx_dma.o(.text)
    DMA_ClearFlag                            0x08002d1b   Thumb Code    40  stm32f4xx_dma.o(.text)
    DMA_ITConfig                             0x08002d43   Thumb Code    58  stm32f4xx_dma.o(.text)
    DMA_GetITStatus                          0x08002d7d   Thumb Code    84  stm32f4xx_dma.o(.text)
    DMA_ClearITPendingBit                    0x08002dd1   Thumb Code    40  stm32f4xx_dma.o(.text)
    GPIO_DeInit                              0x08002e19   Thumb Code   268  stm32f4xx_gpio.o(.text)
    GPIO_Init                                0x08002f25   Thumb Code   144  stm32f4xx_gpio.o(.text)
    GPIO_StructInit                          0x08002fb5   Thumb Code    18  stm32f4xx_gpio.o(.text)
    GPIO_PinLockConfig                       0x08002fc7   Thumb Code    34  stm32f4xx_gpio.o(.text)
    GPIO_ReadInputDataBit                    0x08002fe9   Thumb Code    18  stm32f4xx_gpio.o(.text)
    GPIO_ReadInputData                       0x08002ffb   Thumb Code     8  stm32f4xx_gpio.o(.text)
    GPIO_ReadOutputDataBit                   0x08003003   Thumb Code    18  stm32f4xx_gpio.o(.text)
    GPIO_ReadOutputData                      0x08003015   Thumb Code     8  stm32f4xx_gpio.o(.text)
    GPIO_SetBits                             0x0800301d   Thumb Code     4  stm32f4xx_gpio.o(.text)
    GPIO_ResetBits                           0x08003021   Thumb Code     4  stm32f4xx_gpio.o(.text)
    GPIO_WriteBit                            0x08003025   Thumb Code    10  stm32f4xx_gpio.o(.text)
    GPIO_Write                               0x0800302f   Thumb Code     4  stm32f4xx_gpio.o(.text)
    GPIO_ToggleBits                          0x08003033   Thumb Code     8  stm32f4xx_gpio.o(.text)
    GPIO_PinAFConfig                         0x0800303b   Thumb Code    70  stm32f4xx_gpio.o(.text)
    RCC_DeInit                               0x080030ad   Thumb Code    82  stm32f4xx_rcc.o(.text)
    RCC_HSEConfig                            0x080030ff   Thumb Code    14  stm32f4xx_rcc.o(.text)
    RCC_GetFlagStatus                        0x0800310d   Thumb Code    60  stm32f4xx_rcc.o(.text)
    RCC_WaitForHSEStartUp                    0x08003149   Thumb Code    56  stm32f4xx_rcc.o(.text)
    RCC_AdjustHSICalibrationValue            0x08003181   Thumb Code    20  stm32f4xx_rcc.o(.text)
    RCC_HSICmd                               0x08003195   Thumb Code     6  stm32f4xx_rcc.o(.text)
    RCC_LSEConfig                            0x0800319b   Thumb Code    46  stm32f4xx_rcc.o(.text)
    RCC_LSICmd                               0x080031c9   Thumb Code     6  stm32f4xx_rcc.o(.text)
    RCC_PLLConfig                            0x080031cf   Thumb Code    32  stm32f4xx_rcc.o(.text)
    RCC_PLLCmd                               0x080031ef   Thumb Code     6  stm32f4xx_rcc.o(.text)
    RCC_PLLI2SConfig                         0x080031f5   Thumb Code    14  stm32f4xx_rcc.o(.text)
    RCC_PLLI2SCmd                            0x08003203   Thumb Code     6  stm32f4xx_rcc.o(.text)
    RCC_PLLSAIConfig                         0x08003209   Thumb Code    20  stm32f4xx_rcc.o(.text)
    RCC_PLLSAICmd                            0x0800321d   Thumb Code     6  stm32f4xx_rcc.o(.text)
    RCC_ClockSecuritySystemCmd               0x08003223   Thumb Code     6  stm32f4xx_rcc.o(.text)
    RCC_MCO1Config                           0x08003229   Thumb Code    28  stm32f4xx_rcc.o(.text)
    RCC_MCO2Config                           0x08003245   Thumb Code    28  stm32f4xx_rcc.o(.text)
    RCC_SYSCLKConfig                         0x08003261   Thumb Code    20  stm32f4xx_rcc.o(.text)
    RCC_GetSYSCLKSource                      0x08003275   Thumb Code    12  stm32f4xx_rcc.o(.text)
    RCC_HCLKConfig                           0x08003281   Thumb Code    20  stm32f4xx_rcc.o(.text)
    RCC_PCLK1Config                          0x08003295   Thumb Code    20  stm32f4xx_rcc.o(.text)
    RCC_PCLK2Config                          0x080032a9   Thumb Code    22  stm32f4xx_rcc.o(.text)
    RCC_GetClocksFreq                        0x080032bf   Thumb Code   222  stm32f4xx_rcc.o(.text)
    RCC_RTCCLKConfig                         0x0800339d   Thumb Code    54  stm32f4xx_rcc.o(.text)
    RCC_RTCCLKCmd                            0x080033d3   Thumb Code     8  stm32f4xx_rcc.o(.text)
    RCC_BackupResetCmd                       0x080033db   Thumb Code     8  stm32f4xx_rcc.o(.text)
    RCC_I2SCLKConfig                         0x080033e3   Thumb Code     6  stm32f4xx_rcc.o(.text)
    RCC_SAIPLLI2SClkDivConfig                0x080033e9   Thumb Code    26  stm32f4xx_rcc.o(.text)
    RCC_SAIPLLSAIClkDivConfig                0x08003403   Thumb Code    28  stm32f4xx_rcc.o(.text)
    RCC_SAIBlockACLKConfig                   0x0800341f   Thumb Code    20  stm32f4xx_rcc.o(.text)
    RCC_SAIBlockBCLKConfig                   0x08003433   Thumb Code    20  stm32f4xx_rcc.o(.text)
    RCC_LTDCCLKDivConfig                     0x08003447   Thumb Code    20  stm32f4xx_rcc.o(.text)
    RCC_TIMCLKPresConfig                     0x0800345b   Thumb Code     6  stm32f4xx_rcc.o(.text)
    RCC_AHB1PeriphClockCmd                   0x08003461   Thumb Code    34  stm32f4xx_rcc.o(.text)
    RCC_AHB2PeriphClockCmd                   0x08003483   Thumb Code    78  stm32f4xx_rcc.o(.text)
    RCC_AHB3PeriphClockCmd                   0x080034d1   Thumb Code    34  stm32f4xx_rcc.o(.text)
    RCC_APB1PeriphClockCmd                   0x080034f3   Thumb Code    34  stm32f4xx_rcc.o(.text)
    RCC_APB2PeriphClockCmd                   0x08003515   Thumb Code    34  stm32f4xx_rcc.o(.text)
    RCC_AHB1PeriphResetCmd                   0x08003537   Thumb Code    34  stm32f4xx_rcc.o(.text)
    RCC_AHB2PeriphResetCmd                   0x08003559   Thumb Code    34  stm32f4xx_rcc.o(.text)
    RCC_AHB3PeriphResetCmd                   0x0800357b   Thumb Code    34  stm32f4xx_rcc.o(.text)
    RCC_APB1PeriphResetCmd                   0x0800359d   Thumb Code    34  stm32f4xx_rcc.o(.text)
    RCC_APB2PeriphResetCmd                   0x080035bf   Thumb Code    34  stm32f4xx_rcc.o(.text)
    RCC_AHB1PeriphClockLPModeCmd             0x080035e1   Thumb Code    34  stm32f4xx_rcc.o(.text)
    RCC_AHB2PeriphClockLPModeCmd             0x08003603   Thumb Code    34  stm32f4xx_rcc.o(.text)
    RCC_AHB3PeriphClockLPModeCmd             0x08003625   Thumb Code    34  stm32f4xx_rcc.o(.text)
    RCC_APB1PeriphClockLPModeCmd             0x08003647   Thumb Code    34  stm32f4xx_rcc.o(.text)
    RCC_APB2PeriphClockLPModeCmd             0x08003669   Thumb Code    34  stm32f4xx_rcc.o(.text)
    RCC_LSEModeConfig                        0x0800368b   Thumb Code    40  stm32f4xx_rcc.o(.text)
    RCC_ITConfig                             0x080036b3   Thumb Code    34  stm32f4xx_rcc.o(.text)
    RCC_ClearFlag                            0x080036d5   Thumb Code    18  stm32f4xx_rcc.o(.text)
    RCC_GetITStatus                          0x080036e7   Thumb Code    22  stm32f4xx_rcc.o(.text)
    RCC_ClearITPendingBit                    0x080036fd   Thumb Code     8  stm32f4xx_rcc.o(.text)
    USART_DeInit                             0x08003709   Thumb Code   206  stm32f4xx_usart.o(.text)
    USART_Init                               0x080037d7   Thumb Code   204  stm32f4xx_usart.o(.text)
    USART_StructInit                         0x080038a3   Thumb Code    24  stm32f4xx_usart.o(.text)
    USART_ClockInit                          0x080038bb   Thumb Code    32  stm32f4xx_usart.o(.text)
    USART_ClockStructInit                    0x080038db   Thumb Code    12  stm32f4xx_usart.o(.text)
    USART_Cmd                                0x080038e7   Thumb Code    24  stm32f4xx_usart.o(.text)
    USART_SetPrescaler                       0x080038ff   Thumb Code    16  stm32f4xx_usart.o(.text)
    USART_OverSampling8Cmd                   0x0800390f   Thumb Code    22  stm32f4xx_usart.o(.text)
    USART_OneBitMethodCmd                    0x08003925   Thumb Code    24  stm32f4xx_usart.o(.text)
    USART_SendData                           0x0800393d   Thumb Code     8  stm32f4xx_usart.o(.text)
    USART_ReceiveData                        0x08003945   Thumb Code    10  stm32f4xx_usart.o(.text)
    USART_SetAddress                         0x0800394f   Thumb Code    18  stm32f4xx_usart.o(.text)
    USART_ReceiverWakeUpCmd                  0x08003961   Thumb Code    24  stm32f4xx_usart.o(.text)
    USART_WakeUpConfig                       0x08003979   Thumb Code    18  stm32f4xx_usart.o(.text)
    USART_LINBreakDetectLengthConfig         0x0800398b   Thumb Code    18  stm32f4xx_usart.o(.text)
    USART_LINCmd                             0x0800399d   Thumb Code    24  stm32f4xx_usart.o(.text)
    USART_SendBreak                          0x080039b5   Thumb Code    10  stm32f4xx_usart.o(.text)
    USART_HalfDuplexCmd                      0x080039bf   Thumb Code    24  stm32f4xx_usart.o(.text)
    USART_SetGuardTime                       0x080039d7   Thumb Code    16  stm32f4xx_usart.o(.text)
    USART_SmartCardCmd                       0x080039e7   Thumb Code    24  stm32f4xx_usart.o(.text)
    USART_SmartCardNACKCmd                   0x080039ff   Thumb Code    24  stm32f4xx_usart.o(.text)
    USART_IrDAConfig                         0x08003a17   Thumb Code    18  stm32f4xx_usart.o(.text)
    USART_IrDACmd                            0x08003a29   Thumb Code    24  stm32f4xx_usart.o(.text)
    USART_DMACmd                             0x08003a41   Thumb Code    18  stm32f4xx_usart.o(.text)
    USART_ITConfig                           0x08003a53   Thumb Code    74  stm32f4xx_usart.o(.text)
    USART_GetFlagStatus                      0x08003a9d   Thumb Code    26  stm32f4xx_usart.o(.text)
    USART_ClearFlag                          0x08003ab7   Thumb Code    18  stm32f4xx_usart.o(.text)
    USART_GetITStatus                        0x08003ac9   Thumb Code   118  stm32f4xx_usart.o(.text)
    USART_ClearITPendingBit                  0x08003b3f   Thumb Code    30  stm32f4xx_usart.o(.text)
    Reset_Handler                            0x08003b5d   Thumb Code     8  startup_stm32f40_41xxx.o(.text)
    ADC_IRQHandler                           0x08003b77   Thumb Code     0  startup_stm32f40_41xxx.o(.text)
    CAN1_RX1_IRQHandler                      0x08003b77   Thumb Code     0  startup_stm32f40_41xxx.o(.text)
    CAN1_SCE_IRQHandler                      0x08003b77   Thumb Code     0  startup_stm32f40_41xxx.o(.text)
    CAN2_RX1_IRQHandler                      0x08003b77   Thumb Code     0  startup_stm32f40_41xxx.o(.text)
    CAN2_SCE_IRQHandler                      0x08003b77   Thumb Code     0  startup_stm32f40_41xxx.o(.text)
    CRYP_IRQHandler                          0x08003b77   Thumb Code     0  startup_stm32f40_41xxx.o(.text)
    DCMI_IRQHandler                          0x08003b77   Thumb Code     0  startup_stm32f40_41xxx.o(.text)
    DMA1_Stream0_IRQHandler                  0x08003b77   Thumb Code     0  startup_stm32f40_41xxx.o(.text)
    DMA1_Stream1_IRQHandler                  0x08003b77   Thumb Code     0  startup_stm32f40_41xxx.o(.text)
    DMA1_Stream2_IRQHandler                  0x08003b77   Thumb Code     0  startup_stm32f40_41xxx.o(.text)
    DMA1_Stream3_IRQHandler                  0x08003b77   Thumb Code     0  startup_stm32f40_41xxx.o(.text)
    DMA1_Stream5_IRQHandler                  0x08003b77   Thumb Code     0  startup_stm32f40_41xxx.o(.text)
    DMA1_Stream6_IRQHandler                  0x08003b77   Thumb Code     0  startup_stm32f40_41xxx.o(.text)
    DMA1_Stream7_IRQHandler                  0x08003b77   Thumb Code     0  startup_stm32f40_41xxx.o(.text)
    DMA2_Stream0_IRQHandler                  0x08003b77   Thumb Code     0  startup_stm32f40_41xxx.o(.text)
    DMA2_Stream1_IRQHandler                  0x08003b77   Thumb Code     0  startup_stm32f40_41xxx.o(.text)
    DMA2_Stream2_IRQHandler                  0x08003b77   Thumb Code     0  startup_stm32f40_41xxx.o(.text)
    DMA2_Stream3_IRQHandler                  0x08003b77   Thumb Code     0  startup_stm32f40_41xxx.o(.text)
    DMA2_Stream4_IRQHandler                  0x08003b77   Thumb Code     0  startup_stm32f40_41xxx.o(.text)
    DMA2_Stream5_IRQHandler                  0x08003b77   Thumb Code     0  startup_stm32f40_41xxx.o(.text)
    DMA2_Stream6_IRQHandler                  0x08003b77   Thumb Code     0  startup_stm32f40_41xxx.o(.text)
    DMA2_Stream7_IRQHandler                  0x08003b77   Thumb Code     0  startup_stm32f40_41xxx.o(.text)
    ETH_IRQHandler                           0x08003b77   Thumb Code     0  startup_stm32f40_41xxx.o(.text)
    ETH_WKUP_IRQHandler                      0x08003b77   Thumb Code     0  startup_stm32f40_41xxx.o(.text)
    EXTI0_IRQHandler                         0x08003b77   Thumb Code     0  startup_stm32f40_41xxx.o(.text)
    EXTI15_10_IRQHandler                     0x08003b77   Thumb Code     0  startup_stm32f40_41xxx.o(.text)
    EXTI1_IRQHandler                         0x08003b77   Thumb Code     0  startup_stm32f40_41xxx.o(.text)
    EXTI2_IRQHandler                         0x08003b77   Thumb Code     0  startup_stm32f40_41xxx.o(.text)
    EXTI3_IRQHandler                         0x08003b77   Thumb Code     0  startup_stm32f40_41xxx.o(.text)
    EXTI4_IRQHandler                         0x08003b77   Thumb Code     0  startup_stm32f40_41xxx.o(.text)
    EXTI9_5_IRQHandler                       0x08003b77   Thumb Code     0  startup_stm32f40_41xxx.o(.text)
    FLASH_IRQHandler                         0x08003b77   Thumb Code     0  startup_stm32f40_41xxx.o(.text)
    FPU_IRQHandler                           0x08003b77   Thumb Code     0  startup_stm32f40_41xxx.o(.text)
    FSMC_IRQHandler                          0x08003b77   Thumb Code     0  startup_stm32f40_41xxx.o(.text)
    HASH_RNG_IRQHandler                      0x08003b77   Thumb Code     0  startup_stm32f40_41xxx.o(.text)
    I2C1_ER_IRQHandler                       0x08003b77   Thumb Code     0  startup_stm32f40_41xxx.o(.text)
    I2C1_EV_IRQHandler                       0x08003b77   Thumb Code     0  startup_stm32f40_41xxx.o(.text)
    I2C2_ER_IRQHandler                       0x08003b77   Thumb Code     0  startup_stm32f40_41xxx.o(.text)
    I2C2_EV_IRQHandler                       0x08003b77   Thumb Code     0  startup_stm32f40_41xxx.o(.text)
    I2C3_ER_IRQHandler                       0x08003b77   Thumb Code     0  startup_stm32f40_41xxx.o(.text)
    I2C3_EV_IRQHandler                       0x08003b77   Thumb Code     0  startup_stm32f40_41xxx.o(.text)
    OTG_FS_IRQHandler                        0x08003b77   Thumb Code     0  startup_stm32f40_41xxx.o(.text)
    OTG_FS_WKUP_IRQHandler                   0x08003b77   Thumb Code     0  startup_stm32f40_41xxx.o(.text)
    OTG_HS_EP1_IN_IRQHandler                 0x08003b77   Thumb Code     0  startup_stm32f40_41xxx.o(.text)
    OTG_HS_EP1_OUT_IRQHandler                0x08003b77   Thumb Code     0  startup_stm32f40_41xxx.o(.text)
    OTG_HS_IRQHandler                        0x08003b77   Thumb Code     0  startup_stm32f40_41xxx.o(.text)
    OTG_HS_WKUP_IRQHandler                   0x08003b77   Thumb Code     0  startup_stm32f40_41xxx.o(.text)
    PVD_IRQHandler                           0x08003b77   Thumb Code     0  startup_stm32f40_41xxx.o(.text)
    RCC_IRQHandler                           0x08003b77   Thumb Code     0  startup_stm32f40_41xxx.o(.text)
    RTC_Alarm_IRQHandler                     0x08003b77   Thumb Code     0  startup_stm32f40_41xxx.o(.text)
    RTC_WKUP_IRQHandler                      0x08003b77   Thumb Code     0  startup_stm32f40_41xxx.o(.text)
    SDIO_IRQHandler                          0x08003b77   Thumb Code     0  startup_stm32f40_41xxx.o(.text)
    SPI1_IRQHandler                          0x08003b77   Thumb Code     0  startup_stm32f40_41xxx.o(.text)
    SPI2_IRQHandler                          0x08003b77   Thumb Code     0  startup_stm32f40_41xxx.o(.text)
    SPI3_IRQHandler                          0x08003b77   Thumb Code     0  startup_stm32f40_41xxx.o(.text)
    TAMP_STAMP_IRQHandler                    0x08003b77   Thumb Code     0  startup_stm32f40_41xxx.o(.text)
    TIM1_BRK_TIM9_IRQHandler                 0x08003b77   Thumb Code     0  startup_stm32f40_41xxx.o(.text)
    TIM1_CC_IRQHandler                       0x08003b77   Thumb Code     0  startup_stm32f40_41xxx.o(.text)
    TIM1_TRG_COM_TIM11_IRQHandler            0x08003b77   Thumb Code     0  startup_stm32f40_41xxx.o(.text)
    TIM1_UP_TIM10_IRQHandler                 0x08003b77   Thumb Code     0  startup_stm32f40_41xxx.o(.text)
    TIM2_IRQHandler                          0x08003b77   Thumb Code     0  startup_stm32f40_41xxx.o(.text)
    TIM3_IRQHandler                          0x08003b77   Thumb Code     0  startup_stm32f40_41xxx.o(.text)
    TIM4_IRQHandler                          0x08003b77   Thumb Code     0  startup_stm32f40_41xxx.o(.text)
    TIM5_IRQHandler                          0x08003b77   Thumb Code     0  startup_stm32f40_41xxx.o(.text)
    TIM6_DAC_IRQHandler                      0x08003b77   Thumb Code     0  startup_stm32f40_41xxx.o(.text)
    TIM7_IRQHandler                          0x08003b77   Thumb Code     0  startup_stm32f40_41xxx.o(.text)
    TIM8_BRK_TIM12_IRQHandler                0x08003b77   Thumb Code     0  startup_stm32f40_41xxx.o(.text)
    TIM8_CC_IRQHandler                       0x08003b77   Thumb Code     0  startup_stm32f40_41xxx.o(.text)
    TIM8_TRG_COM_TIM14_IRQHandler            0x08003b77   Thumb Code     0  startup_stm32f40_41xxx.o(.text)
    TIM8_UP_TIM13_IRQHandler                 0x08003b77   Thumb Code     0  startup_stm32f40_41xxx.o(.text)
    WWDG_IRQHandler                          0x08003b77   Thumb Code     0  startup_stm32f40_41xxx.o(.text)
    __user_initial_stackheap                 0x08003b79   Thumb Code     0  startup_stm32f40_41xxx.o(.text)
    __aeabi_memcpy                           0x08003b9d   Thumb Code     0  rt_memcpy_v6.o(.text)
    __rt_memcpy                              0x08003b9d   Thumb Code   138  rt_memcpy_v6.o(.text)
    _memcpy_lastbytes                        0x08003c03   Thumb Code     0  rt_memcpy_v6.o(.text)
    __aeabi_memcpy4                          0x08003c27   Thumb Code     0  rt_memcpy_w.o(.text)
    __aeabi_memcpy8                          0x08003c27   Thumb Code     0  rt_memcpy_w.o(.text)
    __rt_memcpy_w                            0x08003c27   Thumb Code   100  rt_memcpy_w.o(.text)
    _memcpy_lastbytes_aligned                0x08003c6f   Thumb Code     0  rt_memcpy_w.o(.text)
    __use_two_region_memory                  0x08003c8b   Thumb Code     2  heapauxi.o(.text)
    __rt_heap_escrow                         0x08003c8d   Thumb Code     2  heapauxi.o(.text)
    __rt_heap_expand                         0x08003c8f   Thumb Code     2  heapauxi.o(.text)
    __read_errno                             0x08003c91   Thumb Code    10  _rserrno.o(.text)
    __set_errno                              0x08003c9b   Thumb Code    12  _rserrno.o(.text)
    _sys_exit                                0x08003ca9   Thumb Code     8  sys_exit.o(.text)
    __user_libspace                          0x08003cb5   Thumb Code     8  libspace.o(.text)
    __user_perproc_libspace                  0x08003cb5   Thumb Code     0  libspace.o(.text)
    __user_perthread_libspace                0x08003cb5   Thumb Code     0  libspace.o(.text)
    __aeabi_errno_addr                       0x08003cbd   Thumb Code     8  rt_errno_addr_intlibspace.o(.text)
    __errno$intlibspace                      0x08003cbd   Thumb Code     0  rt_errno_addr_intlibspace.o(.text)
    __rt_errno_addr$intlibspace              0x08003cbd   Thumb Code     0  rt_errno_addr_intlibspace.o(.text)
    __I$use$semihosting                      0x08003cc5   Thumb Code     0  use_no_semi.o(.text)
    __use_no_semihosting_swi                 0x08003cc5   Thumb Code     2  use_no_semi.o(.text)
    __semihosting_library_function           0x08003cc7   Thumb Code     0  indicate_semi.o(.text)
    __user_setup_stackheap                   0x08003cc7   Thumb Code    74  sys_stackheap_outer.o(.text)
    exit                                     0x08003d11   Thumb Code    18  exit.o(.text)
    __ARM_fpclassify                         0x08003d23   Thumb Code    48  fpclassify.o(i.__ARM_fpclassify)
    __hardfp_atan                            0x08003d59   Thumb Code   622  atan.o(i.__hardfp_atan)
    __hardfp_atan2                           0x08004031   Thumb Code   432  atan2.o(i.__hardfp_atan2)
    __hardfp_fmod                            0x08004221   Thumb Code   254  fmod.o(i.__hardfp_fmod)
    __hardfp_sqrt                            0x08004325   Thumb Code   122  sqrt.o(i.__hardfp_sqrt)
    __kernel_poly                            0x0800439f   Thumb Code   248  poly.o(i.__kernel_poly)
    __mathlib_dbl_infnan                     0x08004497   Thumb Code    20  dunder.o(i.__mathlib_dbl_infnan)
    __mathlib_dbl_infnan2                    0x080044ab   Thumb Code    20  dunder.o(i.__mathlib_dbl_infnan2)
    __mathlib_dbl_invalid                    0x080044c1   Thumb Code    24  dunder.o(i.__mathlib_dbl_invalid)
    __mathlib_dbl_underflow                  0x080044e1   Thumb Code    24  dunder.o(i.__mathlib_dbl_underflow)
    atan                                     0x08004501   Thumb Code    16  atan.o(i.atan)
    fabs                                     0x08004511   Thumb Code    24  fabs.o(i.fabs)
    __aeabi_dneg                             0x08004529   Thumb Code     0  basic.o(x$fpl$basic)
    _dneg                                    0x08004529   Thumb Code     6  basic.o(x$fpl$basic)
    __aeabi_fneg                             0x0800452f   Thumb Code     0  basic.o(x$fpl$basic)
    _fneg                                    0x0800452f   Thumb Code     6  basic.o(x$fpl$basic)
    _dabs                                    0x08004535   Thumb Code     6  basic.o(x$fpl$basic)
    _fabs                                    0x0800453b   Thumb Code     6  basic.o(x$fpl$basic)
    __aeabi_d2f                              0x08004541   Thumb Code     0  d2f.o(x$fpl$d2f)
    _d2f                                     0x08004541   Thumb Code    98  d2f.o(x$fpl$d2f)
    __aeabi_dadd                             0x080045a5   Thumb Code     0  daddsub_clz.o(x$fpl$dadd)
    _dadd                                    0x080045a5   Thumb Code   332  daddsub_clz.o(x$fpl$dadd)
    __aeabi_ddiv                             0x080046f5   Thumb Code     0  ddiv.o(x$fpl$ddiv)
    _ddiv                                    0x080046f5   Thumb Code   552  ddiv.o(x$fpl$ddiv)
    __aeabi_dmul                             0x080049a5   Thumb Code     0  dmul.o(x$fpl$dmul)
    _dmul                                    0x080049a5   Thumb Code   332  dmul.o(x$fpl$dmul)
    __fpl_dnaninf                            0x08004af9   Thumb Code   156  dnaninf.o(x$fpl$dnaninf)
    _drem                                    0x08004b95   Thumb Code   328  drem_clz.o(x$fpl$drem)
    __fpl_dretinf                            0x08004ce5   Thumb Code    12  dretinf.o(x$fpl$dretinf)
    __aeabi_drsub                            0x08004cf1   Thumb Code     0  daddsub_clz.o(x$fpl$drsb)
    _drsb                                    0x08004cf1   Thumb Code    22  daddsub_clz.o(x$fpl$drsb)
    _dsqrt                                   0x08004d09   Thumb Code   404  dsqrt_umaal.o(x$fpl$dsqrt)
    __aeabi_dsub                             0x08004ea1   Thumb Code     0  daddsub_clz.o(x$fpl$dsub)
    _dsub                                    0x08004ea1   Thumb Code   464  daddsub_clz.o(x$fpl$dsub)
    __aeabi_f2d                              0x08005075   Thumb Code     0  f2d.o(x$fpl$f2d)
    _f2d                                     0x08005075   Thumb Code    86  f2d.o(x$fpl$f2d)
    __fpl_fnaninf                            0x080050cb   Thumb Code   140  fnaninf.o(x$fpl$fnaninf)
    _fp_init                                 0x08005157   Thumb Code    10  fpinit.o(x$fpl$fpinit)
    __fplib_config_fpu_vfp                   0x0800515f   Thumb Code     0  fpinit.o(x$fpl$fpinit)
    __fplib_config_pureend_doubles           0x0800515f   Thumb Code     0  fpinit.o(x$fpl$fpinit)
    __fpl_fretinf                            0x08005161   Thumb Code    10  fretinf.o(x$fpl$fretinf)
    __I$use$fp                               0x0800516a   Number         0  usenofp.o(x$fpl$usenofp)
    __mathlib_zero                           0x08005208   Data           8  qnan.o(.constdata)
    Region$$Table$$Base                      0x08005210   Number         0  anon$$obj.o(Region$$Table)
    Region$$Table$$Limit                     0x08005230   Number         0  anon$$obj.o(Region$$Table)
    SystemCoreClock                          0x20000000   Data           4  system_stm32f4xx.o(.data)
    AHBPrescTable                            0x20000004   Data          16  system_stm32f4xx.o(.data)
    yaw_num_get                              0x20000014   Data           4  chassis_task.o(.data)
    vx                                       0x20000018   Data           4  chassis_task.o(.data)
    vy                                       0x2000001c   Data           4  chassis_task.o(.data)
    client_graphic_busy                      0x20000028   Data           1  usart.o(.data)
    bullet_num                               0x2000002c   Data           4  usart.o(.data)
    chassis                                  0x20000050   Data         152  chassis_task.o(.bss)
    Chassis_angle                            0x200000e8   Data          72  chassis_task.o(.bss)
    gimbal_gyro                              0x20000130   Data          36  senior.o(.bss)
    chassis_gyro                             0x20000154   Data          36  senior.o(.bss)
    steering_wheel_chassis                   0x20000178   Data         640  senior.o(.bss)
    Mecanum_chassis                          0x200003f8   Data         320  senior.o(.bss)
    Pitch_Encoder                            0x20000538   Data          80  senior.o(.bss)
    yaw_Encoder                              0x20000588   Data          80  senior.o(.bss)
    hero_small_gimbal                        0x200005d8   Data         160  senior.o(.bss)
    general_friction                         0x20000678   Data         320  senior.o(.bss)
    general_poke                             0x200007b8   Data         160  senior.o(.bss)
    capacitance_message                      0x20000858   Data          24  senior.o(.bss)
    judge_rece_mesg                          0x20000870   Data         198  senior.o(.bss)
    new_location                             0x20000938   Data          32  senior.o(.bss)
    RC_CtrlData                              0x20000958   Data          26  senior.o(.bss)
    ch100_Rx_Buffer                          0x20000b60   Data         100  usart.o(.bss)
    dat                                      0x20000bc4   Data          76  usart.o(.bss)
    UART4_DMA_RX_BUF                         0x20000c10   Data         100  usart.o(.bss)
    UART4_DMA_TX_BUF                         0x20000c74   Data         100  usart.o(.bss)
    judge_dma_rxbuff                         0x20000e04   Data         200  usart.o(.bss)
    tx_buf                                   0x20000ecc   Data          66  usart.o(.bss)
    pdata                                    0x20000f0e   Data          32  usart.o(.bss)
    ddata                                    0x20000f2e   Data          66  usart.o(.bss)
    _UART5_DMA_RX_BUF                        0x20000f70   Data         100  usart.o(.bss)
    USART6_DMA_RX_BUF                        0x20001100   Data         100  usart.o(.bss)
    __libspace_start                         0x20001164   Data          96  libspace.o(.bss)
    __temporary_stack_top$libspace           0x200011c4   Data           0  libspace.o(.bss)



==============================================================================

Memory Map of the image

  Image Entry point : 0x08000189

  Load Region LR_IROM1 (Base: 0x08000000, Size: 0x00005280, Max: 0x00100000, ABSOLUTE)

    Execution Region ER_IROM1 (Base: 0x08000000, Size: 0x00005230, Max: 0x00100000, ABSOLUTE)

    Base Addr    Size         Type   Attr      Idx    E Section Name        Object

    0x08000000   0x00000188   Data   RO         1406    RESET               startup_stm32f40_41xxx.o
    0x08000188   0x00000008   Code   RO         3717  * !!!main             c_w.l(__main.o)
    0x08000190   0x00000034   Code   RO         4171    !!!scatter          c_w.l(__scatter.o)
    0x080001c4   0x0000001a   Code   RO         4173    !!handler_copy      c_w.l(__scatter_copy.o)
    0x080001de   0x00000002   PAD
    0x080001e0   0x0000001c   Code   RO         4175    !!handler_zi        c_w.l(__scatter_zi.o)
    0x080001fc   0x00000002   Code   RO         4116    .ARM.Collect$$libinit$$00000000  c_w.l(libinit.o)
    0x080001fe   0x00000004   Code   RO         3921    .ARM.Collect$$libinit$$00000001  c_w.l(libinit2.o)
    0x08000202   0x00000000   Code   RO         3924    .ARM.Collect$$libinit$$00000004  c_w.l(libinit2.o)
    0x08000202   0x00000000   Code   RO         3927    .ARM.Collect$$libinit$$0000000A  c_w.l(libinit2.o)
    0x08000202   0x00000000   Code   RO         3929    .ARM.Collect$$libinit$$0000000C  c_w.l(libinit2.o)
    0x08000202   0x00000000   Code   RO         3931    .ARM.Collect$$libinit$$0000000E  c_w.l(libinit2.o)
    0x08000202   0x00000000   Code   RO         3934    .ARM.Collect$$libinit$$00000011  c_w.l(libinit2.o)
    0x08000202   0x00000000   Code   RO         3936    .ARM.Collect$$libinit$$00000013  c_w.l(libinit2.o)
    0x08000202   0x00000000   Code   RO         3938    .ARM.Collect$$libinit$$00000015  c_w.l(libinit2.o)
    0x08000202   0x00000000   Code   RO         3940    .ARM.Collect$$libinit$$00000017  c_w.l(libinit2.o)
    0x08000202   0x00000000   Code   RO         3942    .ARM.Collect$$libinit$$00000019  c_w.l(libinit2.o)
    0x08000202   0x00000000   Code   RO         3944    .ARM.Collect$$libinit$$0000001B  c_w.l(libinit2.o)
    0x08000202   0x00000000   Code   RO         3946    .ARM.Collect$$libinit$$0000001D  c_w.l(libinit2.o)
    0x08000202   0x00000000   Code   RO         3948    .ARM.Collect$$libinit$$0000001F  c_w.l(libinit2.o)
    0x08000202   0x00000000   Code   RO         3950    .ARM.Collect$$libinit$$00000021  c_w.l(libinit2.o)
    0x08000202   0x00000000   Code   RO         3952    .ARM.Collect$$libinit$$00000023  c_w.l(libinit2.o)
    0x08000202   0x00000000   Code   RO         3954    .ARM.Collect$$libinit$$00000025  c_w.l(libinit2.o)
    0x08000202   0x00000000   Code   RO         3958    .ARM.Collect$$libinit$$0000002C  c_w.l(libinit2.o)
    0x08000202   0x00000000   Code   RO         3960    .ARM.Collect$$libinit$$0000002E  c_w.l(libinit2.o)
    0x08000202   0x00000000   Code   RO         3962    .ARM.Collect$$libinit$$00000030  c_w.l(libinit2.o)
    0x08000202   0x00000000   Code   RO         3964    .ARM.Collect$$libinit$$00000032  c_w.l(libinit2.o)
    0x08000202   0x00000002   Code   RO         3965    .ARM.Collect$$libinit$$00000033  c_w.l(libinit2.o)
    0x08000204   0x00000002   Code   RO         4168    .ARM.Collect$$libshutdown$$00000000  c_w.l(libshutdown.o)
    0x08000206   0x00000000   Code   RO         4130    .ARM.Collect$$libshutdown$$00000002  c_w.l(libshutdown2.o)
    0x08000206   0x00000000   Code   RO         4132    .ARM.Collect$$libshutdown$$00000004  c_w.l(libshutdown2.o)
    0x08000206   0x00000000   Code   RO         4135    .ARM.Collect$$libshutdown$$00000007  c_w.l(libshutdown2.o)
    0x08000206   0x00000000   Code   RO         4138    .ARM.Collect$$libshutdown$$0000000A  c_w.l(libshutdown2.o)
    0x08000206   0x00000000   Code   RO         4140    .ARM.Collect$$libshutdown$$0000000C  c_w.l(libshutdown2.o)
    0x08000206   0x00000000   Code   RO         4143    .ARM.Collect$$libshutdown$$0000000F  c_w.l(libshutdown2.o)
    0x08000206   0x00000002   Code   RO         4144    .ARM.Collect$$libshutdown$$00000010  c_w.l(libshutdown2.o)
    0x08000208   0x00000000   Code   RO         3881    .ARM.Collect$$rtentry$$00000000  c_w.l(__rtentry.o)
    0x08000208   0x00000000   Code   RO         4040    .ARM.Collect$$rtentry$$00000002  c_w.l(__rtentry2.o)
    0x08000208   0x00000006   Code   RO         4052    .ARM.Collect$$rtentry$$00000004  c_w.l(__rtentry4.o)
    0x0800020e   0x00000000   Code   RO         4042    .ARM.Collect$$rtentry$$00000009  c_w.l(__rtentry2.o)
    0x0800020e   0x00000004   Code   RO         4043    .ARM.Collect$$rtentry$$0000000A  c_w.l(__rtentry2.o)
    0x08000212   0x00000000   Code   RO         4045    .ARM.Collect$$rtentry$$0000000C  c_w.l(__rtentry2.o)
    0x08000212   0x00000008   Code   RO         4046    .ARM.Collect$$rtentry$$0000000D  c_w.l(__rtentry2.o)
    0x0800021a   0x00000002   Code   RO         4117    .ARM.Collect$$rtexit$$00000000  c_w.l(rtexit.o)
    0x0800021c   0x00000000   Code   RO         4146    .ARM.Collect$$rtexit$$00000002  c_w.l(rtexit2.o)
    0x0800021c   0x00000004   Code   RO         4147    .ARM.Collect$$rtexit$$00000003  c_w.l(rtexit2.o)
    0x08000220   0x00000006   Code   RO         4148    .ARM.Collect$$rtexit$$00000004  c_w.l(rtexit2.o)
    0x08000226   0x0000000c   Code   RO            4    .text               main.o
    0x08000232   0x0000001a   Code   RO          306    .text               stm32f4xx_it.o
    0x0800024c   0x00000210   Code   RO          359    .text               system_stm32f4xx.o
    0x0800045c   0x00000058   Code   RO          389    .text               bsp.o
    0x080004b4   0x000001e4   Code   RO          416    .text               chassis_task.o
    0x08000698   0x00000754   Code   RO          591    .text               canbus.o
    0x08000dec   0x00000218   Code   RO          653    .text               dji_motor.o
    0x08001004   0x000000b8   Code   RO          844    .text               remote.o
    0x080010bc   0x00000290   Code   RO          868    .text               can.o
    0x0800134c   0x00000c54   Code   RO          966    .text               usart.o
    0x08001fa0   0x000000e0   Code   RO          997    .text               misc.o
    0x08002080   0x000009f0   Code   RO         1045    .text               stm32f4xx_can.o
    0x08002a70   0x000003a8   Code   RO         1117    .text               stm32f4xx_dma.o
    0x08002e18   0x00000294   Code   RO         1189    .text               stm32f4xx_gpio.o
    0x080030ac   0x0000065c   Code   RO         1261    .text               stm32f4xx_rcc.o
    0x08003708   0x00000454   Code   RO         1383    .text               stm32f4xx_usart.o
    0x08003b5c   0x00000040   Code   RO         1407    .text               startup_stm32f40_41xxx.o
    0x08003b9c   0x0000008a   Code   RO         3703    .text               c_w.l(rt_memcpy_v6.o)
    0x08003c26   0x00000064   Code   RO         3707    .text               c_w.l(rt_memcpy_w.o)
    0x08003c8a   0x00000006   Code   RO         3715    .text               c_w.l(heapauxi.o)
    0x08003c90   0x00000016   Code   RO         3911    .text               c_w.l(_rserrno.o)
    0x08003ca6   0x00000002   PAD
    0x08003ca8   0x0000000c   Code   RO         4034    .text               c_w.l(sys_exit.o)
    0x08003cb4   0x00000008   Code   RO         4036    .text               c_w.l(libspace.o)
    0x08003cbc   0x00000008   Code   RO         4059    .text               c_w.l(rt_errno_addr_intlibspace.o)
    0x08003cc4   0x00000002   Code   RO         4086    .text               c_w.l(use_no_semi.o)
    0x08003cc6   0x00000000   Code   RO         4088    .text               c_w.l(indicate_semi.o)
    0x08003cc6   0x0000004a   Code   RO         4089    .text               c_w.l(sys_stackheap_outer.o)
    0x08003d10   0x00000012   Code   RO         4095    .text               c_w.l(exit.o)
    0x08003d22   0x00000030   Code   RO         4084    i.__ARM_fpclassify  m_wm.l(fpclassify.o)
    0x08003d52   0x00000006   PAD
    0x08003d58   0x000002d8   Code   RO         3983    i.__hardfp_atan     m_wm.l(atan.o)
    0x08004030   0x000001f0   Code   RO         3757    i.__hardfp_atan2    m_wm.l(atan2.o)
    0x08004220   0x00000104   Code   RO         3789    i.__hardfp_fmod     m_wm.l(fmod.o)
    0x08004324   0x0000007a   Code   RO         3843    i.__hardfp_sqrt     m_wm.l(sqrt.o)
    0x0800439e   0x000000f8   Code   RO         4027    i.__kernel_poly     m_wm.l(poly.o)
    0x08004496   0x00000014   Code   RO         3998    i.__mathlib_dbl_infnan  m_wm.l(dunder.o)
    0x080044aa   0x00000014   Code   RO         3999    i.__mathlib_dbl_infnan2  m_wm.l(dunder.o)
    0x080044be   0x00000002   PAD
    0x080044c0   0x00000020   Code   RO         4000    i.__mathlib_dbl_invalid  m_wm.l(dunder.o)
    0x080044e0   0x00000020   Code   RO         4003    i.__mathlib_dbl_underflow  m_wm.l(dunder.o)
    0x08004500   0x00000010   Code   RO         3985    i.atan              m_wm.l(atan.o)
    0x08004510   0x00000018   Code   RO         3785    i.fabs              m_wm.l(fabs.o)
    0x08004528   0x00000018   Code   RO         3719    x$fpl$basic         fz_wm.l(basic.o)
    0x08004540   0x00000062   Code   RO         3721    x$fpl$d2f           fz_wm.l(d2f.o)
    0x080045a2   0x00000002   PAD
    0x080045a4   0x00000150   Code   RO         3723    x$fpl$dadd          fz_wm.l(daddsub_clz.o)
    0x080046f4   0x000002b0   Code   RO         3730    x$fpl$ddiv          fz_wm.l(ddiv.o)
    0x080049a4   0x00000154   Code   RO         3747    x$fpl$dmul          fz_wm.l(dmul.o)
    0x08004af8   0x0000009c   Code   RO         3968    x$fpl$dnaninf       fz_wm.l(dnaninf.o)
    0x08004b94   0x00000150   Code   RO         3970    x$fpl$drem          fz_wm.l(drem_clz.o)
    0x08004ce4   0x0000000c   Code   RO         3972    x$fpl$dretinf       fz_wm.l(dretinf.o)
    0x08004cf0   0x00000016   Code   RO         3724    x$fpl$drsb          fz_wm.l(daddsub_clz.o)
    0x08004d06   0x00000002   PAD
    0x08004d08   0x00000198   Code   RO         3974    x$fpl$dsqrt         fz_wm.l(dsqrt_umaal.o)
    0x08004ea0   0x000001d4   Code   RO         3725    x$fpl$dsub          fz_wm.l(daddsub_clz.o)
    0x08005074   0x00000056   Code   RO         3751    x$fpl$f2d           fz_wm.l(f2d.o)
    0x080050ca   0x0000008c   Code   RO         3976    x$fpl$fnaninf       fz_wm.l(fnaninf.o)
    0x08005156   0x0000000a   Code   RO         4082    x$fpl$fpinit        fz_wm.l(fpinit.o)
    0x08005160   0x0000000a   Code   RO         3978    x$fpl$fretinf       fz_wm.l(fretinf.o)
    0x0800516a   0x00000000   Code   RO         3982    x$fpl$usenofp       fz_wm.l(usenofp.o)
    0x0800516a   0x00000006   PAD
    0x08005170   0x00000098   Data   RO         3986    .constdata          m_wm.l(atan.o)
    0x08005208   0x00000008   Data   RO         4029    .constdata          m_wm.l(qnan.o)
    0x08005210   0x00000020   Data   RO         4169    Region$$Table       anon$$obj.o


    Execution Region RW_IRAM1 (Base: 0x20000000, Size: 0x000017c8, Max: 0x00020000, ABSOLUTE)

    Base Addr    Size         Type   Attr      Idx    E Section Name        Object

    0x20000000   0x00000014   Data   RW          360    .data               system_stm32f4xx.o
    0x20000014   0x0000000c   Data   RW          418    .data               chassis_task.o
    0x20000020   0x00000008   Data   RW          592    .data               canbus.o
    0x20000028   0x00000018   Data   RW          968    .data               usart.o
    0x20000040   0x00000010   Data   RW         1262    .data               stm32f4xx_rcc.o
    0x20000050   0x000000e0   Zero   RW          417    .bss                chassis_task.o
    0x20000130   0x00000842   Zero   RW          481    .bss                senior.o
    0x20000972   0x00000002   PAD
    0x20000974   0x000007f0   Zero   RW          967    .bss                usart.o
    0x20001164   0x00000060   Zero   RW         4037    .bss                c_w.l(libspace.o)
    0x200011c4   0x00000004   PAD
    0x200011c8   0x00000200   Zero   RW         1405    HEAP                startup_stm32f40_41xxx.o
    0x200013c8   0x00000400   Zero   RW         1404    STACK               startup_stm32f40_41xxx.o


==============================================================================

Image component sizes


      Code (inc. data)   RO Data    RW Data    ZI Data      Debug   Object Name

        88          6          0          0          0        475   bsp.o
       656         22          0          0          0       2162   can.o
      1876         14          0          8          0      10702   canbus.o
       484         50          0         12        224       3331   chassis_task.o
       536          8          0          0          0       3227   dji_motor.o
        12          0          0          0          0     284559   main.o
       224         20          0          0          0       1841   misc.o
       184          6          0          0          0        915   remote.o
         0          0          0          0       2114       9977   senior.o
        64         26        392          0       1536        848   startup_stm32f40_41xxx.o
      2544         38          0          0          0       8168   stm32f4xx_can.o
       936         32          0          0          0       6413   stm32f4xx_dma.o
       660         44          0          0          0       4181   stm32f4xx_gpio.o
        26          0          0          0          0       1234   stm32f4xx_it.o
      1628         52          0         16          0      13068   stm32f4xx_rcc.o
      1108         34          0          0          0       7904   stm32f4xx_usart.o
       528         46          0         20          0       1811   system_stm32f4xx.o
      3156        146          0         24       2032       7336   usart.o

    ----------------------------------------------------------------------
     14710        544        424         80       5908     368152   Object Totals
         0          0         32          0          0          0   (incl. Generated)
         0          0          0          0          2          0   (incl. Padding)

    ----------------------------------------------------------------------

      Code (inc. data)   RO Data    RW Data    ZI Data      Debug   Library Member Name

         8          0          0          0          0         68   __main.o
         0          0          0          0          0          0   __rtentry.o
        12          0          0          0          0          0   __rtentry2.o
         6          0          0          0          0          0   __rtentry4.o
        52          8          0          0          0          0   __scatter.o
        26          0          0          0          0          0   __scatter_copy.o
        28          0          0          0          0          0   __scatter_zi.o
        22          0          0          0          0        100   _rserrno.o
        18          0          0          0          0         80   exit.o
         6          0          0          0          0        152   heapauxi.o
         0          0          0          0          0          0   indicate_semi.o
         2          0          0          0          0          0   libinit.o
         6          0          0          0          0          0   libinit2.o
         2          0          0          0          0          0   libshutdown.o
         2          0          0          0          0          0   libshutdown2.o
         8          4          0          0         96         68   libspace.o
         8          4          0          0          0         68   rt_errno_addr_intlibspace.o
       138          0          0          0          0         68   rt_memcpy_v6.o
       100          0          0          0          0         80   rt_memcpy_w.o
         2          0          0          0          0          0   rtexit.o
        10          0          0          0          0          0   rtexit2.o
        12          4          0          0          0         68   sys_exit.o
        74          0          0          0          0         80   sys_stackheap_outer.o
         2          0          0          0          0         68   use_no_semi.o
        24          0          0          0          0        164   basic.o
        98          4          0          0          0        140   d2f.o
       826         16          0          0          0        492   daddsub_clz.o
       688        140          0          0          0        256   ddiv.o
       340         12          0          0          0        152   dmul.o
       156          4          0          0          0        140   dnaninf.o
       336         12          0          0          0        136   drem_clz.o
        12          0          0          0          0        116   dretinf.o
       408         56          0          0          0        168   dsqrt_umaal.o
        86          4          0          0          0        132   f2d.o
       140          4          0          0          0        132   fnaninf.o
        10          0          0          0          0        116   fpinit.o
        10          0          0          0          0        116   fretinf.o
         0          0          0          0          0          0   usenofp.o
       744        106        152          0          0        352   atan.o
       496         64          0          0          0        192   atan2.o
       104         16          0          0          0        496   dunder.o
        24          0          0          0          0        124   fabs.o
       260          6          0          0          0        144   fmod.o
        48          0          0          0          0        124   fpclassify.o
       248          0          0          0          0        152   poly.o
         0          0          8          0          0          0   qnan.o
       122          0          0          0          0        148   sqrt.o

    ----------------------------------------------------------------------
      5746        464        160          0        100       4892   Library Totals
        22          0          0          0          4          0   (incl. Padding)

    ----------------------------------------------------------------------

      Code (inc. data)   RO Data    RW Data    ZI Data      Debug   Library Name

       544         20          0          0         96        900   c_w.l
      3134        252          0          0          0       2260   fz_wm.l
      2046        192        160          0          0       1732   m_wm.l

    ----------------------------------------------------------------------
      5746        464        160          0        100       4892   Library Totals

    ----------------------------------------------------------------------

==============================================================================


      Code (inc. data)   RO Data    RW Data    ZI Data      Debug   

     20456       1008        584         80       6008     367280   Grand Totals
     20456       1008        584         80       6008     367280   ELF Image Totals
     20456       1008        584         80          0          0   ROM Totals

==============================================================================

    Total RO  Size (Code + RO Data)                21040 (  20.55kB)
    Total RW  Size (RW Data + ZI Data)              6088 (   5.95kB)
    Total ROM Size (Code + RO Data + RW Data)      21120 (  20.63kB)

==============================================================================

